14:18:42 **** Incremental Build of configuration Debug for project CANBOX_YB103_fuel ****
make -j8 all 
arm-none-eabi-gcc "../Core/Src/freertos.c" -mcpu=cortex-m3 -std=gnu11 -g1 -DDEBUG -DUSE_HAL_DRIVER -DSTM32F105xC -c -I../Core/Inc -I"D:/work/YB103-Fixture/YB103-Fixture-fuel/YB103/Service/GPIO" -I"D:/work/YB103-Fixture/YB103-Fixture-fuel/YB103/User/UserTimer" -I"D:/work/YB103-Fixture/YB103-Fixture-fuel/YB103/APP" -I"D:/work/YB103-Fixture/YB103-Fixture-fuel/YB103/APP/adc" -I"D:/work/YB103-Fixture/YB103-Fixture-fuel/YB103/APP/can" -I"D:/work/YB103-Fixture/YB103-Fixture-fuel/YB103/APP/config" -I"D:/work/YB103-Fixture/YB103-Fixture-fuel/YB103/APP/key" -I"D:/work/YB103-Fixture/YB103-Fixture-fuel/YB103/APP/key/inc" -I"D:/work/YB103-Fixture/YB103-Fixture-fuel/YB103/APP/lcd12864" -I"D:/work/YB103-Fixture/YB103-Fixture-fuel/YB103/APP/lin" -I"D:/work/YB103-Fixture/YB103-Fixture-fuel/YB103/Service/Service_CanComm" -I../Drivers/STM32F1xx_HAL_Driver/Inc/Legacy -I../Drivers/STM32F1xx_HAL_Driver/Inc -I../Drivers/CMSIS/Device/ST/STM32F1xx/Include -I../Drivers/CMSIS/Include -I../Middlewares/Third_Party/FreeRTOS/Source/include -I../Middlewares/Third_Party/FreeRTOS/Source/CMSIS_RTOS -I../Middlewares/Third_Party/FreeRTOS/Source/portable/GCC/ARM_CM3 -Og -ffunction-sections -fdata-sections -Wall -fstack-usage -fcyclomatic-complexity -MMD -MP -MF"Core/Src/freertos.d" -MT"Core/Src/freertos.o" --specs=nano.specs -mfloat-abi=soft -mthumb -o "Core/Src/freertos.o"
arm-none-eabi-gcc "../Core/Src/main.c" -mcpu=cortex-m3 -std=gnu11 -g1 -DDEBUG -DUSE_HAL_DRIVER -DSTM32F105xC -c -I../Core/Inc -I"D:/work/YB103-Fixture/YB103-Fixture-fuel/YB103/Service/GPIO" -I"D:/work/YB103-Fixture/YB103-Fixture-fuel/YB103/User/UserTimer" -I"D:/work/YB103-Fixture/YB103-Fixture-fuel/YB103/APP" -I"D:/work/YB103-Fixture/YB103-Fixture-fuel/YB103/APP/adc" -I"D:/work/YB103-Fixture/YB103-Fixture-fuel/YB103/APP/can" -I"D:/work/YB103-Fixture/YB103-Fixture-fuel/YB103/APP/config" -I"D:/work/YB103-Fixture/YB103-Fixture-fuel/YB103/APP/key" -I"D:/work/YB103-Fixture/YB103-Fixture-fuel/YB103/APP/key/inc" -I"D:/work/YB103-Fixture/YB103-Fixture-fuel/YB103/APP/lcd12864" -I"D:/work/YB103-Fixture/YB103-Fixture-fuel/YB103/APP/lin" -I"D:/work/YB103-Fixture/YB103-Fixture-fuel/YB103/Service/Service_CanComm" -I../Drivers/STM32F1xx_HAL_Driver/Inc/Legacy -I../Drivers/STM32F1xx_HAL_Driver/Inc -I../Drivers/CMSIS/Device/ST/STM32F1xx/Include -I../Drivers/CMSIS/Include -I../Middlewares/Third_Party/FreeRTOS/Source/include -I../Middlewares/Third_Party/FreeRTOS/Source/CMSIS_RTOS -I../Middlewares/Third_Party/FreeRTOS/Source/portable/GCC/ARM_CM3 -Og -ffunction-sections -fdata-sections -Wall -fstack-usage -fcyclomatic-complexity -MMD -MP -MF"Core/Src/main.d" -MT"Core/Src/main.o" --specs=nano.specs -mfloat-abi=soft -mthumb -o "Core/Src/main.o"
arm-none-eabi-gcc "../APP/lin/lin.c" -mcpu=cortex-m3 -std=gnu11 -g1 -DDEBUG -DUSE_HAL_DRIVER -DSTM32F105xC -c -I../Core/Inc -I"D:/work/YB103-Fixture/YB103-Fixture-fuel/YB103/Service/GPIO" -I"D:/work/YB103-Fixture/YB103-Fixture-fuel/YB103/User/UserTimer" -I"D:/work/YB103-Fixture/YB103-Fixture-fuel/YB103/APP" -I"D:/work/YB103-Fixture/YB103-Fixture-fuel/YB103/APP/adc" -I"D:/work/YB103-Fixture/YB103-Fixture-fuel/YB103/APP/can" -I"D:/work/YB103-Fixture/YB103-Fixture-fuel/YB103/APP/config" -I"D:/work/YB103-Fixture/YB103-Fixture-fuel/YB103/APP/key" -I"D:/work/YB103-Fixture/YB103-Fixture-fuel/YB103/APP/key/inc" -I"D:/work/YB103-Fixture/YB103-Fixture-fuel/YB103/APP/lcd12864" -I"D:/work/YB103-Fixture/YB103-Fixture-fuel/YB103/APP/lin" -I"D:/work/YB103-Fixture/YB103-Fixture-fuel/YB103/Service/Service_CanComm" -I../Drivers/STM32F1xx_HAL_Driver/Inc/Legacy -I../Drivers/STM32F1xx_HAL_Driver/Inc -I../Drivers/CMSIS/Device/ST/STM32F1xx/Include -I../Drivers/CMSIS/Include -I../Middlewares/Third_Party/FreeRTOS/Source/include -I../Middlewares/Third_Party/FreeRTOS/Source/CMSIS_RTOS -I../Middlewares/Third_Party/FreeRTOS/Source/portable/GCC/ARM_CM3 -Og -ffunction-sections -fdata-sections -Wall -fstack-usage -fcyclomatic-complexity -MMD -MP -MF"APP/lin/lin.d" -MT"APP/lin/lin.o" --specs=nano.specs -mfloat-abi=soft -mthumb -o "APP/lin/lin.o"
arm-none-eabi-gcc "../APP/lcd12864/lcd.c" -mcpu=cortex-m3 -std=gnu11 -g1 -DDEBUG -DUSE_HAL_DRIVER -DSTM32F105xC -c -I../Core/Inc -I"D:/work/YB103-Fixture/YB103-Fixture-fuel/YB103/Service/GPIO" -I"D:/work/YB103-Fixture/YB103-Fixture-fuel/YB103/User/UserTimer" -I"D:/work/YB103-Fixture/YB103-Fixture-fuel/YB103/APP" -I"D:/work/YB103-Fixture/YB103-Fixture-fuel/YB103/APP/adc" -I"D:/work/YB103-Fixture/YB103-Fixture-fuel/YB103/APP/can" -I"D:/work/YB103-Fixture/YB103-Fixture-fuel/YB103/APP/config" -I"D:/work/YB103-Fixture/YB103-Fixture-fuel/YB103/APP/key" -I"D:/work/YB103-Fixture/YB103-Fixture-fuel/YB103/APP/key/inc" -I"D:/work/YB103-Fixture/YB103-Fixture-fuel/YB103/APP/lcd12864" -I"D:/work/YB103-Fixture/YB103-Fixture-fuel/YB103/APP/lin" -I"D:/work/YB103-Fixture/YB103-Fixture-fuel/YB103/Service/Service_CanComm" -I../Drivers/STM32F1xx_HAL_Driver/Inc/Legacy -I../Drivers/STM32F1xx_HAL_Driver/Inc -I../Drivers/CMSIS/Device/ST/STM32F1xx/Include -I../Drivers/CMSIS/Include -I../Middlewares/Third_Party/FreeRTOS/Source/include -I../Middlewares/Third_Party/FreeRTOS/Source/CMSIS_RTOS -I../Middlewares/Third_Party/FreeRTOS/Source/portable/GCC/ARM_CM3 -Og -ffunction-sections -fdata-sections -Wall -fstack-usage -fcyclomatic-complexity -MMD -MP -MF"APP/lcd12864/lcd.d" -MT"APP/lcd12864/lcd.o" --specs=nano.specs -mfloat-abi=soft -mthumb -o "APP/lcd12864/lcd.o"
arm-none-eabi-gcc "../APP/lcd12864/lcd12864.c" -mcpu=cortex-m3 -std=gnu11 -g1 -DDEBUG -DUSE_HAL_DRIVER -DSTM32F105xC -c -I../Core/Inc -I"D:/work/YB103-Fixture/YB103-Fixture-fuel/YB103/Service/GPIO" -I"D:/work/YB103-Fixture/YB103-Fixture-fuel/YB103/User/UserTimer" -I"D:/work/YB103-Fixture/YB103-Fixture-fuel/YB103/APP" -I"D:/work/YB103-Fixture/YB103-Fixture-fuel/YB103/APP/adc" -I"D:/work/YB103-Fixture/YB103-Fixture-fuel/YB103/APP/can" -I"D:/work/YB103-Fixture/YB103-Fixture-fuel/YB103/APP/config" -I"D:/work/YB103-Fixture/YB103-Fixture-fuel/YB103/APP/key" -I"D:/work/YB103-Fixture/YB103-Fixture-fuel/YB103/APP/key/inc" -I"D:/work/YB103-Fixture/YB103-Fixture-fuel/YB103/APP/lcd12864" -I"D:/work/YB103-Fixture/YB103-Fixture-fuel/YB103/APP/lin" -I"D:/work/YB103-Fixture/YB103-Fixture-fuel/YB103/Service/Service_CanComm" -I../Drivers/STM32F1xx_HAL_Driver/Inc/Legacy -I../Drivers/STM32F1xx_HAL_Driver/Inc -I../Drivers/CMSIS/Device/ST/STM32F1xx/Include -I../Drivers/CMSIS/Include -I../Middlewares/Third_Party/FreeRTOS/Source/include -I../Middlewares/Third_Party/FreeRTOS/Source/CMSIS_RTOS -I../Middlewares/Third_Party/FreeRTOS/Source/portable/GCC/ARM_CM3 -Og -ffunction-sections -fdata-sections -Wall -fstack-usage -fcyclomatic-complexity -MMD -MP -MF"APP/lcd12864/lcd12864.d" -MT"APP/lcd12864/lcd12864.o" --specs=nano.specs -mfloat-abi=soft -mthumb -o "APP/lcd12864/lcd12864.o"
arm-none-eabi-gcc "../APP/lcd12864/lcd12864_def.c" -mcpu=cortex-m3 -std=gnu11 -g1 -DDEBUG -DUSE_HAL_DRIVER -DSTM32F105xC -c -I../Core/Inc -I"D:/work/YB103-Fixture/YB103-Fixture-fuel/YB103/Service/GPIO" -I"D:/work/YB103-Fixture/YB103-Fixture-fuel/YB103/User/UserTimer" -I"D:/work/YB103-Fixture/YB103-Fixture-fuel/YB103/APP" -I"D:/work/YB103-Fixture/YB103-Fixture-fuel/YB103/APP/adc" -I"D:/work/YB103-Fixture/YB103-Fixture-fuel/YB103/APP/can" -I"D:/work/YB103-Fixture/YB103-Fixture-fuel/YB103/APP/config" -I"D:/work/YB103-Fixture/YB103-Fixture-fuel/YB103/APP/key" -I"D:/work/YB103-Fixture/YB103-Fixture-fuel/YB103/APP/key/inc" -I"D:/work/YB103-Fixture/YB103-Fixture-fuel/YB103/APP/lcd12864" -I"D:/work/YB103-Fixture/YB103-Fixture-fuel/YB103/APP/lin" -I"D:/work/YB103-Fixture/YB103-Fixture-fuel/YB103/Service/Service_CanComm" -I../Drivers/STM32F1xx_HAL_Driver/Inc/Legacy -I../Drivers/STM32F1xx_HAL_Driver/Inc -I../Drivers/CMSIS/Device/ST/STM32F1xx/Include -I../Drivers/CMSIS/Include -I../Middlewares/Third_Party/FreeRTOS/Source/include -I../Middlewares/Third_Party/FreeRTOS/Source/CMSIS_RTOS -I../Middlewares/Third_Party/FreeRTOS/Source/portable/GCC/ARM_CM3 -Og -ffunction-sections -fdata-sections -Wall -fstack-usage -fcyclomatic-complexity -MMD -MP -MF"APP/lcd12864/lcd12864_def.d" -MT"APP/lcd12864/lcd12864_def.o" --specs=nano.specs -mfloat-abi=soft -mthumb -o "APP/lcd12864/lcd12864_def.o"
../Core/Src/freertos.c: In function 'task0_task':
../Core/Src/freertos.c:240:11: warning: dereferencing 'void *' pointer
  240 |     (void)*argument;
      |           ^~~~~~~~~
../Core/Src/freertos.c: In function 'task1_task':
../Core/Src/freertos.c:256:11: warning: dereferencing 'void *' pointer
  256 |     (void)*argument;
      |           ^~~~~~~~~
../Core/Src/freertos.c: In function 'task2_task':
../Core/Src/freertos.c:274:11: warning: dereferencing 'void *' pointer
  274 |     (void)*argument;
      |           ^~~~~~~~~
../Core/Src/freertos.c:282:30: warning: implicit declaration of function 'GetItemValue' [-Wimplicit-function-declaration]
  282 |             key_value_cnt != GetItemValue(GetMenuIndex(), GetItemIndex(), 0)) {
      |                              ^~~~~~~~~~~~
arm-none-eabi-gcc "../APP/key/src/key.c" -mcpu=cortex-m3 -std=gnu11 -g1 -DDEBUG -DUSE_HAL_DRIVER -DSTM32F105xC -c -I../Core/Inc -I"D:/work/YB103-Fixture/YB103-Fixture-fuel/YB103/Service/GPIO" -I"D:/work/YB103-Fixture/YB103-Fixture-fuel/YB103/User/UserTimer" -I"D:/work/YB103-Fixture/YB103-Fixture-fuel/YB103/APP" -I"D:/work/YB103-Fixture/YB103-Fixture-fuel/YB103/APP/adc" -I"D:/work/YB103-Fixture/YB103-Fixture-fuel/YB103/APP/can" -I"D:/work/YB103-Fixture/YB103-Fixture-fuel/YB103/APP/config" -I"D:/work/YB103-Fixture/YB103-Fixture-fuel/YB103/APP/key" -I"D:/work/YB103-Fixture/YB103-Fixture-fuel/YB103/APP/key/inc" -I"D:/work/YB103-Fixture/YB103-Fixture-fuel/YB103/APP/lcd12864" -I"D:/work/YB103-Fixture/YB103-Fixture-fuel/YB103/APP/lin" -I"D:/work/YB103-Fixture/YB103-Fixture-fuel/YB103/Service/Service_CanComm" -I../Drivers/STM32F1xx_HAL_Driver/Inc/Legacy -I../Drivers/STM32F1xx_HAL_Driver/Inc -I../Drivers/CMSIS/Device/ST/STM32F1xx/Include -I../Drivers/CMSIS/Include -I../Middlewares/Third_Party/FreeRTOS/Source/include -I../Middlewares/Third_Party/FreeRTOS/Source/CMSIS_RTOS -I../Middlewares/Third_Party/FreeRTOS/Source/portable/GCC/ARM_CM3 -Og -ffunction-sections -fdata-sections -Wall -fstack-usage -fcyclomatic-complexity -MMD -MP -MF"APP/key/src/key.d" -MT"APP/key/src/key.o" --specs=nano.specs -mfloat-abi=soft -mthumb -o "APP/key/src/key.o"
../Core/Src/freertos.c:283:13: warning: implicit declaration of function 'SaveItemValue' [-Wimplicit-function-declaration]
  283 |             SaveItemValue(key_menu_cnt,key_item_cnt,key_value_cnt);
      |             ^~~~~~~~~~~~~
../Core/Src/freertos.c: In function 'task3_task':
../Core/Src/freertos.c:300:11: warning: dereferencing 'void *' pointer
  300 |     (void)*argument;
      |           ^~~~~~~~~
In file included from ../APP/lin/lin.c:14:
../APP/lin/lin.h:137:13: warning: 'lin_gpio_init' declared 'static' but never defined [-Wunused-function]
  137 | static void lin_gpio_init(void);
      |             ^~~~~~~~~~~~~
../APP/lin/lin.h:138:13: warning: 'lin_uart_init' declared 'static' but never defined [-Wunused-function]
  138 | static void lin_uart_init(void);
      |             ^~~~~~~~~~~~~
../APP/lcd12864/lcd.c: In function 'LCD_ShowNum':
../APP/lcd12864/lcd.c:190:14: warning: implicit declaration of function 'abs' [-Wimplicit-function-declaration]
  190 |         num =abs(num);
      |              ^~~
../APP/lcd12864/lcd.c:18:1: note: include '<stdlib.h>' or provide a declaration of 'abs'
   17 | #include "lcd12864.h"
  +++ |+#include <stdlib.h>
   18 | #include "lcd12864_enum.h"
arm-none-eabi-gcc "../APP/can/dbc_can_core.c" -mcpu=cortex-m3 -std=gnu11 -g1 -DDEBUG -DUSE_HAL_DRIVER -DSTM32F105xC -c -I../Core/Inc -I"D:/work/YB103-Fixture/YB103-Fixture-fuel/YB103/Service/GPIO" -I"D:/work/YB103-Fixture/YB103-Fixture-fuel/YB103/User/UserTimer" -I"D:/work/YB103-Fixture/YB103-Fixture-fuel/YB103/APP" -I"D:/work/YB103-Fixture/YB103-Fixture-fuel/YB103/APP/adc" -I"D:/work/YB103-Fixture/YB103-Fixture-fuel/YB103/APP/can" -I"D:/work/YB103-Fixture/YB103-Fixture-fuel/YB103/APP/config" -I"D:/work/YB103-Fixture/YB103-Fixture-fuel/YB103/APP/key" -I"D:/work/YB103-Fixture/YB103-Fixture-fuel/YB103/APP/key/inc" -I"D:/work/YB103-Fixture/YB103-Fixture-fuel/YB103/APP/lcd12864" -I"D:/work/YB103-Fixture/YB103-Fixture-fuel/YB103/APP/lin" -I"D:/work/YB103-Fixture/YB103-Fixture-fuel/YB103/Service/Service_CanComm" -I../Drivers/STM32F1xx_HAL_Driver/Inc/Legacy -I../Drivers/STM32F1xx_HAL_Driver/Inc -I../Drivers/CMSIS/Device/ST/STM32F1xx/Include -I../Drivers/CMSIS/Include -I../Middlewares/Third_Party/FreeRTOS/Source/include -I../Middlewares/Third_Party/FreeRTOS/Source/CMSIS_RTOS -I../Middlewares/Third_Party/FreeRTOS/Source/portable/GCC/ARM_CM3 -Og -ffunction-sections -fdata-sections -Wall -fstack-usage -fcyclomatic-complexity -MMD -MP -MF"APP/can/dbc_can_core.d" -MT"APP/can/dbc_can_core.o" --specs=nano.specs -mfloat-abi=soft -mthumb -o "APP/can/dbc_can_core.o"
../APP/lcd12864/lcd12864.c: In function 'LCD_IHU_3_item':
../APP/lcd12864/lcd12864.c:1126:5: warning: implicit declaration of function 'write_com' [-Wimplicit-function-declaration]
 1126 |     write_com(0x83);
      |     ^~~~~~~~~
../APP/lcd12864/lcd12864.c:1127:5: warning: implicit declaration of function 'hzkdis' [-Wimplicit-function-declaration]
 1127 |     hzkdis(IHU_3Item[item]);
      |     ^~~~~~
../APP/lcd12864/lcd12864.c:1129:9: warning: implicit declaration of function 'strcmp' [-Wimplicit-function-declaration]
 1129 |     if (strcmp(IHU_3Value[item][0], "") != 0) {
      |         ^~~~~~
../APP/lcd12864/lcd12864.c:3:1: note: include '<string.h>' or provide a declaration of 'strcmp'
    2 | #include "lcd12864.h"
  +++ |+#include <string.h>
    3 | 
../APP/lcd12864/lcd12864.c:1132:9: warning: implicit declaration of function 'LCD_ShowNum' [-Wimplicit-function-declaration]
 1132 |         LCD_ShowNum(g_IHU_3[item]);
      |         ^~~~~~~~~~~
../APP/lcd12864/lcd12864.c:1148:9: warning: implicit declaration of function 'CanIl_SendEventMsg' [-Wimplicit-function-declaration]
 1148 |         CanIl_SendEventMsg(IHU_3);
      |         ^~~~~~~~~~~~~~~~~~
../APP/lcd12864/lcd12864.c: In function 'LCD_IC_1_item':
../APP/lcd12864/lcd12864.c:1665:9: warning: implicit declaration of function 'LCD_Show32Num' [-Wimplicit-function-declaration]
 1665 |         LCD_Show32Num(g_IC_1[item]);
      |         ^~~~~~~~~~~~~
In file included from ../APP/key/src/key.c:12:
D:/work/YB103-Fixture/YB103-Fixture-fuel/YB103/APP/key/inc/key_class.h:11: warning: "BEGIN_KEY" redefined
   11 | #define BEGIN_KEY   static KEY_VAL stKeyValue[KEY_MAX] = {
      | 
In file included from ../APP/key/src/key.c:9:
D:/work/YB103-Fixture/YB103-Fixture-fuel/YB103/APP/key/inc/key_class.h:21: note: this is the location of the previous definition
   21 | #define BEGIN_KEY   enum eKEY_DEF{
      | 
D:/work/YB103-Fixture/YB103-Fixture-fuel/YB103/APP/key/inc/key_class.h:12: warning: "KEY_DEF" redefined
   12 | #define KEY_DEF(id, channel, AdcValue, KeySts)     {channel, AdcValue, KeySts},
      | 
D:/work/YB103-Fixture/YB103-Fixture-fuel/YB103/APP/key/inc/key_class.h:22: note: this is the location of the previous definition
   22 | #define KEY_DEF(id, channel, AdcValue, KeySts)     id,
      | 
D:/work/YB103-Fixture/YB103-Fixture-fuel/YB103/APP/key/inc/key_class.h:13: warning: "END_KEY" redefined
   13 | #define END_KEY     };
      | 
D:/work/YB103-Fixture/YB103-Fixture-fuel/YB103/APP/key/inc/key_class.h:23: note: this is the location of the previous definition
   23 | #define END_KEY     KEY_MAX};
      | 
../APP/key/src/key.c: In function 'ShortPress':
../APP/key/src/key.c:98:28: warning: implicit declaration of function 'GetItemMAXItem' [-Wimplicit-function-declaration]
   98 |         uint8_t max_item = GetItemMAXItem(key_menu_cnt);
      |                            ^~~~~~~~~~~~~~
../APP/key/src/key.c:99:30: warning: implicit declaration of function 'GetItemMAXValue'; did you mean 'GetItem32BitValue'? [-Wimplicit-function-declaration]
   99 |         uint16_t max_value = GetItemMAXValue(key_menu_cnt, key_item_cnt);
      |                              ^~~~~~~~~~~~~~~
      |                              GetItem32BitValue
../APP/key/src/key.c:114:42: warning: implicit declaration of function 'GetItemValue' [-Wimplicit-function-declaration]
  114 |                         key_value_cnt  = GetItemValue(key_menu_cnt, key_item_cnt, 0);
      |                                          ^~~~~~~~~~~~
../APP/key/src/key.c:132:25: warning: implicit declaration of function 'Can_SendSts_Control' [-Wimplicit-function-declaration]
  132 |                         Can_SendSts_Control(Can_Send_Sts);
      |                         ^~~~~~~~~~~~~~~~~~~
../APP/key/src/key.c:159:21: warning: implicit declaration of function 'ItemValueLimit' [-Wimplicit-function-declaration]
  159 |                 if (ItemValueLimit(key_menu_cnt, key_item_cnt))
      |                     ^~~~~~~~~~~~~~
../APP/key/src/key.c:100:24: warning: unused variable 'last_key_value_cnt' [-Wunused-variable]
  100 |         static uint8_t last_key_value_cnt = 0;
      |                        ^~~~~~~~~~~~~~~~~~
../APP/key/src/key.c: At top level:
../APP/key/src/key.c:22:16: warning: 'radio_key_value' defined but not used [-Wunused-variable]
   22 | static uint8_t radio_key_value = KEY_SNA;
      |                ^~~~~~~~~~~~~~~
../APP/key/src/key.c:21:16: warning: 'button_key_value' defined but not used [-Wunused-variable]
   21 | static uint8_t button_key_value = KEY_SNA;
      |                ^~~~~~~~~~~~~~~~
../APP/key/src/key.c:20:16: warning: 'swc_key_value' defined but not used [-Wunused-variable]
   20 | static uint8_t swc_key_value  = KEY_SNA;
      |                ^~~~~~~~~~~~~
../APP/can/dbc_can_core.c: In function 'Can_SendSts_Control':
../APP/can/dbc_can_core.c:64:9: warning: implicit declaration of function 'delay_us' [-Wimplicit-function-declaration]
   64 |         delay_us(100);
      |         ^~~~~~~~
../APP/can/dbc_can_core.c: In function 'App_Init':
../APP/can/dbc_can_core.c:71:40: warning: passing argument 1 of 'Svc_CanCommUpInf_TxConfigTableInit' discards 'const' qualifier from pointer target type [-Wdiscarded-qualifiers]
   71 |     Svc_CanCommUpInf_TxConfigTableInit(CanTransmitConfig_Table);
      |                                        ^~~~~~~~~~~~~~~~~~~~~~~
../APP/can/dbc_can_core.c:13:72: note: expected 'CanTransmitConfig_t *' but argument is of type 'const CanTransmitConfig_t *'
   13 | static uint8_t Svc_CanCommUpInf_TxConfigTableInit(CanTransmitConfig_t *p_TxTable)
      |                                                   ~~~~~~~~~~~~~~~~~~~~~^~~~~~~~~
arm-none-eabi-gcc -o "CANBOX_YB103_fuel.elf" @"objects.list"   -mcpu=cortex-m3 -T"D:\work\YB103-Fixture\YB103-Fixture-fuel\YB103\STM32F105RBTX_FLASH.ld" --specs=nosys.specs -Wl,-Map="CANBOX_YB103_fuel.map" -Wl,--gc-sections -static --specs=nano.specs -mfloat-abi=soft -mthumb -u _printf_float -u _scanf_float -Wl,--start-group -lc -lm -Wl,--end-group
Finished building target: CANBOX_YB103_fuel.elf
 
arm-none-eabi-size  CANBOX_YB103_fuel.elf 
arm-none-eabi-objdump -h -S CANBOX_YB103_fuel.elf  > "CANBOX_YB103_fuel.list"
   text	   data	    bss	    dec	    hex	filename
  72116	  33384	  15816	 121316	  1d9e4	CANBOX_YB103_fuel.elf
Finished building: default.size.stdout
 
Finished building: CANBOX_YB103_fuel.list
 

14:18:47 Build Finished. 0 errors, 29 warnings. (took 4s.536ms)

