../Core/Src/freertos.c:206:6:StartDefaultTask	8	static
../Core/Src/freertos.c:219:6:heartbeat_task	8	static
../Core/Src/freertos.c:239:6:task0_task	8	static
../Core/Src/freertos.c:255:6:task1_task	8	static
../Core/Src/freertos.c:273:6:task2_task	16	static
../Core/Src/freertos.c:333:6:task3_task	16	static
../Core/Src/freertos.c:92:13:vApplicationTickHook	0	static
../Core/Src/freertos.c:103:13:vApplicationStackOverflowHook	0	static
../Core/Src/freertos.c:112:13:vApplicationMallocFailedHook	0	static
../Core/Src/freertos.c:131:6:vApplicationGetIdleTaskMemory	0	static
../Core/Src/freertos.c:145:6:MX_FREERTOS_Init	208	static
../Core/Src/freertos.c:402:6:CanReceiveFunction	24	static
