../Core/Src/usart.c:35:6:_sys_exit	0	static
D:\software\STM32CubeIDE_1.18.1\STM32CubeIDE\plugins\com.st.stm32cube.ide.mcu.externaltools.gnu-tools-for-stm32.13.3.rel1.win32_1.0.0.202411081344\tools\bin/../lib/gcc/arm-none-eabi/13.3.1/../../../../arm-none-eabi/include/stdio.h:220:5:fputc	0	static
../Core/Src/usart.c:55:6:MX_UART4_Init	8	static
../Core/Src/usart.c:83:6:MX_UART5_Init	8	static
../Core/Src/usart.c:112:6:MX_USART2_UART_Init	8	static
../Core/Src/usart.c:139:6:HAL_UART_MspInit	64	static
../Core/Src/usart.c:263:6:HAL_UART_MspDeInit	8	static
