../APP/lcd12864/lcd.c:20:6:delay_us	0	static,ignoring_inline_asm
../APP/lcd12864/lcd.c:33:6:delay	16	static
../APP/lcd12864/lcd.c:72:6:lcd_hw_Init	48	static
../APP/lcd12864/lcd.c:148:6:sendbyte	0	static
../APP/lcd12864/lcd.c:125:6:write_com	8	static
../APP/lcd12864/lcd.c:136:6:write_data	8	static
../APP/lcd12864/lcd.c:170:6:hzkdis	8	static
../APP/lcd12864/lcd.c:180:6:LCD_ShowNumWithTwoDecimals	32	static
../APP/lcd12864/lcd.c:222:6:LCD_ShowNum	24	static
../APP/lcd12864/lcd.c:260:6:LCD_Show32Num	48	static
../APP/lcd12864/lcd.c:319:6:LCD_ShowHex	8	static
../APP/lcd12864/lcd.c:342:6:LCD_ShowAscii	8	static
../APP/lcd12864/lcd.c:347:6:Cls_screen	8	static
../APP/lcd12864/lcd.c:354:14:GetMenuIndex	0	static
../APP/lcd12864/lcd.c:359:9:GetItemIndex	0	static
../APP/lcd12864/lcd.c:364:6:LCD_menu	16	static
../APP/lcd12864/lcd.c:391:9:LCD_Menu_Display	16	static
../APP/lcd12864/lcd.c:398:6:LCD_Show_CANSendClose	8	static
../APP/lcd12864/lcd.c:405:6:Page_0	8	static
../APP/lcd12864/lcd.c:108:6:lcd128_Init	8	static
