Archive member included to satisfy reference by file (symbol)

D:/software/STM32CubeIDE_1.18.1/STM32CubeIDE/plugins/com.st.stm32cube.ide.mcu.externaltools.gnu-tools-for-stm32.13.3.rel1.win32_1.0.0.202411081344/tools/bin/../lib/gcc/arm-none-eabi/13.3.1/../../../../arm-none-eabi/lib/thumb/v7-m/nofp\libc_nano.a(libc_a-exit.o)
                              D:/software/STM32CubeIDE_1.18.1/STM32CubeIDE/plugins/com.st.stm32cube.ide.mcu.externaltools.gnu-tools-for-stm32.13.3.rel1.win32_1.0.0.202411081344/tools/bin/../lib/gcc/arm-none-eabi/13.3.1/../../../../arm-none-eabi/lib/thumb/v7-m/nofp/crt0.o (exit)
D:/software/STM32CubeIDE_1.18.1/STM32CubeIDE/plugins/com.st.stm32cube.ide.mcu.externaltools.gnu-tools-for-stm32.13.3.rel1.win32_1.0.0.202411081344/tools/bin/../lib/gcc/arm-none-eabi/13.3.1/../../../../arm-none-eabi/lib/thumb/v7-m/nofp\libc_nano.a(libc_a-nano-vfprintf_float.o)
                              (_printf_float)
D:/software/STM32CubeIDE_1.18.1/STM32CubeIDE/plugins/com.st.stm32cube.ide.mcu.externaltools.gnu-tools-for-stm32.13.3.rel1.win32_1.0.0.202411081344/tools/bin/../lib/gcc/arm-none-eabi/13.3.1/../../../../arm-none-eabi/lib/thumb/v7-m/nofp\libc_nano.a(libc_a-nano-vfprintf_i.o)
                              D:/software/STM32CubeIDE_1.18.1/STM32CubeIDE/plugins/com.st.stm32cube.ide.mcu.externaltools.gnu-tools-for-stm32.13.3.rel1.win32_1.0.0.202411081344/tools/bin/../lib/gcc/arm-none-eabi/13.3.1/../../../../arm-none-eabi/lib/thumb/v7-m/nofp\libc_nano.a(libc_a-nano-vfprintf_float.o) (_printf_common)
D:/software/STM32CubeIDE_1.18.1/STM32CubeIDE/plugins/com.st.stm32cube.ide.mcu.externaltools.gnu-tools-for-stm32.13.3.rel1.win32_1.0.0.202411081344/tools/bin/../lib/gcc/arm-none-eabi/13.3.1/../../../../arm-none-eabi/lib/thumb/v7-m/nofp\libc_nano.a(libc_a-nano-vfscanf_float.o)
                              (_scanf_float)
D:/software/STM32CubeIDE_1.18.1/STM32CubeIDE/plugins/com.st.stm32cube.ide.mcu.externaltools.gnu-tools-for-stm32.13.3.rel1.win32_1.0.0.202411081344/tools/bin/../lib/gcc/arm-none-eabi/13.3.1/../../../../arm-none-eabi/lib/thumb/v7-m/nofp\libc_nano.a(libc_a-findfp.o)
                              D:/software/STM32CubeIDE_1.18.1/STM32CubeIDE/plugins/com.st.stm32cube.ide.mcu.externaltools.gnu-tools-for-stm32.13.3.rel1.win32_1.0.0.202411081344/tools/bin/../lib/gcc/arm-none-eabi/13.3.1/../../../../arm-none-eabi/lib/thumb/v7-m/nofp\libc_nano.a(libc_a-exit.o) (__stdio_exit_handler)
D:/software/STM32CubeIDE_1.18.1/STM32CubeIDE/plugins/com.st.stm32cube.ide.mcu.externaltools.gnu-tools-for-stm32.13.3.rel1.win32_1.0.0.202411081344/tools/bin/../lib/gcc/arm-none-eabi/13.3.1/../../../../arm-none-eabi/lib/thumb/v7-m/nofp\libc_nano.a(libc_a-fwalk.o)
                              D:/software/STM32CubeIDE_1.18.1/STM32CubeIDE/plugins/com.st.stm32cube.ide.mcu.externaltools.gnu-tools-for-stm32.13.3.rel1.win32_1.0.0.202411081344/tools/bin/../lib/gcc/arm-none-eabi/13.3.1/../../../../arm-none-eabi/lib/thumb/v7-m/nofp\libc_nano.a(libc_a-findfp.o) (_fwalk_sglue)
D:/software/STM32CubeIDE_1.18.1/STM32CubeIDE/plugins/com.st.stm32cube.ide.mcu.externaltools.gnu-tools-for-stm32.13.3.rel1.win32_1.0.0.202411081344/tools/bin/../lib/gcc/arm-none-eabi/13.3.1/../../../../arm-none-eabi/lib/thumb/v7-m/nofp\libc_nano.a(libc_a-printf.o)
                              ./Core/Src/adc.o (printf)
D:/software/STM32CubeIDE_1.18.1/STM32CubeIDE/plugins/com.st.stm32cube.ide.mcu.externaltools.gnu-tools-for-stm32.13.3.rel1.win32_1.0.0.202411081344/tools/bin/../lib/gcc/arm-none-eabi/13.3.1/../../../../arm-none-eabi/lib/thumb/v7-m/nofp\libc_nano.a(libc_a-puts.o)
                              ./Core/Src/adc.o (puts)
D:/software/STM32CubeIDE_1.18.1/STM32CubeIDE/plugins/com.st.stm32cube.ide.mcu.externaltools.gnu-tools-for-stm32.13.3.rel1.win32_1.0.0.202411081344/tools/bin/../lib/gcc/arm-none-eabi/13.3.1/../../../../arm-none-eabi/lib/thumb/v7-m/nofp\libc_nano.a(libc_a-sprintf.o)
                              ./Middlewares/Third_Party/FreeRTOS/Source/tasks.o (sprintf)
D:/software/STM32CubeIDE_1.18.1/STM32CubeIDE/plugins/com.st.stm32cube.ide.mcu.externaltools.gnu-tools-for-stm32.13.3.rel1.win32_1.0.0.202411081344/tools/bin/../lib/gcc/arm-none-eabi/13.3.1/../../../../arm-none-eabi/lib/thumb/v7-m/nofp\libc_nano.a(libc_a-stdio.o)
                              D:/software/STM32CubeIDE_1.18.1/STM32CubeIDE/plugins/com.st.stm32cube.ide.mcu.externaltools.gnu-tools-for-stm32.13.3.rel1.win32_1.0.0.202411081344/tools/bin/../lib/gcc/arm-none-eabi/13.3.1/../../../../arm-none-eabi/lib/thumb/v7-m/nofp\libc_nano.a(libc_a-findfp.o) (__sread)
D:/software/STM32CubeIDE_1.18.1/STM32CubeIDE/plugins/com.st.stm32cube.ide.mcu.externaltools.gnu-tools-for-stm32.13.3.rel1.win32_1.0.0.202411081344/tools/bin/../lib/gcc/arm-none-eabi/13.3.1/../../../../arm-none-eabi/lib/thumb/v7-m/nofp\libc_nano.a(libc_a-wbuf.o)
[...]
Memory Configuration

Name             Origin             Length             Attributes
RAM              0x20000000         0x00010000         xrw
FLASH            0x08000000         0x00020000         xr
*default*        0x00000000         0xffffffff

Linker script and memory map

LOAD D:/software/STM32CubeIDE_1.18.1/STM32CubeIDE/plugins/com.st.stm32cube.ide.mcu.externaltools.gnu-tools-for-stm32.13.3.rel1.win32_1.0.0.202411081344/tools/bin/../lib/gcc/arm-none-eabi/13.3.1/thumb/v7-m/nofp/crti.o
LOAD D:/software/STM32CubeIDE_1.18.1/STM32CubeIDE/plugins/com.st.stm32cube.ide.mcu.externaltools.gnu-tools-for-stm32.13.3.rel1.win32_1.0.0.202411081344/tools/bin/../lib/gcc/arm-none-eabi/13.3.1/thumb/v7-m/nofp/crtbegin.o
LOAD D:/software/STM32CubeIDE_1.18.1/STM32CubeIDE/plugins/com.st.stm32cube.ide.mcu.externaltools.gnu-tools-for-stm32.13.3.rel1.win32_1.0.0.202411081344/tools/bin/../lib/gcc/arm-none-eabi/13.3.1/../../../../arm-none-eabi/lib/thumb/v7-m/nofp/crt0.o
LOAD ./APP/adc/adc_app.o
LOAD ./APP/can/APP_CAN_CanMsgPar.o
LOAD ./APP/can/dbc_can_core.o
LOAD ./APP/key/key_app.o
LOAD ./APP/key/src/key.o
LOAD ./APP/lcd12864/lcd.o
LOAD ./APP/lcd12864/lcd12864.o
LOAD ./APP/lcd12864/lcd12864_def.o
LOAD ./APP/lin/lin.o
LOAD ./Core/Src/adc.o
LOAD ./Core/Src/can.o
LOAD ./Core/Src/dma.o
LOAD ./Core/Src/freertos.o
LOAD ./Core/Src/gpio.o
LOAD ./Core/Src/main.o
LOAD ./Core/Src/stm32f1xx_hal_msp.o
LOAD ./Core/Src/stm32f1xx_it.o
LOAD ./Core/Src/syscalls.o
LOAD ./Core/Src/sysmem.o
LOAD ./Core/Src/system_stm32f1xx.o
LOAD ./Core/Src/usart.o
LOAD ./Core/Startup/startup_stm32f105rbtx.o
LOAD ./Drivers/STM32F1xx_HAL_Driver/Src/stm32f1xx_hal.o
LOAD ./Drivers/STM32F1xx_HAL_Driver/Src/stm32f1xx_hal_adc.o
LOAD ./Drivers/STM32F1xx_HAL_Driver/Src/stm32f1xx_hal_adc_ex.o
LOAD ./Drivers/STM32F1xx_HAL_Driver/Src/stm32f1xx_hal_can.o
LOAD ./Drivers/STM32F1xx_HAL_Driver/Src/stm32f1xx_hal_cortex.o
LOAD ./Drivers/STM32F1xx_HAL_Driver/Src/stm32f1xx_hal_dma.o
LOAD ./Drivers/STM32F1xx_HAL_Driver/Src/stm32f1xx_hal_exti.o
LOAD ./Drivers/STM32F1xx_HAL_Driver/Src/stm32f1xx_hal_flash.o
LOAD ./Drivers/STM32F1xx_HAL_Driver/Src/stm32f1xx_hal_flash_ex.o
LOAD ./Drivers/STM32F1xx_HAL_Driver/Src/stm32f1xx_hal_gpio.o
LOAD ./Drivers/STM32F1xx_HAL_Driver/Src/stm32f1xx_hal_gpio_ex.o
LOAD ./Drivers/STM32F1xx_HAL_Driver/Src/stm32f1xx_hal_pwr.o
LOAD ./Drivers/STM32F1xx_HAL_Driver/Src/stm32f1xx_hal_rcc.o
LOAD ./Drivers/STM32F1xx_HAL_Driver/Src/stm32f1xx_hal_rcc_ex.o
LOAD ./Drivers/STM32F1xx_HAL_Driver/Src/stm32f1xx_hal_uart.o
LOAD ./Middlewares/Third_Party/FreeRTOS/Source/CMSIS_RTOS/cmsis_os.o
LOAD ./Middlewares/Third_Party/FreeRTOS/Source/croutine.o
LOAD ./Middlewares/Third_Party/FreeRTOS/Source/event_groups.o
LOAD ./Middlewares/Third_Party/FreeRTOS/Source/list.o
LOAD ./Middlewares/Third_Party/FreeRTOS/Source/queue.o
LOAD ./Middlewares/Third_Party/FreeRTOS/Source/stream_buffer.o
LOAD ./Middlewares/Third_Party/FreeRTOS/Source/tasks.o
LOAD ./Middlewares/Third_Party/FreeRTOS/Source/timers.o
LOAD ./Middlewares/Third_Party/FreeRTOS/Source/portable/GCC/ARM_CM3/port.o
LOAD ./Middlewares/Third_Party/FreeRTOS/Source/portable/MemMang/heap_4.o
LOAD ./Service/GPIO/GPIO_Service.o
LOAD ./Service/Service_CanComm/Service_CanComm_ccl.o
LOAD ./Service/Service_CanComm/Service_CanComm_il.o
LOAD ./User/UserTimer/UserTimer.o
LOAD ./User/UserTimer/UserTimer_App.o
START GROUP
LOAD D:/software/STM32CubeIDE_1.18.1/STM32CubeIDE/plugins/com.st.stm32cube.ide.mcu.externaltools.gnu-tools-for-stm32.13.3.rel1.win32_1.0.0.202411081344/tools/bin/../lib/gcc/arm-none-eabi/13.3.1/../../../../arm-none-eabi/lib/thumb/v7-m/nofp\libc_nano.a
LOAD D:/software/STM32CubeIDE_1.18.1/STM32CubeIDE/plugins/com.st.stm32cube.ide.mcu.externaltools.gnu-tools-for-stm32.13.3.rel1.win32_1.0.0.202411081344/tools/bin/../lib/gcc/arm-none-eabi/13.3.1/../../../../arm-none-eabi/lib/thumb/v7-m/nofp\libm.a
END GROUP
START GROUP
LOAD D:/software/STM32CubeIDE_1.18.1/STM32CubeIDE/plugins/com.st.stm32cube.ide.mcu.externaltools.gnu-tools-for-stm32.13.3.rel1.win32_1.0.0.202411081344/tools/bin/../lib/gcc/arm-none-eabi/13.3.1/thumb/v7-m/nofp\libgcc.a
LOAD D:/software/STM32CubeIDE_1.18.1/STM32CubeIDE/plugins/com.st.stm32cube.ide.mcu.externaltools.gnu-tools-for-stm32.13.3.rel1.win32_1.0.0.202411081344/tools/bin/../lib/gcc/arm-none-eabi/13.3.1/../../../../arm-none-eabi/lib/thumb/v7-m/nofp\libc_nano.a
END GROUP
START GROUP
LOAD D:/software/STM32CubeIDE_1.18.1/STM32CubeIDE/plugins/com.st.stm32cube.ide.mcu.externaltools.gnu-tools-for-stm32.13.3.rel1.win32_1.0.0.202411081344/tools/bin/../lib/gcc/arm-none-eabi/13.3.1/thumb/v7-m/nofp\libgcc.a
LOAD D:/software/STM32CubeIDE_1.18.1/STM32CubeIDE/plugins/com.st.stm32cube.ide.mcu.externaltools.gnu-tools-for-stm32.13.3.rel1.win32_1.0.0.202411081344/tools/bin/../lib/gcc/arm-none-eabi/13.3.1/../../../../arm-none-eabi/lib/thumb/v7-m/nofp\libc_nano.a
LOAD D:/software/STM32CubeIDE_1.18.1/STM32CubeIDE/plugins/com.st.stm32cube.ide.mcu.externaltools.gnu-tools-for-stm32.13.3.rel1.win32_1.0.0.202411081344/tools/bin/../lib/gcc/arm-none-eabi/13.3.1/../../../../arm-none-eabi/lib/thumb/v7-m/nofp\libnosys.a
END GROUP
START GROUP
LOAD D:/software/STM32CubeIDE_1.18.1/STM32CubeIDE/plugins/com.st.stm32cube.ide.mcu.externaltools.gnu-tools-for-stm32.13.3.rel1.win32_1.0.0.202411081344/tools/bin/../lib/gcc/arm-none-eabi/13.3.1/thumb/v7-m/nofp\libgcc.a
LOAD D:/software/STM32CubeIDE_1.18.1/STM32CubeIDE/plugins/com.st.stm32cube.ide.mcu.externaltools.gnu-tools-for-stm32.13.3.rel1.win32_1.0.0.202411081344/tools/bin/../lib/gcc/arm-none-eabi/13.3.1/../../../../arm-none-eabi/lib/thumb/v7-m/nofp\libc_nano.a
LOAD D:/software/STM32CubeIDE_1.18.1/STM32CubeIDE/plugins/com.st.stm32cube.ide.mcu.externaltools.gnu-tools-for-stm32.13.3.rel1.win32_1.0.0.202411081344/tools/bin/../lib/gcc/arm-none-eabi/13.3.1/../../../../arm-none-eabi/lib/thumb/v7-m/nofp\libnosys.a
END GROUP
LOAD D:/software/STM32CubeIDE_1.18.1/STM32CubeIDE/plugins/com.st.stm32cube.ide.mcu.externaltools.gnu-tools-for-stm32.13.3.rel1.win32_1.0.0.202411081344/tools/bin/../lib/gcc/arm-none-eabi/13.3.1/thumb/v7-m/nofp/crtend.o
LOAD D:/software/STM32CubeIDE_1.18.1/STM32CubeIDE/plugins/com.st.stm32cube.ide.mcu.externaltools.gnu-tools-for-stm32.13.3.rel1.win32_1.0.0.202411081344/tools/bin/../lib/gcc/arm-none-eabi/13.3.1/thumb/v7-m/nofp/crtn.o
                0x20010000                        _estack = (ORIGIN (RAM) + LENGTH (RAM))
                0x00000200                        _Min_Heap_Size = 0x200
                0x00000400                        _Min_Stack_Size = 0x400

.isr_vector     0x08000000      0x1e4
                0x08000000                        . = ALIGN (0x4)
 *(.isr_vector)
 .isr_vector    0x08000000      0x1e4 ./Core/Startup/startup_stm32f105rbtx.o
                0x08000000                g_pfnVectors
                0x080001e4                        . = ALIGN (0x4)

.text           0x080001f0     0xf8ec
                0x080001f0                        . = ALIGN (0x4)
 *(.text)
 .text          0x080001f0       0x40 D:/software/STM32CubeIDE_1.18.1/STM32CubeIDE/plugins/com.st.stm32cube.ide.mcu.externaltools.gnu-tools-for-stm32.13.3.rel1.win32_1.0.0.202411081344/tools/bin/../lib/gcc/arm-none-eabi/13.3.1/thumb/v7-m/nofp/crtbegin.o
 .text          0x08000230       0x10 D:/software/STM32CubeIDE_1.18.1/STM32CubeIDE/plugins/com.st.stm32cube.ide.mcu.externaltools.gnu-tools-for-stm32.13.3.rel1.win32_1.0.0.202411081344/tools/bin/../lib/gcc/arm-none-eabi/13.3.1/../../../../arm-none-eabi/lib/thumb/v7-m/nofp\libc_nano.a(libc_a-strlen.o)
                0x08000230                strlen
 .text          0x08000240      0x378 D:/software/STM32CubeIDE_1.18.1/STM32CubeIDE/plugins/com.st.stm32cube.ide.mcu.externaltools.gnu-tools-for-stm32.13.3.rel1.win32_1.0.0.202411081344/tools/bin/../lib/gcc/arm-none-eabi/13.3.1/thumb/v7-m/nofp\libgcc.a(_arm_addsubdf3.o)
                0x08000240                __aeabi_drsub
                0x08000248                __aeabi_dsub
                0x08000248                __subdf3
                0x0800024c                __aeabi_dadd
                0x0800024c                __adddf3
                0x080004c4                __floatunsidf
                0x080004c4                __aeabi_ui2d
                0x080004e4                __floatsidf
                0x080004e4                __aeabi_i2d
                0x08000508                __aeabi_f2d
                0x08000508                __extendsfdf2
                0x0800054c                __floatundidf
                0x0800054c                __aeabi_ul2d
                0x0800055c                __floatdidf
                0x0800055c                __aeabi_l2d
 .text          0x080005b8      0x424 D:/software/STM32CubeIDE_1.18.1/STM32CubeIDE/plugins/com.st.stm32cube.ide.mcu.externaltools.gnu-tools-for-stm32.13.3.rel1.win32_1.0.0.202411081344/tools/bin/../lib/gcc/arm-none-eabi/13.3.1/thumb/v7-m/nofp\libgcc.a(_arm_muldivdf3.o)
                0x080005b8                __aeabi_dmul
                0x080005b8                __muldf3
                0x0800080c                __divdf3
                0x0800080c                __aeabi_ddiv
 .text          0x080009dc      0x110 D:/software/STM32CubeIDE_1.18.1/STM32CubeIDE/plugins/com.st.stm32cube.ide.mcu.externaltools.gnu-tools-for-stm32.13.3.rel1.win32_1.0.0.202411081344/tools/bin/../lib/gcc/arm-none-eabi/13.3.1/thumb/v7-m/nofp\libgcc.a(_arm_cmpdf2.o)
                0x080009dc                __gtdf2
                0x080009dc                __gedf2
                0x080009e4                __ltdf2
                0x080009e4                __ledf2
                0x080009ec                __nedf2
                0x080009ec                __eqdf2
                0x080009ec                __cmpdf2
                0x08000a68                __aeabi_cdrcmple
                0x08000a78                __aeabi_cdcmpeq
                0x08000a78                __aeabi_cdcmple
                0x08000a88                __aeabi_dcmpeq
                0x08000a9c                __aeabi_dcmplt
                0x08000ab0                __aeabi_dcmple
                0x08000ac4                __aeabi_dcmpge
                0x08000ad8                __aeabi_dcmpgt
 .text          0x08000aec       0x2c D:/software/STM32CubeIDE_1.18.1/STM32CubeIDE/plugins/com.st.stm32cube.ide.mcu.externaltools.gnu-tools-for-stm32.13.3.rel1.win32_1.0.0.202411081344/tools/bin/../lib/gcc/arm-none-eabi/13.3.1/thumb/v7-m/nofp\libgcc.a(_arm_unorddf2.o)
                0x08000aec                __unorddf2
                0x08000aec                __aeabi_dcmpun
 .text          0x08000b18       0x50 D:/software/STM32CubeIDE_1.18.1/STM32CubeIDE/plugins/com.st.stm32cube.ide.mcu.externaltools.gnu-tools-for-stm32.13.3.rel1.win32_1.0.0.202411081344/tools/bin/../lib/gcc/arm-none-eabi/13.3.1/thumb/v7-m/nofp\libgcc.a(_arm_fixdfsi.o)
                0x08000b18                __aeabi_d2iz
                0x08000b18                __fixdfsi
 .text          0x08000b68       0x40 D:/software/STM32CubeIDE_1.18.1/STM32CubeIDE/plugins/com.st.stm32cube.ide.mcu.externaltools.gnu-tools-for-stm32.13.3.rel1.win32_1.0.0.202411081344/tools/bin/../lib/gcc/arm-none-eabi/13.3.1/thumb/v7-m/nofp\libgcc.a(_arm_fixunsdfsi.o)
                0x08000b68                __aeabi_d2uiz
                0x08000b68                __fixunsdfsi
 .text          0x08000ba8       0xa0 D:/software/STM32CubeIDE_1.18.1/STM32CubeIDE/plugins/com.st.stm32cube.ide.mcu.externaltools.gnu-tools-for-stm32.13.3.rel1.win32_1.0.0.202411081344/tools/bin/../lib/gcc/arm-none-eabi/13.3.1/thumb/v7-m/nofp\libgcc.a(_arm_truncdfsf2.o)
                0x08000ba8                __truncdfsf2
                0x08000ba8                __aeabi_d2f
 .text          0x08000c48       0x30 D:/software/STM32CubeIDE_1.18.1/STM32CubeIDE/plugins/com.st.stm32cube.ide.mcu.externaltools.gnu-tools-for-stm32.13.3.rel1.win32_1.0.0.202411081344/tools/bin/../lib/gcc/arm-none-eabi/13.3.1/thumb/v7-m/nofp\libgcc.a(_aeabi_uldivmod.o)
                0x08000c48                __aeabi_uldivmod
 .text          0x08000c78       0x30 D:/software/STM32CubeIDE_1.18.1/STM32CubeIDE/plugins/com.st.stm32cube.ide.mcu.externaltools.gnu-tools-for-stm32.13.3.rel1.win32_1.0.0.202411081344/tools/bin/../lib/gcc/arm-none-eabi/13.3.1/thumb/v7-m/nofp\libgcc.a(_fixdfdi.o)
                0x08000c78                __fixdfdi
                0x08000c78                __aeabi_d2lz
 .text          0x08000ca8       0x3c D:/software/STM32CubeIDE_1.18.1/STM32CubeIDE/plugins/com.st.stm32cube.ide.mcu.externaltools.gnu-tools-for-stm32.13.3.rel1.win32_1.0.0.202411081344/tools/bin/../lib/gcc/arm-none-eabi/13.3.1/thumb/v7-m/nofp\libgcc.a(_fixunsdfdi.o)
                0x08000ca8                __fixunsdfdi
                0x08000ca8                __aeabi_d2ulz
 .text          0x08000ce4      0x300 D:/software/STM32CubeIDE_1.18.1/STM32CubeIDE/plugins/com.st.stm32cube.ide.mcu.externaltools.gnu-tools-for-stm32.13.3.rel1.win32_1.0.0.202411081344/tools/bin/../lib/gcc/arm-none-eabi/13.3.1/thumb/v7-m/nofp\libgcc.a(_udivmoddi4.o)
                0x08000ce4                __udivmoddi4
 .text          0x08000fe4        0x4 D:/software/STM32CubeIDE_1.18.1/STM32CubeIDE/plugins/com.st.stm32cube.ide.mcu.externaltools.gnu-tools-for-stm32.13.3.rel1.win32_1.0.0.202411081344/tools/bin/../lib/gcc/arm-none-eabi/13.3.1/thumb/v7-m/nofp\libgcc.a(_dvmd_tls.o)
                0x08000fe4                __aeabi_idiv0
                0x08000fe4                __aeabi_ldiv0
 *(.text*)
 .text.Adc_SetCoverChl
                0x08000fe8       0x28 ./APP/adc/adc_app.o
 .text.ADC_SamplingProcess
                0x08001010       0x78 ./APP/adc/adc_app.o
                0x08001010                ADC_SamplingProcess
 .text.ADC_GetResValue
                0x08001088       0x10 ./APP/adc/adc_app.o
                0x08001088                ADC_GetResValue
 .text.Svc_CanCommUpInf_TxConfigTableInit
                0x08001098       0x14 ./APP/can/dbc_can_core.o
 .text.Svc_CanCommUpInf_TxConfigTableLenInit
                0x080010ac       0x14 ./APP/can/dbc_can_core.o
 .text.Service_CanComm_CanMsgTxStateBufferInit
                0x080010c0       0x14 ./APP/can/dbc_can_core.o
 .text.Can_SendSts_Control
                0x080010d4       0x48 ./APP/can/dbc_can_core.o
                0x080010d4                Can_SendSts_Control
 .text.App_Init
                0x0800111c       0x20 ./APP/can/dbc_can_core.o
                0x0800111c                App_Init
 .text.CanGetMsgSignal
                0x0800113c     0x2174 ./APP/can/dbc_can_core.o
                0x0800113c                CanGetMsgSignal
 .text.CanTransmitFunction
                0x080032b0       0x12 ./APP/can/dbc_can_core.o
                0x080032b0                CanTransmitFunction
 *fill*         0x080032c2        0x2 
 .text.volencode_polling
                0x080032c4       0xa0 ./APP/key/src/key.o
                0x080032c4                volencode_polling
 .text.ShortPress
                0x08003364      0x170 ./APP/key/src/key.o
                0x08003364                ShortPress
 .text.Key_CheckProcess
                0x080034d4       0x34 ./APP/key/src/key.o
                0x080034d4                Key_CheckProcess
 .text.delay_us
                0x08003508       0x1c ./APP/lcd12864/lcd.o
                0x08003508                delay_us
 .text.delay    0x08003524       0x18 ./APP/lcd12864/lcd.o
                0x08003524                delay
 .text.lcd_hw_Init
                0x0800353c       0x80 ./APP/lcd12864/lcd.o
                0x0800353c                lcd_hw_Init
 .text.sendbyte
                0x080035bc       0x3c ./APP/lcd12864/lcd.o
                0x080035bc                sendbyte
 .text.write_com
                0x080035f8       0x30 ./APP/lcd12864/lcd.o
                0x080035f8                write_com
 .text.write_data
                0x08003628       0x30 ./APP/lcd12864/lcd.o
                0x08003628                write_data
 .text.hzkdis   0x08003658       0x1a ./APP/lcd12864/lcd.o
                0x08003658                hzkdis
 *fill*         0x08003672        0x2 
 .text.LCD_ShowNum
                0x08003674       0xe4 ./APP/lcd12864/lcd.o
                0x08003674                LCD_ShowNum
 .text.LCD_Show32Num
                0x08003758      0x1e0 ./APP/lcd12864/lcd.o
                0x08003758                LCD_Show32Num
 .text.Cls_screen
                0x08003938       0x10 ./APP/lcd12864/lcd.o
                0x08003938                Cls_screen
 .text.GetMenuIndex
                0x08003948        0xc ./APP/lcd12864/lcd.o
                0x08003948                GetMenuIndex
 .text.GetItemIndex
                0x08003954        0xc ./APP/lcd12864/lcd.o
                0x08003954                GetItemIndex
 .text.LCD_menu
                0x08003960       0x98 ./APP/lcd12864/lcd.o
                0x08003960                LCD_menu
 .text.LCD_Menu_Display
                0x080039f8       0x2c ./APP/lcd12864/lcd.o
                0x080039f8                LCD_Menu_Display
 .text.LCD_Show_CANSendClose
                0x08003a24       0x18 ./APP/lcd12864/lcd.o
                0x08003a24                LCD_Show_CANSendClose
 .text.Page_0   0x08003a3c       0x44 ./APP/lcd12864/lcd.o
                0x08003a3c                Page_0
 .text.lcd128_Init
                0x08003a80       0x3a ./APP/lcd12864/lcd.o
                0x08003a80                lcd128_Init
 *fill*         0x08003aba        0x2 
 .text.LCD_GW_PC_2_item
                0x08003abc       0xac ./APP/lcd12864/lcd12864.o
                0x08003abc                LCD_GW_PC_2_item
 .text.LCD_GW_PC_7_item
                0x08003b68       0xac ./APP/lcd12864/lcd12864.o
                0x08003b68                LCD_GW_PC_7_item
 .text.LCD_PEPS_1_item
                0x08003c14       0xac ./APP/lcd12864/lcd12864.o
                0x08003c14                LCD_PEPS_1_item
 .text.LCD_PEPS_3_item
                0x08003cc0       0xac ./APP/lcd12864/lcd12864.o
                0x08003cc0                LCD_PEPS_3_item
 .text.LCD_FCM_3_item
                0x08003d6c       0xac ./APP/lcd12864/lcd12864.o
                0x08003d6c                LCD_FCM_3_item
 .text.LCD_FCM_4_item
                0x08003e18       0xac ./APP/lcd12864/lcd12864.o
                0x08003e18                LCD_FCM_4_item
 .text.LCD_FCM_5_item
                0x08003ec4       0xac ./APP/lcd12864/lcd12864.o
                0x08003ec4                LCD_FCM_5_item
 .text.LCD_FCM_6_item
                0x08003f70       0xac ./APP/lcd12864/lcd12864.o
                0x08003f70                LCD_FCM_6_item
 .text.LCD_FCM_7_item
                0x0800401c       0xac ./APP/lcd12864/lcd12864.o
                0x0800401c                LCD_FCM_7_item
 .text.LCD_FCM_8_item
                0x080040c8       0xac ./APP/lcd12864/lcd12864.o
                0x080040c8                LCD_FCM_8_item
 .text.LCD_BCM_5_item
                0x08004174       0xac ./APP/lcd12864/lcd12864.o
                0x08004174                LCD_BCM_5_item
 .text.LCD_TBOX_4_item
                0x08004220       0x9c ./APP/lcd12864/lcd12864.o
                0x08004220                LCD_TBOX_4_item
 .text.LCD_BCM_1_item
                0x080042bc       0xac ./APP/lcd12864/lcd12864.o
                0x080042bc                LCD_BCM_1_item
 .text.LCD_BCM_4_item
                0x08004368       0xac ./APP/lcd12864/lcd12864.o
                0x08004368                LCD_BCM_4_item
 .text.LCD_TPMS_1_item
                0x08004414       0xac ./APP/lcd12864/lcd12864.o
                0x08004414                LCD_TPMS_1_item
 .text.LCD_IC_2_item
                0x080044c0       0xa8 ./APP/lcd12864/lcd12864.o
                0x080044c0                LCD_IC_2_item
 .text.LCD_GW_PC_4_item
                0x08004568       0xac ./APP/lcd12864/lcd12864.o
                0x08004568                LCD_GW_PC_4_item
 .text.LCD_GW_BD_14_item
                0x08004614       0xac ./APP/lcd12864/lcd12864.o
                0x08004614                LCD_GW_BD_14_item
 .text.LCD_IHU_4_item
                0x080046c0       0xac ./APP/lcd12864/lcd12864.o
                0x080046c0                LCD_IHU_4_item
 .text.LCD_IHU_5_item
                0x0800476c       0xac ./APP/lcd12864/lcd12864.o
                0x0800476c                LCD_IHU_5_item
 .text.LCD_GW_BD_29_item
                0x08004818       0xac ./APP/lcd12864/lcd12864.o
                0x08004818                LCD_GW_BD_29_item
 .text.LCD_IHU_2_item
                0x080048c4       0xac ./APP/lcd12864/lcd12864.o
                0x080048c4                LCD_IHU_2_item
 .text.LCD_IHU_9_item
                0x08004970       0xac ./APP/lcd12864/lcd12864.o
                0x08004970                LCD_IHU_9_item
 .text.LCD_TBOX_1_item
                0x08004a1c       0xac ./APP/lcd12864/lcd12864.o
                0x08004a1c                LCD_TBOX_1_item
 .text.LCD_TBOX_2_item
                0x08004ac8       0xac ./APP/lcd12864/lcd12864.o
                0x08004ac8                LCD_TBOX_2_item
 .text.LCD_GW_PC_1_item
                0x08004b74       0xac ./APP/lcd12864/lcd12864.o
                0x08004b74                LCD_GW_PC_1_item
 .text.LCD_GW_PC_6_item
                0x08004c20       0xac ./APP/lcd12864/lcd12864.o
                0x08004c20                LCD_GW_PC_6_item
 .text.LCD_ESP_2_item
                0x08004ccc       0xac ./APP/lcd12864/lcd12864.o
                0x08004ccc                LCD_ESP_2_item
 .text.LCD_BCM_3_item
                0x08004d78       0xac ./APP/lcd12864/lcd12864.o
                0x08004d78                LCD_BCM_3_item
 .text.LCD_GW_BD_9_item
                0x08004e24       0xac ./APP/lcd12864/lcd12864.o
                0x08004e24                LCD_GW_BD_9_item
 .text.LCD_GW_BD_24_item
                0x08004ed0       0xac ./APP/lcd12864/lcd12864.o
                0x08004ed0                LCD_GW_BD_24_item
 .text.LCD_IHU_3_item
                0x08004f7c       0xc8 ./APP/lcd12864/lcd12864.o
                0x08004f7c                LCD_IHU_3_item
 .text.LCD_IHU_6_item
                0x08005044       0xc8 ./APP/lcd12864/lcd12864.o
                0x08005044                LCD_IHU_6_item
 .text.LCD_IHU_10_item
                0x0800510c       0xc8 ./APP/lcd12864/lcd12864.o
                0x0800510c                LCD_IHU_10_item
 .text.LCD_IHU_1_item
                0x080051d4       0xc8 ./APP/lcd12864/lcd12864.o
                0x080051d4                LCD_IHU_1_item
 .text.LCD_ACU_1_item
                0x0800529c      0x148 ./APP/lcd12864/lcd12864.o
                0x0800529c                LCD_ACU_1_item
 .text.LCD_IC_1_item
                0x080053e4       0xac ./APP/lcd12864/lcd12864.o
                0x080053e4                LCD_IC_1_item
 .text.LCD_IHU_7_item
                0x08005490       0xac ./APP/lcd12864/lcd12864.o
                0x08005490                LCD_IHU_7_item
 .text.LCD_IHU_8_item
                0x0800553c       0xac ./APP/lcd12864/lcd12864.o
                0x0800553c                LCD_IHU_8_item
 .text.GetItemValue
                0x080055e8      0x39c ./APP/lcd12864/lcd12864.o
                0x080055e8                GetItemValue
 .text.GetItemMAXItem
                0x08005984       0xc8 ./APP/lcd12864/lcd12864.o
                0x08005984                GetItemMAXItem
 .text.GetItemMAXValue
                0x08005a4c      0x20c ./APP/lcd12864/lcd12864.o
                0x08005a4c                GetItemMAXValue
 .text.SaveItemValue
                0x08005c58      0x504 ./APP/lcd12864/lcd12864.o
                0x08005c58                SaveItemValue
 .text.ItemValueLimit
                0x0800615c        0x4 ./APP/lcd12864/lcd12864.o
                0x0800615c                ItemValueLimit
 .text.GetIHU_3Value
                0x08006160       0x14 ./APP/lcd12864/lcd12864.o
                0x08006160                GetIHU_3Value
 .text.GetIHU_6Value
                0x08006174       0x14 ./APP/lcd12864/lcd12864.o
                0x08006174                GetIHU_6Value
 .text.GetIHU_10Value
                0x08006188       0x14 ./APP/lcd12864/lcd12864.o
                0x08006188                GetIHU_10Value
 *fill*         0x0800619c        0x4 
 .text.GetGW_PC_2Value
                0x080061a0       0x34 ./APP/lcd12864/lcd12864.o
                0x080061a0                GetGW_PC_2Value
 .text.GetGW_PC_7Value
                0x080061d4       0x14 ./APP/lcd12864/lcd12864.o
                0x080061d4                GetGW_PC_7Value
 .text.GetPEPS_1Value
                0x080061e8       0x14 ./APP/lcd12864/lcd12864.o
                0x080061e8                GetPEPS_1Value
 .text.GetPEPS_3Value
                0x080061fc       0x14 ./APP/lcd12864/lcd12864.o
                0x080061fc                GetPEPS_3Value
 .text.GetIHU_1Value
                0x08006210       0x14 ./APP/lcd12864/lcd12864.o
                0x08006210                GetIHU_1Value
 .text.GetFCM_3Value
                0x08006224       0x14 ./APP/lcd12864/lcd12864.o
                0x08006224                GetFCM_3Value
 .text.GetFCM_4Value
                0x08006238       0x14 ./APP/lcd12864/lcd12864.o
                0x08006238                GetFCM_4Value
 .text.GetFCM_5Value
                0x0800624c       0x14 ./APP/lcd12864/lcd12864.o
                0x0800624c                GetFCM_5Value
 .text.GetFCM_6Value
                0x08006260       0x14 ./APP/lcd12864/lcd12864.o
                0x08006260                GetFCM_6Value
 .text.GetFCM_7Value
                0x08006274       0x14 ./APP/lcd12864/lcd12864.o
                0x08006274                GetFCM_7Value
 .text.GetFCM_8Value
                0x08006288       0x14 ./APP/lcd12864/lcd12864.o
                0x08006288                GetFCM_8Value
 .text.GetBCM_5Value
                0x0800629c       0x14 ./APP/lcd12864/lcd12864.o
                0x0800629c                GetBCM_5Value
 .text.GetTBOX_4Value
                0x080062b0       0x14 ./APP/lcd12864/lcd12864.o
                0x080062b0                GetTBOX_4Value
 .text.GetACU_1Value
                0x080062c4       0x28 ./APP/lcd12864/lcd12864.o
                0x080062c4                GetACU_1Value
 .text.GetBCM_1Value
                0x080062ec       0x14 ./APP/lcd12864/lcd12864.o
                0x080062ec                GetBCM_1Value
 .text.GetBCM_4Value
                0x08006300       0x14 ./APP/lcd12864/lcd12864.o
                0x08006300                GetBCM_4Value
 .text.GetTPMS_1Value
                0x08006314       0x14 ./APP/lcd12864/lcd12864.o
                0x08006314                GetTPMS_1Value
 .text.GetIC_1Value
                0x08006328       0x14 ./APP/lcd12864/lcd12864.o
                0x08006328                GetIC_1Value
 .text.GetIC_2Value
                0x0800633c       0x14 ./APP/lcd12864/lcd12864.o
                0x0800633c                GetIC_2Value
 .text.GetGW_PC_4Value
                0x08006350       0x14 ./APP/lcd12864/lcd12864.o
                0x08006350                GetGW_PC_4Value
 .text.GetGW_BD_14Value
                0x08006364       0x14 ./APP/lcd12864/lcd12864.o
                0x08006364                GetGW_BD_14Value
 .text.GetIHU_4Value
                0x08006378       0x14 ./APP/lcd12864/lcd12864.o
                0x08006378                GetIHU_4Value
 .text.GetIHU_5Value
                0x0800638c       0x14 ./APP/lcd12864/lcd12864.o
                0x0800638c                GetIHU_5Value
 .text.GetGW_BD_29Value
                0x080063a0       0x14 ./APP/lcd12864/lcd12864.o
                0x080063a0                GetGW_BD_29Value
 .text.GetIHU_2Value
                0x080063b4       0x14 ./APP/lcd12864/lcd12864.o
                0x080063b4                GetIHU_2Value
 .text.GetIHU_7Value
                0x080063c8       0x14 ./APP/lcd12864/lcd12864.o
                0x080063c8                GetIHU_7Value
 .text.GetIHU_8Value
                0x080063dc       0x14 ./APP/lcd12864/lcd12864.o
                0x080063dc                GetIHU_8Value
 .text.GetIHU_9Value
                0x080063f0       0x14 ./APP/lcd12864/lcd12864.o
                0x080063f0                GetIHU_9Value
 .text.GetTBOX_1Value
                0x08006404       0x14 ./APP/lcd12864/lcd12864.o
                0x08006404                GetTBOX_1Value
 .text.GetTBOX_2Value
                0x08006418       0x14 ./APP/lcd12864/lcd12864.o
                0x08006418                GetTBOX_2Value
 .text.GetGW_PC_1Value
                0x0800642c       0x14 ./APP/lcd12864/lcd12864.o
                0x0800642c                GetGW_PC_1Value
 .text.GetGW_PC_6Value
                0x08006440       0x14 ./APP/lcd12864/lcd12864.o
                0x08006440                GetGW_PC_6Value
 .text.GetESP_2Value
                0x08006454       0x14 ./APP/lcd12864/lcd12864.o
                0x08006454                GetESP_2Value
 .text.GetBCM_3Value
                0x08006468       0x14 ./APP/lcd12864/lcd12864.o
                0x08006468                GetBCM_3Value
 .text.GetGW_BD_9Value
                0x0800647c       0x14 ./APP/lcd12864/lcd12864.o
                0x0800647c                GetGW_BD_9Value
 .text.GetGW_BD_24Value
                0x08006490       0x14 ./APP/lcd12864/lcd12864.o
                0x08006490                GetGW_BD_24Value
 .text.MX_ADC1_Init
                0x080064a4       0xc8 ./Core/Src/adc.o
                0x080064a4                MX_ADC1_Init
 .text.HAL_ADC_MspInit
                0x0800656c       0x80 ./Core/Src/adc.o
                0x0800656c                HAL_ADC_MspInit
 .text.MX_CAN1_Init
                0x080065ec       0x80 ./Core/Src/can.o
                0x080065ec                MX_CAN1_Init
 .text.MX_CAN2_Init
                0x0800666c       0x80 ./Core/Src/can.o
                0x0800666c                MX_CAN2_Init
 .text.HAL_CAN_MspInit
                0x080066ec      0x128 ./Core/Src/can.o
                0x080066ec                HAL_CAN_MspInit
 .text.HAL_CAN_RxFifo0MsgPendingCallback
                0x08006814       0x78 ./Core/Src/can.o
                0x08006814                HAL_CAN_RxFifo0MsgPendingCallback
 .text.CAN2_SendMsg
                0x0800688c       0x70 ./Core/Src/can.o
                0x0800688c                CAN2_SendMsg
 .text.CAN_SendMsg
                0x080068fc       0x58 ./Core/Src/can.o
                0x080068fc                CAN_SendMsg
 .text.MX_DMA_Init
                0x08006954       0x74 ./Core/Src/dma.o
                0x08006954                MX_DMA_Init
 .text.StartDefaultTask
                0x080069c8        0xc ./Core/Src/freertos.o
                0x080069c8                StartDefaultTask
 .text.heartbeat_task
                0x080069d4       0x18 ./Core/Src/freertos.o
                0x080069d4                heartbeat_task
 .text.task0_task
                0x080069ec        0xa ./Core/Src/freertos.o
                0x080069ec                task0_task
 .text.task1_task
                0x080069f6        0xe ./Core/Src/freertos.o
                0x080069f6                task1_task
 .text.task2_task
                0x08006a04       0x60 ./Core/Src/freertos.o
                0x08006a04                task2_task
 .text.task3_task
                0x08006a64       0xa4 ./Core/Src/freertos.o
                0x08006a64                task3_task
 .text.vApplicationTickHook
                0x08006b08        0x2 ./Core/Src/freertos.o
                0x08006b08                vApplicationTickHook
 .text.vApplicationStackOverflowHook
                0x08006b0a        0x2 ./Core/Src/freertos.o
                0x08006b0a                vApplicationStackOverflowHook
 .text.vApplicationMallocFailedHook
                0x08006b0c        0x2 ./Core/Src/freertos.o
                0x08006b0c                vApplicationMallocFailedHook
 *fill*         0x08006b0e        0x2 
 .text.vApplicationGetIdleTaskMemory
                0x08006b10       0x18 ./Core/Src/freertos.o
                0x08006b10                vApplicationGetIdleTaskMemory
 .text.MX_FREERTOS_Init
                0x08006b28      0x124 ./Core/Src/freertos.o
                0x08006b28                MX_FREERTOS_Init
 .text.MX_GPIO_Init
                0x08006c4c      0x12c ./Core/Src/gpio.o
                0x08006c4c                MX_GPIO_Init
 .text.__io_putchar
                0x08006d78       0x20 ./Core/Src/main.o
                0x08006d78                __io_putchar
 .text.Error_Handler
                0x08006d98        0x4 ./Core/Src/main.o
                0x08006d98                Error_Handler
 .text.SystemClock_Config
                0x08006d9c       0x90 ./Core/Src/main.o
                0x08006d9c                SystemClock_Config
 .text.main     0x08006e2c       0x60 ./Core/Src/main.o
                0x08006e2c                main
 .text.HAL_MspInit
                0x08006e8c       0x54 ./Core/Src/stm32f1xx_hal_msp.o
                0x08006e8c                HAL_MspInit
 .text.NMI_Handler
                0x08006ee0        0x2 ./Core/Src/stm32f1xx_it.o
                0x08006ee0                NMI_Handler
 .text.HardFault_Handler
                0x08006ee2        0x2 ./Core/Src/stm32f1xx_it.o
                0x08006ee2                HardFault_Handler
 .text.MemManage_Handler
                0x08006ee4        0x2 ./Core/Src/stm32f1xx_it.o
                0x08006ee4                MemManage_Handler
 .text.BusFault_Handler
                0x08006ee6        0x2 ./Core/Src/stm32f1xx_it.o
                0x08006ee6                BusFault_Handler
 .text.UsageFault_Handler
                0x08006ee8        0x2 ./Core/Src/stm32f1xx_it.o
                0x08006ee8                UsageFault_Handler
 .text.DebugMon_Handler
                0x08006eea        0x2 ./Core/Src/stm32f1xx_it.o
                0x08006eea                DebugMon_Handler
 .text.SysTick_Handler
                0x08006eec       0x16 ./Core/Src/stm32f1xx_it.o
                0x08006eec                SysTick_Handler
 *fill*         0x08006f02        0x2 
 .text.CAN1_RX0_IRQHandler
                0x08006f04       0x10 ./Core/Src/stm32f1xx_it.o
                0x08006f04                CAN1_RX0_IRQHandler
 .text.UART4_IRQHandler
                0x08006f14       0x10 ./Core/Src/stm32f1xx_it.o
                0x08006f14                UART4_IRQHandler
 .text.DMA2_Channel3_IRQHandler
                0x08006f24       0x10 ./Core/Src/stm32f1xx_it.o
                0x08006f24                DMA2_Channel3_IRQHandler
 .text.DMA2_Channel5_IRQHandler
                0x08006f34       0x10 ./Core/Src/stm32f1xx_it.o
                0x08006f34                DMA2_Channel5_IRQHandler
 .text.CAN2_RX0_IRQHandler
                0x08006f44       0x10 ./Core/Src/stm32f1xx_it.o
                0x08006f44                CAN2_RX0_IRQHandler
 .text._getpid  0x08006f54        0x4 ./Core/Src/syscalls.o
                0x08006f54                _getpid
 .text._kill    0x08006f58       0x10 ./Core/Src/syscalls.o
                0x08006f58                _kill
 .text._exit    0x08006f68        0xc ./Core/Src/syscalls.o
                0x08006f68                _exit
 .text._read    0x08006f74       0x20 ./Core/Src/syscalls.o
                0x08006f74                _read
 .text._write   0x08006f94       0x1c ./Core/Src/syscalls.o
                0x08006f94                _write
 .text._close   0x08006fb0        0x6 ./Core/Src/syscalls.o
                0x08006fb0                _close
 .text._fstat   0x08006fb6        0xa ./Core/Src/syscalls.o
                0x08006fb6                _fstat
 .text._isatty  0x08006fc0        0x4 ./Core/Src/syscalls.o
                0x08006fc0                _isatty
 .text._lseek   0x08006fc4        0x4 ./Core/Src/syscalls.o
                0x08006fc4                _lseek
 .text._sbrk    0x08006fc8       0x48 ./Core/Src/sysmem.o
                0x08006fc8                _sbrk
 .text.SystemInit
                0x08007010        0x2 ./Core/Src/system_stm32f1xx.o
                0x08007010                SystemInit
 *fill*         0x08007012        0x2 
 .text.MX_UART4_Init
                0x08007014       0x34 ./Core/Src/usart.o
                0x08007014                MX_UART4_Init
 .text.MX_UART5_Init
                0x08007048       0x34 ./Core/Src/usart.o
                0x08007048                MX_UART5_Init
 .text.MX_USART2_UART_Init
                0x0800707c       0x34 ./Core/Src/usart.o
                0x0800707c                MX_USART2_UART_Init
 .text.HAL_UART_MspInit
                0x080070b0      0x2bc ./Core/Src/usart.o
                0x080070b0                HAL_UART_MspInit
 .text.Reset_Handler
                0x0800736c       0x48 ./Core/Startup/startup_stm32f105rbtx.o
                0x0800736c                Reset_Handler
 .text.Default_Handler
                0x080073b4        0x2 ./Core/Startup/startup_stm32f105rbtx.o
                0x080073b4                RTC_Alarm_IRQHandler
                0x080073b4                EXTI2_IRQHandler
                0x080073b4                TIM1_CC_IRQHandler
                0x080073b4                TIM6_IRQHandler
                0x080073b4                PVD_IRQHandler
                0x080073b4                CAN2_RX1_IRQHandler
                0x080073b4                EXTI3_IRQHandler
                0x080073b4                EXTI0_IRQHandler
                0x080073b4                I2C2_EV_IRQHandler
                0x080073b4                CAN2_SCE_IRQHandler
                0x080073b4                ADC1_2_IRQHandler
                0x080073b4                SPI1_IRQHandler
                0x080073b4                TAMPER_IRQHandler
                0x080073b4                DMA2_Channel2_IRQHandler
                0x080073b4                DMA1_Channel4_IRQHandler
                0x080073b4                USART3_IRQHandler
                0x080073b4                RTC_IRQHandler
                0x080073b4                DMA1_Channel7_IRQHandler
                0x080073b4                CAN1_RX1_IRQHandler
                0x080073b4                UART5_IRQHandler
                0x080073b4                TIM4_IRQHandler
                0x080073b4                DMA2_Channel1_IRQHandler
                0x080073b4                I2C1_EV_IRQHandler
                0x080073b4                DMA1_Channel6_IRQHandler
                0x080073b4                DMA2_Channel4_IRQHandler
                0x080073b4                TIM3_IRQHandler
                0x080073b4                RCC_IRQHandler
                0x080073b4                TIM1_TRG_COM_IRQHandler
                0x080073b4                DMA1_Channel1_IRQHandler
                0x080073b4                Default_Handler
                0x080073b4                EXTI15_10_IRQHandler
                0x080073b4                TIM7_IRQHandler
                0x080073b4                CAN2_TX_IRQHandler
                0x080073b4                TIM5_IRQHandler
                0x080073b4                EXTI9_5_IRQHandler
                0x080073b4                SPI2_IRQHandler
                0x080073b4                CAN1_TX_IRQHandler
                0x080073b4                DMA1_Channel5_IRQHandler
                0x080073b4                EXTI4_IRQHandler
                0x080073b4                DMA1_Channel3_IRQHandler
                0x080073b4                TIM1_UP_IRQHandler
                0x080073b4                WWDG_IRQHandler
                0x080073b4                TIM2_IRQHandler
                0x080073b4                OTG_FS_WKUP_IRQHandler
                0x080073b4                TIM1_BRK_IRQHandler
                0x080073b4                EXTI1_IRQHandler
                0x080073b4                USART2_IRQHandler
                0x080073b4                I2C2_ER_IRQHandler
                0x080073b4                DMA1_Channel2_IRQHandler
                0x080073b4                CAN1_SCE_IRQHandler
                0x080073b4                FLASH_IRQHandler
                0x080073b4                USART1_IRQHandler
                0x080073b4                OTG_FS_IRQHandler
                0x080073b4                SPI3_IRQHandler
                0x080073b4                I2C1_ER_IRQHandler
 *fill*         0x080073b6        0x2 
 .text.HAL_InitTick
                0x080073b8       0x4c ./Drivers/STM32F1xx_HAL_Driver/Src/stm32f1xx_hal.o
                0x080073b8                HAL_InitTick
 .text.HAL_Init
                0x08007404       0x24 ./Drivers/STM32F1xx_HAL_Driver/Src/stm32f1xx_hal.o
                0x08007404                HAL_Init
 .text.HAL_IncTick
                0x08007428       0x18 ./Drivers/STM32F1xx_HAL_Driver/Src/stm32f1xx_hal.o
                0x08007428                HAL_IncTick
 .text.HAL_GetTick
                0x08007440        0xc ./Drivers/STM32F1xx_HAL_Driver/Src/stm32f1xx_hal.o
                0x08007440                HAL_GetTick
 .text.HAL_ADC_GetValue
                0x0800744c        0x6 ./Drivers/STM32F1xx_HAL_Driver/Src/stm32f1xx_hal_adc.o
                0x0800744c                HAL_ADC_GetValue
 *fill*         0x08007452        0x2 
 .text.HAL_ADC_ConfigChannel
                0x08007454      0x140 ./Drivers/STM32F1xx_HAL_Driver/Src/stm32f1xx_hal_adc.o
                0x08007454                HAL_ADC_ConfigChannel
 .text.ADC_Enable
                0x08007594       0x88 ./Drivers/STM32F1xx_HAL_Driver/Src/stm32f1xx_hal_adc.o
                0x08007594                ADC_Enable
 .text.HAL_ADC_Start
                0x0800761c       0xe8 ./Drivers/STM32F1xx_HAL_Driver/Src/stm32f1xx_hal_adc.o
                0x0800761c                HAL_ADC_Start
 .text.ADC_ConversionStop_Disable
                0x08007704       0x56 ./Drivers/STM32F1xx_HAL_Driver/Src/stm32f1xx_hal_adc.o
                0x08007704                ADC_ConversionStop_Disable
 *fill*         0x0800775a        0x2 
 .text.HAL_ADC_Init
                0x0800775c      0x108 ./Drivers/STM32F1xx_HAL_Driver/Src/stm32f1xx_hal_adc.o
                0x0800775c                HAL_ADC_Init
 .text.HAL_CAN_Init
                0x08007864      0x14c ./Drivers/STM32F1xx_HAL_Driver/Src/stm32f1xx_hal_can.o
                0x08007864                HAL_CAN_Init
 .text.HAL_CAN_ConfigFilter
                0x080079b0      0x13c ./Drivers/STM32F1xx_HAL_Driver/Src/stm32f1xx_hal_can.o
                0x080079b0                HAL_CAN_ConfigFilter
 .text.HAL_CAN_Start
                0x08007aec       0x5c ./Drivers/STM32F1xx_HAL_Driver/Src/stm32f1xx_hal_can.o
                0x08007aec                HAL_CAN_Start
 .text.HAL_CAN_AddTxMessage
                0x08007b48       0xea ./Drivers/STM32F1xx_HAL_Driver/Src/stm32f1xx_hal_can.o
                0x08007b48                HAL_CAN_AddTxMessage
 .text.HAL_CAN_GetTxMailboxesFreeLevel
                0x08007c32       0x32 ./Drivers/STM32F1xx_HAL_Driver/Src/stm32f1xx_hal_can.o
                0x08007c32                HAL_CAN_GetTxMailboxesFreeLevel
 .text.HAL_CAN_GetRxMessage
                0x08007c64      0x16a ./Drivers/STM32F1xx_HAL_Driver/Src/stm32f1xx_hal_can.o
                0x08007c64                HAL_CAN_GetRxMessage
 .text.HAL_CAN_ActivateNotification
                0x08007dce       0x24 ./Drivers/STM32F1xx_HAL_Driver/Src/stm32f1xx_hal_can.o
                0x08007dce                HAL_CAN_ActivateNotification
 .text.HAL_CAN_TxMailbox0CompleteCallback
                0x08007df2        0x2 ./Drivers/STM32F1xx_HAL_Driver/Src/stm32f1xx_hal_can.o
                0x08007df2                HAL_CAN_TxMailbox0CompleteCallback
 .text.HAL_CAN_TxMailbox1CompleteCallback
                0x08007df4        0x2 ./Drivers/STM32F1xx_HAL_Driver/Src/stm32f1xx_hal_can.o
                0x08007df4                HAL_CAN_TxMailbox1CompleteCallback
 .text.HAL_CAN_TxMailbox2CompleteCallback
                0x08007df6        0x2 ./Drivers/STM32F1xx_HAL_Driver/Src/stm32f1xx_hal_can.o
                0x08007df6                HAL_CAN_TxMailbox2CompleteCallback
 .text.HAL_CAN_TxMailbox0AbortCallback
                0x08007df8        0x2 ./Drivers/STM32F1xx_HAL_Driver/Src/stm32f1xx_hal_can.o
                0x08007df8                HAL_CAN_TxMailbox0AbortCallback
 .text.HAL_CAN_TxMailbox1AbortCallback
                0x08007dfa        0x2 ./Drivers/STM32F1xx_HAL_Driver/Src/stm32f1xx_hal_can.o
                0x08007dfa                HAL_CAN_TxMailbox1AbortCallback
 .text.HAL_CAN_TxMailbox2AbortCallback
                0x08007dfc        0x2 ./Drivers/STM32F1xx_HAL_Driver/Src/stm32f1xx_hal_can.o
                0x08007dfc                HAL_CAN_TxMailbox2AbortCallback
 .text.HAL_CAN_RxFifo0FullCallback
                0x08007dfe        0x2 ./Drivers/STM32F1xx_HAL_Driver/Src/stm32f1xx_hal_can.o
                0x08007dfe                HAL_CAN_RxFifo0FullCallback
 .text.HAL_CAN_RxFifo1MsgPendingCallback
                0x08007e00        0x2 ./Drivers/STM32F1xx_HAL_Driver/Src/stm32f1xx_hal_can.o
                0x08007e00                HAL_CAN_RxFifo1MsgPendingCallback
 .text.HAL_CAN_RxFifo1FullCallback
                0x08007e02        0x2 ./Drivers/STM32F1xx_HAL_Driver/Src/stm32f1xx_hal_can.o
                0x08007e02                HAL_CAN_RxFifo1FullCallback
 .text.HAL_CAN_SleepCallback
                0x08007e04        0x2 ./Drivers/STM32F1xx_HAL_Driver/Src/stm32f1xx_hal_can.o
                0x08007e04                HAL_CAN_SleepCallback
 .text.HAL_CAN_WakeUpFromRxMsgCallback
                0x08007e06        0x2 ./Drivers/STM32F1xx_HAL_Driver/Src/stm32f1xx_hal_can.o
                0x08007e06                HAL_CAN_WakeUpFromRxMsgCallback
 .text.HAL_CAN_ErrorCallback
                0x08007e08        0x2 ./Drivers/STM32F1xx_HAL_Driver/Src/stm32f1xx_hal_can.o
                0x08007e08                HAL_CAN_ErrorCallback
 .text.HAL_CAN_IRQHandler
                0x08007e0a      0x250 ./Drivers/STM32F1xx_HAL_Driver/Src/stm32f1xx_hal_can.o
                0x08007e0a                HAL_CAN_IRQHandler
 *fill*         0x0800805a        0x2 
 .text.__NVIC_SetPriority
                0x0800805c       0x28 ./Drivers/STM32F1xx_HAL_Driver/Src/stm32f1xx_hal_cortex.o
 .text.NVIC_EncodePriority
                0x08008084       0x3e ./Drivers/STM32F1xx_HAL_Driver/Src/stm32f1xx_hal_cortex.o
 *fill*         0x080080c2        0x2 
 .text.HAL_NVIC_SetPriorityGrouping
                0x080080c4       0x24 ./Drivers/STM32F1xx_HAL_Driver/Src/stm32f1xx_hal_cortex.o
                0x080080c4                HAL_NVIC_SetPriorityGrouping
 .text.HAL_NVIC_SetPriority
                0x080080e8       0x20 ./Drivers/STM32F1xx_HAL_Driver/Src/stm32f1xx_hal_cortex.o
                0x080080e8                HAL_NVIC_SetPriority
 .text.HAL_NVIC_EnableIRQ
                0x08008108       0x1c ./Drivers/STM32F1xx_HAL_Driver/Src/stm32f1xx_hal_cortex.o
                0x08008108                HAL_NVIC_EnableIRQ
 .text.HAL_SYSTICK_Config
                0x08008124       0x28 ./Drivers/STM32F1xx_HAL_Driver/Src/stm32f1xx_hal_cortex.o
                0x08008124                HAL_SYSTICK_Config
 .text.DMA_SetConfig
                0x0800814c       0x2c ./Drivers/STM32F1xx_HAL_Driver/Src/stm32f1xx_hal_dma.o
 .text.HAL_DMA_Init
                0x08008178       0x94 ./Drivers/STM32F1xx_HAL_Driver/Src/stm32f1xx_hal_dma.o
                0x08008178                HAL_DMA_Init
 .text.HAL_DMA_Start_IT
                0x0800820c       0x76 ./Drivers/STM32F1xx_HAL_Driver/Src/stm32f1xx_hal_dma.o
                0x0800820c                HAL_DMA_Start_IT
 .text.HAL_DMA_Abort
                0x08008282       0x46 ./Drivers/STM32F1xx_HAL_Driver/Src/stm32f1xx_hal_dma.o
                0x08008282                HAL_DMA_Abort
 .text.HAL_DMA_Abort_IT
                0x080082c8      0x16c ./Drivers/STM32F1xx_HAL_Driver/Src/stm32f1xx_hal_dma.o
                0x080082c8                HAL_DMA_Abort_IT
 .text.HAL_DMA_IRQHandler
                0x08008434      0x2ec ./Drivers/STM32F1xx_HAL_Driver/Src/stm32f1xx_hal_dma.o
                0x08008434                HAL_DMA_IRQHandler
 .text.HAL_GPIO_Init
                0x08008720      0x21c ./Drivers/STM32F1xx_HAL_Driver/Src/stm32f1xx_hal_gpio.o
                0x08008720                HAL_GPIO_Init
 .text.HAL_GPIO_WritePin
                0x0800893c        0xc ./Drivers/STM32F1xx_HAL_Driver/Src/stm32f1xx_hal_gpio.o
                0x0800893c                HAL_GPIO_WritePin
 .text.RCC_Delay
                0x08008948       0x2c ./Drivers/STM32F1xx_HAL_Driver/Src/stm32f1xx_hal_rcc.o
 .text.HAL_RCC_OscConfig
                0x08008974      0x4f4 ./Drivers/STM32F1xx_HAL_Driver/Src/stm32f1xx_hal_rcc.o
                0x08008974                HAL_RCC_OscConfig
 .text.HAL_RCC_GetSysClockFreq
                0x08008e68       0xbc ./Drivers/STM32F1xx_HAL_Driver/Src/stm32f1xx_hal_rcc.o
                0x08008e68                HAL_RCC_GetSysClockFreq
 .text.HAL_RCC_ClockConfig
                0x08008f24      0x16c ./Drivers/STM32F1xx_HAL_Driver/Src/stm32f1xx_hal_rcc.o
                0x08008f24                HAL_RCC_ClockConfig
 .text.HAL_RCC_GetHCLKFreq
                0x08009090        0xc ./Drivers/STM32F1xx_HAL_Driver/Src/stm32f1xx_hal_rcc.o
                0x08009090                HAL_RCC_GetHCLKFreq
 .text.HAL_RCC_GetPCLK1Freq
                0x0800909c       0x20 ./Drivers/STM32F1xx_HAL_Driver/Src/stm32f1xx_hal_rcc.o
                0x0800909c                HAL_RCC_GetPCLK1Freq
 .text.HAL_RCC_GetPCLK2Freq
                0x080090bc       0x20 ./Drivers/STM32F1xx_HAL_Driver/Src/stm32f1xx_hal_rcc.o
                0x080090bc                HAL_RCC_GetPCLK2Freq
 .text.HAL_RCCEx_PeriphCLKConfig
                0x080090dc      0x1d4 ./Drivers/STM32F1xx_HAL_Driver/Src/stm32f1xx_hal_rcc_ex.o
                0x080090dc                HAL_RCCEx_PeriphCLKConfig
 .text.UART_EndTxTransfer
                0x080092b0       0x20 ./Drivers/STM32F1xx_HAL_Driver/Src/stm32f1xx_hal_uart.o
 .text.UART_EndRxTransfer
                0x080092d0       0x5c ./Drivers/STM32F1xx_HAL_Driver/Src/stm32f1xx_hal_uart.o
 .text.UART_Transmit_IT
                0x0800932c       0x60 ./Drivers/STM32F1xx_HAL_Driver/Src/stm32f1xx_hal_uart.o
 .text.UART_SetConfig
                0x0800938c       0x94 ./Drivers/STM32F1xx_HAL_Driver/Src/stm32f1xx_hal_uart.o
 .text.UART_WaitOnFlagUntilTimeout
                0x08009420       0x86 ./Drivers/STM32F1xx_HAL_Driver/Src/stm32f1xx_hal_uart.o
 .text.HAL_UART_Init
                0x080094a6       0x60 ./Drivers/STM32F1xx_HAL_Driver/Src/stm32f1xx_hal_uart.o
                0x080094a6                HAL_UART_Init
 .text.HAL_LIN_Init
                0x08009506       0x82 ./Drivers/STM32F1xx_HAL_Driver/Src/stm32f1xx_hal_uart.o
                0x08009506                HAL_LIN_Init
 .text.HAL_UART_Transmit
                0x08009588       0xcc ./Drivers/STM32F1xx_HAL_Driver/Src/stm32f1xx_hal_uart.o
                0x08009588                HAL_UART_Transmit
 .text.HAL_UART_TxCpltCallback
                0x08009654        0x2 ./Drivers/STM32F1xx_HAL_Driver/Src/stm32f1xx_hal_uart.o
                0x08009654                HAL_UART_TxCpltCallback
 .text.UART_EndTransmit_IT
                0x08009656       0x1a ./Drivers/STM32F1xx_HAL_Driver/Src/stm32f1xx_hal_uart.o
 .text.HAL_UART_RxCpltCallback
                0x08009670        0x2 ./Drivers/STM32F1xx_HAL_Driver/Src/stm32f1xx_hal_uart.o
                0x08009670                HAL_UART_RxCpltCallback
 .text.HAL_UART_RxHalfCpltCallback
                0x08009672        0x2 ./Drivers/STM32F1xx_HAL_Driver/Src/stm32f1xx_hal_uart.o
                0x08009672                HAL_UART_RxHalfCpltCallback
 .text.HAL_UART_ErrorCallback
                0x08009674        0x2 ./Drivers/STM32F1xx_HAL_Driver/Src/stm32f1xx_hal_uart.o
                0x08009674                HAL_UART_ErrorCallback
 .text.UART_DMAError
                0x08009676       0x58 ./Drivers/STM32F1xx_HAL_Driver/Src/stm32f1xx_hal_uart.o
 .text.UART_DMAAbortOnError
                0x080096ce       0x10 ./Drivers/STM32F1xx_HAL_Driver/Src/stm32f1xx_hal_uart.o
 .text.HAL_UARTEx_RxEventCallback
                0x080096de        0x2 ./Drivers/STM32F1xx_HAL_Driver/Src/stm32f1xx_hal_uart.o
                0x080096de                HAL_UARTEx_RxEventCallback
 .text.UART_Receive_IT
                0x080096e0       0xe6 ./Drivers/STM32F1xx_HAL_Driver/Src/stm32f1xx_hal_uart.o
 *fill*         0x080097c6        0x2 
 .text.HAL_UART_IRQHandler
                0x080097c8      0x284 ./Drivers/STM32F1xx_HAL_Driver/Src/stm32f1xx_hal_uart.o
                0x080097c8                HAL_UART_IRQHandler
 .text.UART_DMARxHalfCplt
                0x08009a4c       0x1e ./Drivers/STM32F1xx_HAL_Driver/Src/stm32f1xx_hal_uart.o
 .text.UART_DMAReceiveCplt
                0x08009a6a       0x9a ./Drivers/STM32F1xx_HAL_Driver/Src/stm32f1xx_hal_uart.o
 .text.UART_Start_Receive_DMA
                0x08009b04       0xa4 ./Drivers/STM32F1xx_HAL_Driver/Src/stm32f1xx_hal_uart.o
                0x08009b04                UART_Start_Receive_DMA
 .text.HAL_UART_Receive_DMA
                0x08009ba8       0x26 ./Drivers/STM32F1xx_HAL_Driver/Src/stm32f1xx_hal_uart.o
                0x08009ba8                HAL_UART_Receive_DMA
 .text.makeFreeRtosPriority
                0x08009bce        0xc ./Middlewares/Third_Party/FreeRTOS/Source/CMSIS_RTOS/cmsis_os.o
 .text.osKernelStart
                0x08009bda        0xa ./Middlewares/Third_Party/FreeRTOS/Source/CMSIS_RTOS/cmsis_os.o
                0x08009bda                osKernelStart
 .text.osThreadCreate
                0x08009be4       0x66 ./Middlewares/Third_Party/FreeRTOS/Source/CMSIS_RTOS/cmsis_os.o
                0x08009be4                osThreadCreate
 .text.osDelay  0x08009c4a        0xe ./Middlewares/Third_Party/FreeRTOS/Source/CMSIS_RTOS/cmsis_os.o
                0x08009c4a                osDelay
 .text.vListInitialise
                0x08009c58       0x16 ./Middlewares/Third_Party/FreeRTOS/Source/list.o
                0x08009c58                vListInitialise
 .text.vListInitialiseItem
                0x08009c6e        0x6 ./Middlewares/Third_Party/FreeRTOS/Source/list.o
                0x08009c6e                vListInitialiseItem
 .text.vListInsertEnd
                0x08009c74       0x16 ./Middlewares/Third_Party/FreeRTOS/Source/list.o
                0x08009c74                vListInsertEnd
 .text.vListInsert
                0x08009c8a       0x32 ./Middlewares/Third_Party/FreeRTOS/Source/list.o
                0x08009c8a                vListInsert
 .text.uxListRemove
                0x08009cbc       0x26 ./Middlewares/Third_Party/FreeRTOS/Source/list.o
                0x08009cbc                uxListRemove
 .text.prvCopyDataToQueue
                0x08009ce2       0x76 ./Middlewares/Third_Party/FreeRTOS/Source/queue.o
 .text.xQueueGenericSendFromISR
                0x08009d58       0xce ./Middlewares/Third_Party/FreeRTOS/Source/queue.o
                0x08009d58                xQueueGenericSendFromISR
 *fill*         0x08009e26        0x2 
 .text.prvResetNextTaskUnblockTime
                0x08009e28       0x2c ./Middlewares/Third_Party/FreeRTOS/Source/tasks.o
 .text.prvInitialiseNewTask
                0x08009e54       0xa2 ./Middlewares/Third_Party/FreeRTOS/Source/tasks.o
 *fill*         0x08009ef6        0x2 
 .text.prvInitialiseTaskLists
                0x08009ef8       0x68 ./Middlewares/Third_Party/FreeRTOS/Source/tasks.o
 .text.prvAddNewTaskToReadyList
                0x08009f60       0xac ./Middlewares/Third_Party/FreeRTOS/Source/tasks.o
 .text.prvDeleteTCB
                0x0800a00c       0x38 ./Middlewares/Third_Party/FreeRTOS/Source/tasks.o
 .text.prvCheckTasksWaitingTermination
                0x0800a044       0x4c ./Middlewares/Third_Party/FreeRTOS/Source/tasks.o
 .text.prvIdleTask
                0x0800a090       0x28 ./Middlewares/Third_Party/FreeRTOS/Source/tasks.o
 .text.prvAddCurrentTaskToDelayedList
                0x0800a0b8       0x98 ./Middlewares/Third_Party/FreeRTOS/Source/tasks.o
 .text.xTaskCreateStatic
                0x0800a150       0x76 ./Middlewares/Third_Party/FreeRTOS/Source/tasks.o
                0x0800a150                xTaskCreateStatic
 .text.xTaskCreate
                0x0800a1c6       0x64 ./Middlewares/Third_Party/FreeRTOS/Source/tasks.o
                0x0800a1c6                xTaskCreate
 *fill*         0x0800a22a        0x2 
 .text.vTaskStartScheduler
                0x0800a22c       0x74 ./Middlewares/Third_Party/FreeRTOS/Source/tasks.o
                0x0800a22c                vTaskStartScheduler
 .text.vTaskSuspendAll
                0x0800a2a0       0x10 ./Middlewares/Third_Party/FreeRTOS/Source/tasks.o
                0x0800a2a0                vTaskSuspendAll
 .text.xTaskIncrementTick
                0x0800a2b0      0x12c ./Middlewares/Third_Party/FreeRTOS/Source/tasks.o
                0x0800a2b0                xTaskIncrementTick
 .text.xTaskResumeAll
                0x0800a3dc       0xf8 ./Middlewares/Third_Party/FreeRTOS/Source/tasks.o
                0x0800a3dc                xTaskResumeAll
 .text.vTaskDelay
                0x0800a4d4       0x4c ./Middlewares/Third_Party/FreeRTOS/Source/tasks.o
                0x0800a4d4                vTaskDelay
 .text.vTaskSwitchContext
                0x0800a520       0xb4 ./Middlewares/Third_Party/FreeRTOS/Source/tasks.o
                0x0800a520                vTaskSwitchContext
 .text.xTaskRemoveFromEventList
                0x0800a5d4       0x8c ./Middlewares/Third_Party/FreeRTOS/Source/tasks.o
                0x0800a5d4                xTaskRemoveFromEventList
 .text.xTaskGetSchedulerState
                0x0800a660       0x20 ./Middlewares/Third_Party/FreeRTOS/Source/tasks.o
                0x0800a660                xTaskGetSchedulerState
 .text.xTaskPriorityDisinherit
                0x0800a680       0xb0 ./Middlewares/Third_Party/FreeRTOS/Source/tasks.o
                0x0800a680                xTaskPriorityDisinherit
 .text.prvTaskExitError
                0x0800a730       0x40 ./Middlewares/Third_Party/FreeRTOS/Source/portable/GCC/ARM_CM3/port.o
 .text.prvPortStartFirstTask
                0x0800a770       0x20 ./Middlewares/Third_Party/FreeRTOS/Source/portable/GCC/ARM_CM3/port.o
 .text.pxPortInitialiseStack
                0x0800a790       0x24 ./Middlewares/Third_Party/FreeRTOS/Source/portable/GCC/ARM_CM3/port.o
                0x0800a790                pxPortInitialiseStack
 *fill*         0x0800a7b4        0xc 
 .text.SVC_Handler
                0x0800a7c0       0x24 ./Middlewares/Third_Party/FreeRTOS/Source/portable/GCC/ARM_CM3/port.o
                0x0800a7c0                SVC_Handler
 .text.vPortEnterCritical
                0x0800a7e4       0x44 ./Middlewares/Third_Party/FreeRTOS/Source/portable/GCC/ARM_CM3/port.o
                0x0800a7e4                vPortEnterCritical
 .text.vPortExitCritical
                0x0800a828       0x2c ./Middlewares/Third_Party/FreeRTOS/Source/portable/GCC/ARM_CM3/port.o
                0x0800a828                vPortExitCritical
 *fill*         0x0800a854        0xc 
 .text.PendSV_Handler
                0x0800a860       0x44 ./Middlewares/Third_Party/FreeRTOS/Source/portable/GCC/ARM_CM3/port.o
                0x0800a860                PendSV_Handler
 .text.xPortSysTickHandler
                0x0800a8a4       0x2c ./Middlewares/Third_Party/FreeRTOS/Source/portable/GCC/ARM_CM3/port.o
                0x0800a8a4                xPortSysTickHandler
 .text.vPortSetupTimerInterrupt
                0x0800a8d0       0x28 ./Middlewares/Third_Party/FreeRTOS/Source/portable/GCC/ARM_CM3/port.o
                0x0800a8d0                vPortSetupTimerInterrupt
 .text.xPortStartScheduler
                0x0800a8f8       0xc0 ./Middlewares/Third_Party/FreeRTOS/Source/portable/GCC/ARM_CM3/port.o
                0x0800a8f8                xPortStartScheduler
 .text.vPortValidateInterruptPriority
                0x0800a9b8       0x5c ./Middlewares/Third_Party/FreeRTOS/Source/portable/GCC/ARM_CM3/port.o
                0x0800a9b8                vPortValidateInterruptPriority
 .text.prvHeapInit
                0x0800aa14       0x64 ./Middlewares/Third_Party/FreeRTOS/Source/portable/MemMang/heap_4.o
 .text.prvInsertBlockIntoFreeList
                0x0800aa78       0x60 ./Middlewares/Third_Party/FreeRTOS/Source/portable/MemMang/heap_4.o
 .text.pvPortMalloc
                0x0800aad8      0x118 ./Middlewares/Third_Party/FreeRTOS/Source/portable/MemMang/heap_4.o
                0x0800aad8                pvPortMalloc
 .text.vPortFree
                0x0800abf0       0x7c ./Middlewares/Third_Party/FreeRTOS/Source/portable/MemMang/heap_4.o
                0x0800abf0                vPortFree
 .text.CanCcl_InitPowerOn
                0x0800ac6c       0x14 ./Service/Service_CanComm/Service_CanComm_ccl.o
 .text.CanCcl_vPoweronInit
                0x0800ac80        0x8 ./Service/Service_CanComm/Service_CanComm_ccl.o
                0x0800ac80                CanCcl_vPoweronInit
 .text.CanCcl_TickCntHnadler
                0x0800ac88        0x8 ./Service/Service_CanComm/Service_CanComm_ccl.o
                0x0800ac88                CanCcl_TickCntHnadler
 .text.CanIl_TxStateTask
                0x0800ac90       0x94 ./Service/Service_CanComm/Service_CanComm_il.o
 .text.CanIl_EventMsgCycTxPro
                0x0800ad24       0x7c ./Service/Service_CanComm/Service_CanComm_il.o
 .text.CanDrv_HLTxConfirm
                0x0800ada0       0x1c ./Service/Service_CanComm/Service_CanComm_il.o
 .text.CanIl_MessageTable_Init
                0x0800adbc        0x2 ./Service/Service_CanComm/Service_CanComm_il.o
                0x0800adbc                CanIl_MessageTable_Init
 *fill*         0x0800adbe        0x2 
 .text.CanIl_StateInit
                0x0800adc0        0xc ./Service/Service_CanComm/Service_CanComm_il.o
                0x0800adc0                CanIl_StateInit
 .text.CanIl_RxStart
                0x0800adcc       0x1c ./Service/Service_CanComm/Service_CanComm_il.o
                0x0800adcc                CanIl_RxStart
 .text.CanIl_TxStart
                0x0800ade8       0xb0 ./Service/Service_CanComm/Service_CanComm_il.o
                0x0800ade8                CanIl_TxStart
 .text.CanIl_SendEventMsg
                0x0800ae98       0x34 ./Service/Service_CanComm/Service_CanComm_il.o
                0x0800ae98                CanIl_SendEventMsg
 .text.CanStartTransmission
                0x0800aecc       0x32 ./Service/Service_CanComm/Service_CanComm_il.o
                0x0800aecc                CanStartTransmission
 *fill*         0x0800aefe        0x2 
 .text.CanCopyDataAndStartTransmission
                0x0800af00       0x84 ./Service/Service_CanComm/Service_CanComm_il.o
 .text.CanDrvTransmit
                0x0800af84       0x24 ./Service/Service_CanComm/Service_CanComm_il.o
 .text.CanIl_SendMsg
                0x0800afa8       0x58 ./Service/Service_CanComm/Service_CanComm_il.o
 .text.CanIl_TxTimerTask
                0x0800b000      0x1e4 ./Service/Service_CanComm/Service_CanComm_il.o
 .text.CanIl_TxTask
                0x0800b1e4       0x10 ./Service/Service_CanComm/Service_CanComm_il.o
                0x0800b1e4                CanIl_TxTask
 .text.UserTimer_CreateDefault
                0x0800b1f4       0x38 ./User/UserTimer/UserTimer.o
                0x0800b1f4                UserTimer_CreateDefault
 .text.UserTimer_Initial
                0x0800b22c       0x50 ./User/UserTimer/UserTimer.o
                0x0800b22c                UserTimer_Initial
 .text.UserTimer_Handler
                0x0800b27c       0x70 ./User/UserTimer/UserTimer.o
                0x0800b27c                UserTimer_Handler
 .text.UserTimer_SetPeriod
                0x0800b2ec       0x18 ./User/UserTimer/UserTimer.o
                0x0800b2ec                UserTimer_SetPeriod
 .text.LedHeart_Tick_1000ms_TimeoutFunc
                0x0800b304       0x50 ./User/UserTimer/UserTimer_App.o
                0x0800b304                LedHeart_Tick_1000ms_TimeoutFunc
 .text.__cvt    0x0800b354       0xc8 D:/software/STM32CubeIDE_1.18.1/STM32CubeIDE/plugins/com.st.stm32cube.ide.mcu.externaltools.gnu-tools-for-stm32.13.3.rel1.win32_1.0.0.202411081344/tools/bin/../lib/gcc/arm-none-eabi/13.3.1/../../../../arm-none-eabi/lib/thumb/v7-m/nofp\libc_nano.a(libc_a-nano-vfprintf_float.o)
                0x0800b354                __cvt
 .text.__exponent
                0x0800b41c       0x74 D:/software/STM32CubeIDE_1.18.1/STM32CubeIDE/plugins/com.st.stm32cube.ide.mcu.externaltools.gnu-tools-for-stm32.13.3.rel1.win32_1.0.0.202411081344/tools/bin/../lib/gcc/arm-none-eabi/13.3.1/../../../../arm-none-eabi/lib/thumb/v7-m/nofp\libc_nano.a(libc_a-nano-vfprintf_float.o)
                0x0800b41c                __exponent
 .text._printf_float
                0x0800b490      0x458 D:/software/STM32CubeIDE_1.18.1/STM32CubeIDE/plugins/com.st.stm32cube.ide.mcu.externaltools.gnu-tools-for-stm32.13.3.rel1.win32_1.0.0.202411081344/tools/bin/../lib/gcc/arm-none-eabi/13.3.1/../../../../arm-none-eabi/lib/thumb/v7-m/nofp\libc_nano.a(libc_a-nano-vfprintf_float.o)
                0x0800b490                _printf_float
 .text._printf_common
                0x0800b8e8       0xe4 D:/software/STM32CubeIDE_1.18.1/STM32CubeIDE/plugins/com.st.stm32cube.ide.mcu.externaltools.gnu-tools-for-stm32.13.3.rel1.win32_1.0.0.202411081344/tools/bin/../lib/gcc/arm-none-eabi/13.3.1/../../../../arm-none-eabi/lib/thumb/v7-m/nofp\libc_nano.a(libc_a-nano-vfprintf_i.o)
                0x0800b8e8                _printf_common
 .text._printf_i
                0x0800b9cc      0x23c D:/software/STM32CubeIDE_1.18.1/STM32CubeIDE/plugins/com.st.stm32cube.ide.mcu.externaltools.gnu-tools-for-stm32.13.3.rel1.win32_1.0.0.202411081344/tools/bin/../lib/gcc/arm-none-eabi/13.3.1/../../../../arm-none-eabi/lib/thumb/v7-m/nofp\libc_nano.a(libc_a-nano-vfprintf_i.o)
                0x0800b9cc                _printf_i
 .text._scanf_float
                0x0800bc08      0x414 D:/software/STM32CubeIDE_1.18.1/STM32CubeIDE/plugins/com.st.stm32cube.ide.mcu.externaltools.gnu-tools-for-stm32.13.3.rel1.win32_1.0.0.202411081344/tools/bin/../lib/gcc/arm-none-eabi/13.3.1/../../../../arm-none-eabi/lib/thumb/v7-m/nofp\libc_nano.a(libc_a-nano-vfscanf_float.o)
                0x0800bc08                _scanf_float
 .text.std      0x0800c01c       0x6c D:/software/STM32CubeIDE_1.18.1/STM32CubeIDE/plugins/com.st.stm32cube.ide.mcu.externaltools.gnu-tools-for-stm32.13.3.rel1.win32_1.0.0.202411081344/tools/bin/../lib/gcc/arm-none-eabi/13.3.1/../../../../arm-none-eabi/lib/thumb/v7-m/nofp\libc_nano.a(libc_a-findfp.o)
 .text.stdio_exit_handler
                0x0800c088       0x18 D:/software/STM32CubeIDE_1.18.1/STM32CubeIDE/plugins/com.st.stm32cube.ide.mcu.externaltools.gnu-tools-for-stm32.13.3.rel1.win32_1.0.0.202411081344/tools/bin/../lib/gcc/arm-none-eabi/13.3.1/../../../../arm-none-eabi/lib/thumb/v7-m/nofp\libc_nano.a(libc_a-findfp.o)
 .text.cleanup_stdio
                0x0800c0a0       0x40 D:/software/STM32CubeIDE_1.18.1/STM32CubeIDE/plugins/com.st.stm32cube.ide.mcu.externaltools.gnu-tools-for-stm32.13.3.rel1.win32_1.0.0.202411081344/tools/bin/../lib/gcc/arm-none-eabi/13.3.1/../../../../arm-none-eabi/lib/thumb/v7-m/nofp\libc_nano.a(libc_a-findfp.o)
 .text.global_stdio_init.part.0
                0x0800c0e0       0x3c D:/software/STM32CubeIDE_1.18.1/STM32CubeIDE/plugins/com.st.stm32cube.ide.mcu.externaltools.gnu-tools-for-stm32.13.3.rel1.win32_1.0.0.202411081344/tools/bin/../lib/gcc/arm-none-eabi/13.3.1/../../../../arm-none-eabi/lib/thumb/v7-m/nofp\libc_nano.a(libc_a-findfp.o)
 .text.__sfp_lock_acquire
                0x0800c11c        0xc D:/software/STM32CubeIDE_1.18.1/STM32CubeIDE/plugins/com.st.stm32cube.ide.mcu.externaltools.gnu-tools-for-stm32.13.3.rel1.win32_1.0.0.202411081344/tools/bin/../lib/gcc/arm-none-eabi/13.3.1/../../../../arm-none-eabi/lib/thumb/v7-m/nofp\libc_nano.a(libc_a-findfp.o)
                0x0800c11c                __sfp_lock_acquire
 .text.__sfp_lock_release
                0x0800c128        0xc D:/software/STM32CubeIDE_1.18.1/STM32CubeIDE/plugins/com.st.stm32cube.ide.mcu.externaltools.gnu-tools-for-stm32.13.3.rel1.win32_1.0.0.202411081344/tools/bin/../lib/gcc/arm-none-eabi/13.3.1/../../../../arm-none-eabi/lib/thumb/v7-m/nofp\libc_nano.a(libc_a-findfp.o)
                0x0800c128                __sfp_lock_release
 .text.__sinit  0x0800c134       0x30 D:/software/STM32CubeIDE_1.18.1/STM32CubeIDE/plugins/com.st.stm32cube.ide.mcu.externaltools.gnu-tools-for-stm32.13.3.rel1.win32_1.0.0.202411081344/tools/bin/../lib/gcc/arm-none-eabi/13.3.1/../../../../arm-none-eabi/lib/thumb/v7-m/nofp\libc_nano.a(libc_a-findfp.o)
                0x0800c134                __sinit
 .text._fwalk_sglue
                0x0800c164       0x3c D:/software/STM32CubeIDE_1.18.1/STM32CubeIDE/plugins/com.st.stm32cube.ide.mcu.externaltools.gnu-tools-for-stm32.13.3.rel1.win32_1.0.0.202411081344/tools/bin/../lib/gcc/arm-none-eabi/13.3.1/../../../../arm-none-eabi/lib/thumb/v7-m/nofp\libc_nano.a(libc_a-fwalk.o)
                0x0800c164                _fwalk_sglue
 .text._puts_r  0x0800c1a0       0xaa D:/software/STM32CubeIDE_1.18.1/STM32CubeIDE/plugins/com.st.stm32cube.ide.mcu.externaltools.gnu-tools-for-stm32.13.3.rel1.win32_1.0.0.202411081344/tools/bin/../lib/gcc/arm-none-eabi/13.3.1/../../../../arm-none-eabi/lib/thumb/v7-m/nofp\libc_nano.a(libc_a-puts.o)
                0x0800c1a0                _puts_r
 *fill*         0x0800c24a        0x2 
 .text.puts     0x0800c24c       0x10 D:/software/STM32CubeIDE_1.18.1/STM32CubeIDE/plugins/com.st.stm32cube.ide.mcu.externaltools.gnu-tools-for-stm32.13.3.rel1.win32_1.0.0.202411081344/tools/bin/../lib/gcc/arm-none-eabi/13.3.1/../../../../arm-none-eabi/lib/thumb/v7-m/nofp\libc_nano.a(libc_a-puts.o)
                0x0800c24c                puts
 .text.sprintf  0x0800c25c       0x44 D:/software/STM32CubeIDE_1.18.1/STM32CubeIDE/plugins/com.st.stm32cube.ide.mcu.externaltools.gnu-tools-for-stm32.13.3.rel1.win32_1.0.0.202411081344/tools/bin/../lib/gcc/arm-none-eabi/13.3.1/../../../../arm-none-eabi/lib/thumb/v7-m/nofp\libc_nano.a(libc_a-sprintf.o)
                0x0800c25c                siprintf
                0x0800c25c                sprintf
 .text.__sread  0x0800c2a0       0x22 D:/software/STM32CubeIDE_1.18.1/STM32CubeIDE/plugins/com.st.stm32cube.ide.mcu.externaltools.gnu-tools-for-stm32.13.3.rel1.win32_1.0.0.202411081344/tools/bin/../lib/gcc/arm-none-eabi/13.3.1/../../../../arm-none-eabi/lib/thumb/v7-m/nofp\libc_nano.a(libc_a-stdio.o)
                0x0800c2a0                __sread
 .text.__swrite
                0x0800c2c2       0x38 D:/software/STM32CubeIDE_1.18.1/STM32CubeIDE/plugins/com.st.stm32cube.ide.mcu.externaltools.gnu-tools-for-stm32.13.3.rel1.win32_1.0.0.202411081344/tools/bin/../lib/gcc/arm-none-eabi/13.3.1/../../../../arm-none-eabi/lib/thumb/v7-m/nofp\libc_nano.a(libc_a-stdio.o)
                0x0800c2c2                __swrite
 .text.__sseek  0x0800c2fa       0x24 D:/software/STM32CubeIDE_1.18.1/STM32CubeIDE/plugins/com.st.stm32cube.ide.mcu.externaltools.gnu-tools-for-stm32.13.3.rel1.win32_1.0.0.202411081344/tools/bin/../lib/gcc/arm-none-eabi/13.3.1/../../../../arm-none-eabi/lib/thumb/v7-m/nofp\libc_nano.a(libc_a-stdio.o)
                0x0800c2fa                __sseek
 .text.__sclose
                0x0800c31e        0x8 D:/software/STM32CubeIDE_1.18.1/STM32CubeIDE/plugins/com.st.stm32cube.ide.mcu.externaltools.gnu-tools-for-stm32.13.3.rel1.win32_1.0.0.202411081344/tools/bin/../lib/gcc/arm-none-eabi/13.3.1/../../../../arm-none-eabi/lib/thumb/v7-m/nofp\libc_nano.a(libc_a-stdio.o)
                0x0800c31e                __sclose
 .text.__swbuf_r
                0x0800c326       0x7c D:/software/STM32CubeIDE_1.18.1/STM32CubeIDE/plugins/com.st.stm32cube.ide.mcu.externaltools.gnu-tools-for-stm32.13.3.rel1.win32_1.0.0.202411081344/tools/bin/../lib/gcc/arm-none-eabi/13.3.1/../../../../arm-none-eabi/lib/thumb/v7-m/nofp\libc_nano.a(libc_a-wbuf.o)
                0x0800c326                __swbuf_r
 *fill*         0x0800c3a2        0x2 
 .text.__swsetup_r
                0x0800c3a4       0xac D:/software/STM32CubeIDE_1.18.1/STM32CubeIDE/plugins/com.st.stm32cube.ide.mcu.externaltools.gnu-tools-for-stm32.13.3.rel1.win32_1.0.0.202411081344/tools/bin/../lib/gcc/arm-none-eabi/13.3.1/../../../../arm-none-eabi/lib/thumb/v7-m/nofp\libc_nano.a(libc_a-wsetup.o)
                0x0800c3a4                __swsetup_r
 .text.memset   0x0800c450       0x10 D:/software/STM32CubeIDE_1.18.1/STM32CubeIDE/plugins/com.st.stm32cube.ide.mcu.externaltools.gnu-tools-for-stm32.13.3.rel1.win32_1.0.0.202411081344/tools/bin/../lib/gcc/arm-none-eabi/13.3.1/../../../../arm-none-eabi/lib/thumb/v7-m/nofp\libc_nano.a(libc_a-memset.o)
                0x0800c450                memset
 .text._localeconv_r
                0x0800c460        0x8 D:/software/STM32CubeIDE_1.18.1/STM32CubeIDE/plugins/com.st.stm32cube.ide.mcu.externaltools.gnu-tools-for-stm32.13.3.rel1.win32_1.0.0.202411081344/tools/bin/../lib/gcc/arm-none-eabi/13.3.1/../../../../arm-none-eabi/lib/thumb/v7-m/nofp\libc_nano.a(libc_a-localeconv.o)
                0x0800c460                _localeconv_r
 .text._close_r
                0x0800c468       0x20 D:/software/STM32CubeIDE_1.18.1/STM32CubeIDE/plugins/com.st.stm32cube.ide.mcu.externaltools.gnu-tools-for-stm32.13.3.rel1.win32_1.0.0.202411081344/tools/bin/../lib/gcc/arm-none-eabi/13.3.1/../../../../arm-none-eabi/lib/thumb/v7-m/nofp\libc_nano.a(libc_a-closer.o)
                0x0800c468                _close_r
 .text._lseek_r
                0x0800c488       0x24 D:/software/STM32CubeIDE_1.18.1/STM32CubeIDE/plugins/com.st.stm32cube.ide.mcu.externaltools.gnu-tools-for-stm32.13.3.rel1.win32_1.0.0.202411081344/tools/bin/../lib/gcc/arm-none-eabi/13.3.1/../../../../arm-none-eabi/lib/thumb/v7-m/nofp\libc_nano.a(libc_a-lseekr.o)
                0x0800c488                _lseek_r
 .text._read_r  0x0800c4ac       0x24 D:/software/STM32CubeIDE_1.18.1/STM32CubeIDE/plugins/com.st.stm32cube.ide.mcu.externaltools.gnu-tools-for-stm32.13.3.rel1.win32_1.0.0.202411081344/tools/bin/../lib/gcc/arm-none-eabi/13.3.1/../../../../arm-none-eabi/lib/thumb/v7-m/nofp\libc_nano.a(libc_a-readr.o)
                0x0800c4ac                _read_r
 .text._write_r
                0x0800c4d0       0x24 D:/software/STM32CubeIDE_1.18.1/STM32CubeIDE/plugins/com.st.stm32cube.ide.mcu.externaltools.gnu-tools-for-stm32.13.3.rel1.win32_1.0.0.202411081344/tools/bin/../lib/gcc/arm-none-eabi/13.3.1/../../../../arm-none-eabi/lib/thumb/v7-m/nofp\libc_nano.a(libc_a-writer.o)
                0x0800c4d0                _write_r
 .text.__errno  0x0800c4f4        0xc D:/software/STM32CubeIDE_1.18.1/STM32CubeIDE/plugins/com.st.stm32cube.ide.mcu.externaltools.gnu-tools-for-stm32.13.3.rel1.win32_1.0.0.202411081344/tools/bin/../lib/gcc/arm-none-eabi/13.3.1/../../../../arm-none-eabi/lib/thumb/v7-m/nofp\libc_nano.a(libc_a-errno.o)
                0x0800c4f4                __errno
 .text.__libc_init_array
                0x0800c500       0x48 D:/software/STM32CubeIDE_1.18.1/STM32CubeIDE/plugins/com.st.stm32cube.ide.mcu.externaltools.gnu-tools-for-stm32.13.3.rel1.win32_1.0.0.202411081344/tools/bin/../lib/gcc/arm-none-eabi/13.3.1/../../../../arm-none-eabi/lib/thumb/v7-m/nofp\libc_nano.a(libc_a-init.o)
                0x0800c500                __libc_init_array
 .text.__retarget_lock_init_recursive
                0x0800c548        0x2 D:/software/STM32CubeIDE_1.18.1/STM32CubeIDE/plugins/com.st.stm32cube.ide.mcu.externaltools.gnu-tools-for-stm32.13.3.rel1.win32_1.0.0.202411081344/tools/bin/../lib/gcc/arm-none-eabi/13.3.1/../../../../arm-none-eabi/lib/thumb/v7-m/nofp\libc_nano.a(libc_a-lock.o)
                0x0800c548                __retarget_lock_init_recursive
 .text.__retarget_lock_acquire_recursive
                0x0800c54a        0x2 D:/software/STM32CubeIDE_1.18.1/STM32CubeIDE/plugins/com.st.stm32cube.ide.mcu.externaltools.gnu-tools-for-stm32.13.3.rel1.win32_1.0.0.202411081344/tools/bin/../lib/gcc/arm-none-eabi/13.3.1/../../../../arm-none-eabi/lib/thumb/v7-m/nofp\libc_nano.a(libc_a-lock.o)
                0x0800c54a                __retarget_lock_acquire_recursive
 .text.__retarget_lock_release_recursive
                0x0800c54c        0x2 D:/software/STM32CubeIDE_1.18.1/STM32CubeIDE/plugins/com.st.stm32cube.ide.mcu.externaltools.gnu-tools-for-stm32.13.3.rel1.win32_1.0.0.202411081344/tools/bin/../lib/gcc/arm-none-eabi/13.3.1/../../../../arm-none-eabi/lib/thumb/v7-m/nofp\libc_nano.a(libc_a-lock.o)
                0x0800c54c                __retarget_lock_release_recursive
 .text.memchr   0x0800c54e       0x1c D:/software/STM32CubeIDE_1.18.1/STM32CubeIDE/plugins/com.st.stm32cube.ide.mcu.externaltools.gnu-tools-for-stm32.13.3.rel1.win32_1.0.0.202411081344/tools/bin/../lib/gcc/arm-none-eabi/13.3.1/../../../../arm-none-eabi/lib/thumb/v7-m/nofp\libc_nano.a(libc_a-memchr-stub.o)
                0x0800c54e                memchr
 .text.memcpy   0x0800c56a       0x1c D:/software/STM32CubeIDE_1.18.1/STM32CubeIDE/plugins/com.st.stm32cube.ide.mcu.externaltools.gnu-tools-for-stm32.13.3.rel1.win32_1.0.0.202411081344/tools/bin/../lib/gcc/arm-none-eabi/13.3.1/../../../../arm-none-eabi/lib/thumb/v7-m/nofp\libc_nano.a(libc_a-memcpy-stub.o)
                0x0800c56a                memcpy
 *fill*         0x0800c586        0x2 
 .text.nanf     0x0800c588        0x8 D:/software/STM32CubeIDE_1.18.1/STM32CubeIDE/plugins/com.st.stm32cube.ide.mcu.externaltools.gnu-tools-for-stm32.13.3.rel1.win32_1.0.0.202411081344/tools/bin/../lib/gcc/arm-none-eabi/13.3.1/../../../../arm-none-eabi/lib/thumb/v7-m/nofp\libc_nano.a(libm_a-sf_nan.o)
                0x0800c588                nanf
 .text.quorem   0x0800c590      0x110 D:/software/STM32CubeIDE_1.18.1/STM32CubeIDE/plugins/com.st.stm32cube.ide.mcu.externaltools.gnu-tools-for-stm32.13.3.rel1.win32_1.0.0.202411081344/tools/bin/../lib/gcc/arm-none-eabi/13.3.1/../../../../arm-none-eabi/lib/thumb/v7-m/nofp\libc_nano.a(libc_a-dtoa.o)
 .text._dtoa_r  0x0800c6a0      0xba8 D:/software/STM32CubeIDE_1.18.1/STM32CubeIDE/plugins/com.st.stm32cube.ide.mcu.externaltools.gnu-tools-for-stm32.13.3.rel1.win32_1.0.0.202411081344/tools/bin/../lib/gcc/arm-none-eabi/13.3.1/../../../../arm-none-eabi/lib/thumb/v7-m/nofp\libc_nano.a(libc_a-dtoa.o)
                0x0800c6a0                _dtoa_r
 .text._free_r  0x0800d248       0x90 D:/software/STM32CubeIDE_1.18.1/STM32CubeIDE/plugins/com.st.stm32cube.ide.mcu.externaltools.gnu-tools-for-stm32.13.3.rel1.win32_1.0.0.202411081344/tools/bin/../lib/gcc/arm-none-eabi/13.3.1/../../../../arm-none-eabi/lib/thumb/v7-m/nofp\libc_nano.a(libc_a-freer.o)
                0x0800d248                _free_r
 .text.malloc   0x0800d2d8       0x10 D:/software/STM32CubeIDE_1.18.1/STM32CubeIDE/plugins/com.st.stm32cube.ide.mcu.externaltools.gnu-tools-for-stm32.13.3.rel1.win32_1.0.0.202411081344/tools/bin/../lib/gcc/arm-none-eabi/13.3.1/../../../../arm-none-eabi/lib/thumb/v7-m/nofp\libc_nano.a(libc_a-malloc.o)
                0x0800d2d8                malloc
 .text.sbrk_aligned
                0x0800d2e8       0x44 D:/software/STM32CubeIDE_1.18.1/STM32CubeIDE/plugins/com.st.stm32cube.ide.mcu.externaltools.gnu-tools-for-stm32.13.3.rel1.win32_1.0.0.202411081344/tools/bin/../lib/gcc/arm-none-eabi/13.3.1/../../../../arm-none-eabi/lib/thumb/v7-m/nofp\libc_nano.a(libc_a-mallocr.o)
 .text._malloc_r
                0x0800d32c      0x100 D:/software/STM32CubeIDE_1.18.1/STM32CubeIDE/plugins/com.st.stm32cube.ide.mcu.externaltools.gnu-tools-for-stm32.13.3.rel1.win32_1.0.0.202411081344/tools/bin/../lib/gcc/arm-none-eabi/13.3.1/../../../../arm-none-eabi/lib/thumb/v7-m/nofp\libc_nano.a(libc_a-mallocr.o)
                0x0800d32c                _malloc_r
 .text.__malloc_lock
                0x0800d42c        0xc D:/software/STM32CubeIDE_1.18.1/STM32CubeIDE/plugins/com.st.stm32cube.ide.mcu.externaltools.gnu-tools-for-stm32.13.3.rel1.win32_1.0.0.202411081344/tools/bin/../lib/gcc/arm-none-eabi/13.3.1/../../../../arm-none-eabi/lib/thumb/v7-m/nofp\libc_nano.a(libc_a-mlock.o)
                0x0800d42c                __malloc_lock
 .text.__malloc_unlock
                0x0800d438        0xc D:/software/STM32CubeIDE_1.18.1/STM32CubeIDE/plugins/com.st.stm32cube.ide.mcu.externaltools.gnu-tools-for-stm32.13.3.rel1.win32_1.0.0.202411081344/tools/bin/../lib/gcc/arm-none-eabi/13.3.1/../../../../arm-none-eabi/lib/thumb/v7-m/nofp\libc_nano.a(libc_a-mlock.o)
                0x0800d438                __malloc_unlock
 .text._Balloc  0x0800d444       0x80 D:/software/STM32CubeIDE_1.18.1/STM32CubeIDE/plugins/com.st.stm32cube.ide.mcu.externaltools.gnu-tools-for-stm32.13.3.rel1.win32_1.0.0.202411081344/tools/bin/../lib/gcc/arm-none-eabi/13.3.1/../../../../arm-none-eabi/lib/thumb/v7-m/nofp\libc_nano.a(libc_a-mprec.o)
                0x0800d444                _Balloc
 .text._Bfree   0x0800d4c4       0x44 D:/software/STM32CubeIDE_1.18.1/STM32CubeIDE/plugins/com.st.stm32cube.ide.mcu.externaltools.gnu-tools-for-stm32.13.3.rel1.win32_1.0.0.202411081344/tools/bin/../lib/gcc/arm-none-eabi/13.3.1/../../../../arm-none-eabi/lib/thumb/v7-m/nofp\libc_nano.a(libc_a-mprec.o)
                0x0800d4c4                _Bfree
 .text.__multadd
                0x0800d508       0x8c D:/software/STM32CubeIDE_1.18.1/STM32CubeIDE/plugins/com.st.stm32cube.ide.mcu.externaltools.gnu-tools-for-stm32.13.3.rel1.win32_1.0.0.202411081344/tools/bin/../lib/gcc/arm-none-eabi/13.3.1/../../../../arm-none-eabi/lib/thumb/v7-m/nofp\libc_nano.a(libc_a-mprec.o)
                0x0800d508                __multadd
 .text.__s2b    0x0800d594       0x94 D:/software/STM32CubeIDE_1.18.1/STM32CubeIDE/plugins/com.st.stm32cube.ide.mcu.externaltools.gnu-tools-for-stm32.13.3.rel1.win32_1.0.0.202411081344/tools/bin/../lib/gcc/arm-none-eabi/13.3.1/../../../../arm-none-eabi/lib/thumb/v7-m/nofp\libc_nano.a(libc_a-mprec.o)
                0x0800d594                __s2b
 .text.__hi0bits
                0x0800d628       0x3e D:/software/STM32CubeIDE_1.18.1/STM32CubeIDE/plugins/com.st.stm32cube.ide.mcu.externaltools.gnu-tools-for-stm32.13.3.rel1.win32_1.0.0.202411081344/tools/bin/../lib/gcc/arm-none-eabi/13.3.1/../../../../arm-none-eabi/lib/thumb/v7-m/nofp\libc_nano.a(libc_a-mprec.o)
                0x0800d628                __hi0bits
 .text.__lo0bits
                0x0800d666       0x5a D:/software/STM32CubeIDE_1.18.1/STM32CubeIDE/plugins/com.st.stm32cube.ide.mcu.externaltools.gnu-tools-for-stm32.13.3.rel1.win32_1.0.0.202411081344/tools/bin/../lib/gcc/arm-none-eabi/13.3.1/../../../../arm-none-eabi/lib/thumb/v7-m/nofp\libc_nano.a(libc_a-mprec.o)
                0x0800d666                __lo0bits
 .text.__i2b    0x0800d6c0       0x2c D:/software/STM32CubeIDE_1.18.1/STM32CubeIDE/plugins/com.st.stm32cube.ide.mcu.externaltools.gnu-tools-for-stm32.13.3.rel1.win32_1.0.0.202411081344/tools/bin/../lib/gcc/arm-none-eabi/13.3.1/../../../../arm-none-eabi/lib/thumb/v7-m/nofp\libc_nano.a(libc_a-mprec.o)
                0x0800d6c0                __i2b
 .text.__multiply
                0x0800d6ec      0x144 D:/software/STM32CubeIDE_1.18.1/STM32CubeIDE/plugins/com.st.stm32cube.ide.mcu.externaltools.gnu-tools-for-stm32.13.3.rel1.win32_1.0.0.202411081344/tools/bin/../lib/gcc/arm-none-eabi/13.3.1/../../../../arm-none-eabi/lib/thumb/v7-m/nofp\libc_nano.a(libc_a-mprec.o)
                0x0800d6ec                __multiply
 .text.__pow5mult
                0x0800d830       0xb4 D:/software/STM32CubeIDE_1.18.1/STM32CubeIDE/plugins/com.st.stm32cube.ide.mcu.externaltools.gnu-tools-for-stm32.13.3.rel1.win32_1.0.0.202411081344/tools/bin/../lib/gcc/arm-none-eabi/13.3.1/../../../../arm-none-eabi/lib/thumb/v7-m/nofp\libc_nano.a(libc_a-mprec.o)
                0x0800d830                __pow5mult
 .text.__lshift
                0x0800d8e4       0xd8 D:/software/STM32CubeIDE_1.18.1/STM32CubeIDE/plugins/com.st.stm32cube.ide.mcu.externaltools.gnu-tools-for-stm32.13.3.rel1.win32_1.0.0.202411081344/tools/bin/../lib/gcc/arm-none-eabi/13.3.1/../../../../arm-none-eabi/lib/thumb/v7-m/nofp\libc_nano.a(libc_a-mprec.o)
                0x0800d8e4                __lshift
 .text.__mcmp   0x0800d9bc       0x36 D:/software/STM32CubeIDE_1.18.1/STM32CubeIDE/plugins/com.st.stm32cube.ide.mcu.externaltools.gnu-tools-for-stm32.13.3.rel1.win32_1.0.0.202411081344/tools/bin/../lib/gcc/arm-none-eabi/13.3.1/../../../../arm-none-eabi/lib/thumb/v7-m/nofp\libc_nano.a(libc_a-mprec.o)
                0x0800d9bc                __mcmp
 *fill*         0x0800d9f2        0x2 
 .text.__mdiff  0x0800d9f4      0x128 D:/software/STM32CubeIDE_1.18.1/STM32CubeIDE/plugins/com.st.stm32cube.ide.mcu.externaltools.gnu-tools-for-stm32.13.3.rel1.win32_1.0.0.202411081344/tools/bin/../lib/gcc/arm-none-eabi/13.3.1/../../../../arm-none-eabi/lib/thumb/v7-m/nofp\libc_nano.a(libc_a-mprec.o)
                0x0800d9f4                __mdiff
 .text.__ulp    0x0800db1c       0x40 D:/software/STM32CubeIDE_1.18.1/STM32CubeIDE/plugins/com.st.stm32cube.ide.mcu.externaltools.gnu-tools-for-stm32.13.3.rel1.win32_1.0.0.202411081344/tools/bin/../lib/gcc/arm-none-eabi/13.3.1/../../../../arm-none-eabi/lib/thumb/v7-m/nofp\libc_nano.a(libc_a-mprec.o)
                0x0800db1c                __ulp
 .text.__b2d    0x0800db5c       0x90 D:/software/STM32CubeIDE_1.18.1/STM32CubeIDE/plugins/com.st.stm32cube.ide.mcu.externaltools.gnu-tools-for-stm32.13.3.rel1.win32_1.0.0.202411081344/tools/bin/../lib/gcc/arm-none-eabi/13.3.1/../../../../arm-none-eabi/lib/thumb/v7-m/nofp\libc_nano.a(libc_a-mprec.o)
                0x0800db5c                __b2d
 .text.__d2b    0x0800dbec       0xb0 D:/software/STM32CubeIDE_1.18.1/STM32CubeIDE/plugins/com.st.stm32cube.ide.mcu.externaltools.gnu-tools-for-stm32.13.3.rel1.win32_1.0.0.202411081344/tools/bin/../lib/gcc/arm-none-eabi/13.3.1/../../../../arm-none-eabi/lib/thumb/v7-m/nofp\libc_nano.a(libc_a-mprec.o)
                0x0800dbec                __d2b
 .text.__ratio  0x0800dc9c       0x60 D:/software/STM32CubeIDE_1.18.1/STM32CubeIDE/plugins/com.st.stm32cube.ide.mcu.externaltools.gnu-tools-for-stm32.13.3.rel1.win32_1.0.0.202411081344/tools/bin/../lib/gcc/arm-none-eabi/13.3.1/../../../../arm-none-eabi/lib/thumb/v7-m/nofp\libc_nano.a(libc_a-mprec.o)
                0x0800dc9c                __ratio
 .text.__copybits
                0x0800dcfc       0x46 D:/software/STM32CubeIDE_1.18.1/STM32CubeIDE/plugins/com.st.stm32cube.ide.mcu.externaltools.gnu-tools-for-stm32.13.3.rel1.win32_1.0.0.202411081344/tools/bin/../lib/gcc/arm-none-eabi/13.3.1/../../../../arm-none-eabi/lib/thumb/v7-m/nofp\libc_nano.a(libc_a-mprec.o)
                0x0800dcfc                __copybits
 .text.__any_on
                0x0800dd42       0x42 D:/software/STM32CubeIDE_1.18.1/STM32CubeIDE/plugins/com.st.stm32cube.ide.mcu.externaltools.gnu-tools-for-stm32.13.3.rel1.win32_1.0.0.202411081344/tools/bin/../lib/gcc/arm-none-eabi/13.3.1/../../../../arm-none-eabi/lib/thumb/v7-m/nofp\libc_nano.a(libc_a-mprec.o)
                0x0800dd42                __any_on
 .text.sulp     0x0800dd84       0x42 D:/software/STM32CubeIDE_1.18.1/STM32CubeIDE/plugins/com.st.stm32cube.ide.mcu.externaltools.gnu-tools-for-stm32.13.3.rel1.win32_1.0.0.202411081344/tools/bin/../lib/gcc/arm-none-eabi/13.3.1/../../../../arm-none-eabi/lib/thumb/v7-m/nofp\libc_nano.a(libc_a-strtod.o)
 *fill*         0x0800ddc6        0x2 
 .text._strtod_l
                0x0800ddc8      0xbb0 D:/software/STM32CubeIDE_1.18.1/STM32CubeIDE/plugins/com.st.stm32cube.ide.mcu.externaltools.gnu-tools-for-stm32.13.3.rel1.win32_1.0.0.202411081344/tools/bin/../lib/gcc/arm-none-eabi/13.3.1/../../../../arm-none-eabi/lib/thumb/v7-m/nofp\libc_nano.a(libc_a-strtod.o)
                0x0800ddc8                _strtod_l
 .text._strtod_r
                0x0800e978        0xc D:/software/STM32CubeIDE_1.18.1/STM32CubeIDE/plugins/com.st.stm32cube.ide.mcu.externaltools.gnu-tools-for-stm32.13.3.rel1.win32_1.0.0.202411081344/tools/bin/../lib/gcc/arm-none-eabi/13.3.1/../../../../arm-none-eabi/lib/thumb/v7-m/nofp\libc_nano.a(libc_a-strtod.o)
                0x0800e978                _strtod_r
 .text._strtol_l.isra.0
                0x0800e984       0xf4 D:/software/STM32CubeIDE_1.18.1/STM32CubeIDE/plugins/com.st.stm32cube.ide.mcu.externaltools.gnu-tools-for-stm32.13.3.rel1.win32_1.0.0.202411081344/tools/bin/../lib/gcc/arm-none-eabi/13.3.1/../../../../arm-none-eabi/lib/thumb/v7-m/nofp\libc_nano.a(libc_a-strtol.o)
 .text._strtol_r
                0x0800ea78        0x4 D:/software/STM32CubeIDE_1.18.1/STM32CubeIDE/plugins/com.st.stm32cube.ide.mcu.externaltools.gnu-tools-for-stm32.13.3.rel1.win32_1.0.0.202411081344/tools/bin/../lib/gcc/arm-none-eabi/13.3.1/../../../../arm-none-eabi/lib/thumb/v7-m/nofp\libc_nano.a(libc_a-strtol.o)
                0x0800ea78                _strtol_r
 .text.__ssputs_r
                0x0800ea7c       0xb6 D:/software/STM32CubeIDE_1.18.1/STM32CubeIDE/plugins/com.st.stm32cube.ide.mcu.externaltools.gnu-tools-for-stm32.13.3.rel1.win32_1.0.0.202411081344/tools/bin/../lib/gcc/arm-none-eabi/13.3.1/../../../../arm-none-eabi/lib/thumb/v7-m/nofp\libc_nano.a(libc_a-nano-svfprintf.o)
                0x0800ea7c                __ssputs_r
 *fill*         0x0800eb32        0x2 
 .text._svfprintf_r
                0x0800eb34      0x1f8 D:/software/STM32CubeIDE_1.18.1/STM32CubeIDE/plugins/com.st.stm32cube.ide.mcu.externaltools.gnu-tools-for-stm32.13.3.rel1.win32_1.0.0.202411081344/tools/bin/../lib/gcc/arm-none-eabi/13.3.1/../../../../arm-none-eabi/lib/thumb/v7-m/nofp\libc_nano.a(libc_a-nano-svfprintf.o)
                0x0800eb34                _svfiprintf_r
                0x0800eb34                _svfprintf_r
 .text.__sfputc_r
                0x0800ed2c       0x2a D:/software/STM32CubeIDE_1.18.1/STM32CubeIDE/plugins/com.st.stm32cube.ide.mcu.externaltools.gnu-tools-for-stm32.13.3.rel1.win32_1.0.0.202411081344/tools/bin/../lib/gcc/arm-none-eabi/13.3.1/../../../../arm-none-eabi/lib/thumb/v7-m/nofp\libc_nano.a(libc_a-nano-vfprintf.o)
 .text.__sfputs_r
                0x0800ed56       0x24 D:/software/STM32CubeIDE_1.18.1/STM32CubeIDE/plugins/com.st.stm32cube.ide.mcu.externaltools.gnu-tools-for-stm32.13.3.rel1.win32_1.0.0.202411081344/tools/bin/../lib/gcc/arm-none-eabi/13.3.1/../../../../arm-none-eabi/lib/thumb/v7-m/nofp\libc_nano.a(libc_a-nano-vfprintf.o)
                0x0800ed56                __sfputs_r
 *fill*         0x0800ed7a        0x2 
 .text._vfprintf_r
                0x0800ed7c      0x230 D:/software/STM32CubeIDE_1.18.1/STM32CubeIDE/plugins/com.st.stm32cube.ide.mcu.externaltools.gnu-tools-for-stm32.13.3.rel1.win32_1.0.0.202411081344/tools/bin/../lib/gcc/arm-none-eabi/13.3.1/../../../../arm-none-eabi/lib/thumb/v7-m/nofp\libc_nano.a(libc_a-nano-vfprintf.o)
                0x0800ed7c                _vfprintf_r
                0x0800ed7c                _vfiprintf_r
 .text.__sflush_r
                0x0800efac      0x100 D:/software/STM32CubeIDE_1.18.1/STM32CubeIDE/plugins/com.st.stm32cube.ide.mcu.externaltools.gnu-tools-for-stm32.13.3.rel1.win32_1.0.0.202411081344/tools/bin/../lib/gcc/arm-none-eabi/13.3.1/../../../../arm-none-eabi/lib/thumb/v7-m/nofp\libc_nano.a(libc_a-fflush.o)
                0x0800efac                __sflush_r
 .text._fflush_r
                0x0800f0ac       0x50 D:/software/STM32CubeIDE_1.18.1/STM32CubeIDE/plugins/com.st.stm32cube.ide.mcu.externaltools.gnu-tools-for-stm32.13.3.rel1.win32_1.0.0.202411081344/tools/bin/../lib/gcc/arm-none-eabi/13.3.1/../../../../arm-none-eabi/lib/thumb/v7-m/nofp\libc_nano.a(libc_a-fflush.o)
                0x0800f0ac                _fflush_r
 .text.__swhatbuf_r
                0x0800f0fc       0x4a D:/software/STM32CubeIDE_1.18.1/STM32CubeIDE/plugins/com.st.stm32cube.ide.mcu.externaltools.gnu-tools-for-stm32.13.3.rel1.win32_1.0.0.202411081344/tools/bin/../lib/gcc/arm-none-eabi/13.3.1/../../../../arm-none-eabi/lib/thumb/v7-m/nofp\libc_nano.a(libc_a-makebuf.o)
                0x0800f0fc                __swhatbuf_r
 .text.__smakebuf_r
                0x0800f146       0x78 D:/software/STM32CubeIDE_1.18.1/STM32CubeIDE/plugins/com.st.stm32cube.ide.mcu.externaltools.gnu-tools-for-stm32.13.3.rel1.win32_1.0.0.202411081344/tools/bin/../lib/gcc/arm-none-eabi/13.3.1/../../../../arm-none-eabi/lib/thumb/v7-m/nofp\libc_nano.a(libc_a-makebuf.o)
                0x0800f146                __smakebuf_r
 .text.memmove  0x0800f1be       0x34 D:/software/STM32CubeIDE_1.18.1/STM32CubeIDE/plugins/com.st.stm32cube.ide.mcu.externaltools.gnu-tools-for-stm32.13.3.rel1.win32_1.0.0.202411081344/tools/bin/../lib/gcc/arm-none-eabi/13.3.1/../../../../arm-none-eabi/lib/thumb/v7-m/nofp\libc_nano.a(libc_a-memmove.o)
                0x0800f1be                memmove
 .text.strncmp  0x0800f1f2       0x24 D:/software/STM32CubeIDE_1.18.1/STM32CubeIDE/plugins/com.st.stm32cube.ide.mcu.externaltools.gnu-tools-for-stm32.13.3.rel1.win32_1.0.0.202411081344/tools/bin/../lib/gcc/arm-none-eabi/13.3.1/../../../../arm-none-eabi/lib/thumb/v7-m/nofp\libc_nano.a(libc_a-strncmp.o)
                0x0800f1f2                strncmp
 *fill*         0x0800f216        0x2 
 .text._fstat_r
                0x0800f218       0x24 D:/software/STM32CubeIDE_1.18.1/STM32CubeIDE/plugins/com.st.stm32cube.ide.mcu.externaltools.gnu-tools-for-stm32.13.3.rel1.win32_1.0.0.202411081344/tools/bin/../lib/gcc/arm-none-eabi/13.3.1/../../../../arm-none-eabi/lib/thumb/v7-m/nofp\libc_nano.a(libc_a-fstatr.o)
                0x0800f218                _fstat_r
 .text._isatty_r