Archive member included to satisfy reference by file (symbol)

D:/software/STM32CubeIDE_1.18.1/STM32CubeIDE/plugins/com.st.stm32cube.ide.mcu.externaltools.gnu-tools-for-stm32.13.3.rel1.win32_1.0.0.202411081344/tools/bin/../lib/gcc/arm-none-eabi/13.3.1/../../../../arm-none-eabi/lib/thumb/v7-m/nofp\libc_nano.a(libc_a-exit.o)
                              D:/software/STM32CubeIDE_1.18.1/STM32CubeIDE/plugins/com.st.stm32cube.ide.mcu.externaltools.gnu-tools-for-stm32.13.3.rel1.win32_1.0.0.202411081344/tools/bin/../lib/gcc/arm-none-eabi/13.3.1/../../../../arm-none-eabi/lib/thumb/v7-m/nofp/crt0.o (exit)
D:/software/STM32CubeIDE_1.18.1/STM32CubeIDE/plugins/com.st.stm32cube.ide.mcu.externaltools.gnu-tools-for-stm32.13.3.rel1.win32_1.0.0.202411081344/tools/bin/../lib/gcc/arm-none-eabi/13.3.1/../../../../arm-none-eabi/lib/thumb/v7-m/nofp\libc_nano.a(libc_a-nano-vfprintf_float.o)
                              (_printf_float)
D:/software/STM32CubeIDE_1.18.1/STM32CubeIDE/plugins/com.st.stm32cube.ide.mcu.externaltools.gnu-tools-for-stm32.13.3.rel1.win32_1.0.0.202411081344/tools/bin/../lib/gcc/arm-none-eabi/13.3.1/../../../../arm-none-eabi/lib/thumb/v7-m/nofp\libc_nano.a(libc_a-nano-vfprintf_i.o)
                              D:/software/STM32CubeIDE_1.18.1/STM32CubeIDE/plugins/com.st.stm32cube.ide.mcu.externaltools.gnu-tools-for-stm32.13.3.rel1.win32_1.0.0.202411081344/tools/bin/../lib/gcc/arm-none-eabi/13.3.1/../../../../arm-none-eabi/lib/thumb/v7-m/nofp\libc_nano.a(libc_a-nano-vfprintf_float.o) (_printf_common)
D:/software/STM32CubeIDE_1.18.1/STM32CubeIDE/plugins/com.st.stm32cube.ide.mcu.externaltools.gnu-tools-for-stm32.13.3.rel1.win32_1.0.0.202411081344/tools/bin/../lib/gcc/arm-none-eabi/13.3.1/../../../../arm-none-eabi/lib/thumb/v7-m/nofp\libc_nano.a(libc_a-nano-vfscanf_float.o)
                              (_scanf_float)
D:/software/STM32CubeIDE_1.18.1/STM32CubeIDE/plugins/com.st.stm32cube.ide.mcu.externaltools.gnu-tools-for-stm32.13.3.rel1.win32_1.0.0.202411081344/tools/bin/../lib/gcc/arm-none-eabi/13.3.1/../../../../arm-none-eabi/lib/thumb/v7-m/nofp\libc_nano.a(libc_a-findfp.o)
                              D:/software/STM32CubeIDE_1.18.1/STM32CubeIDE/plugins/com.st.stm32cube.ide.mcu.externaltools.gnu-tools-for-stm32.13.3.rel1.win32_1.0.0.202411081344/tools/bin/../lib/gcc/arm-none-eabi/13.3.1/../../../../arm-none-eabi/lib/thumb/v7-m/nofp\libc_nano.a(libc_a-exit.o) (__stdio_exit_handler)
D:/software/STM32CubeIDE_1.18.1/STM32CubeIDE/plugins/com.st.stm32cube.ide.mcu.externaltools.gnu-tools-for-stm32.13.3.rel1.win32_1.0.0.202411081344/tools/bin/../lib/gcc/arm-none-eabi/13.3.1/../../../../arm-none-eabi/lib/thumb/v7-m/nofp\libc_nano.a(libc_a-fwalk.o)
                              D:/software/STM32CubeIDE_1.18.1/STM32CubeIDE/plugins/com.st.stm32cube.ide.mcu.externaltools.gnu-tools-for-stm32.13.3.rel1.win32_1.0.0.202411081344/tools/bin/../lib/gcc/arm-none-eabi/13.3.1/../../../../arm-none-eabi/lib/thumb/v7-m/nofp\libc_nano.a(libc_a-findfp.o) (_fwalk_sglue)
D:/software/STM32CubeIDE_1.18.1/STM32CubeIDE/plugins/com.st.stm32cube.ide.mcu.externaltools.gnu-tools-for-stm32.13.3.rel1.win32_1.0.0.202411081344/tools/bin/../lib/gcc/arm-none-eabi/13.3.1/../../../../arm-none-eabi/lib/thumb/v7-m/nofp\libc_nano.a(libc_a-printf.o)
                              ./Core/Src/adc.o (printf)
D:/software/STM32CubeIDE_1.18.1/STM32CubeIDE/plugins/com.st.stm32cube.ide.mcu.externaltools.gnu-tools-for-stm32.13.3.rel1.win32_1.0.0.202411081344/tools/bin/../lib/gcc/arm-none-eabi/13.3.1/../../../../arm-none-eabi/lib/thumb/v7-m/nofp\libc_nano.a(libc_a-puts.o)
                              ./APP/can/dbc_can_core.o (puts)
D:/software/STM32CubeIDE_1.18.1/STM32CubeIDE/plugins/com.st.stm32cube.ide.mcu.externaltools.gnu-tools-for-stm32.13.3.rel1.win32_1.0.0.202411081344/tools/bin/../lib/gcc/arm-none-eabi/13.3.1/../../../../arm-none-eabi/lib/thumb/v7-m/nofp\libc_nano.a(libc_a-sprintf.o)
                              ./Middlewares/Third_Party/FreeRTOS/Source/tasks.o (sprintf)
D:/software/STM32CubeIDE_1.18.1/STM32CubeIDE/plugins/com.st.stm32cube.ide.mcu.externaltools.gnu-tools-for-stm32.13.3.rel1.win32_1.0.0.202411081344/tools/bin/../lib/gcc/arm-none-eabi/13.3.1/../../../../arm-none-eabi/lib/thumb/v7-m/nofp\libc_nano.a(libc_a-stdio.o)
                              D:/software/STM32CubeIDE_1.18.1/STM32CubeIDE/plugins/com.st.stm32cube.ide.mcu.externaltools.gnu-tools-for-stm32.13.3.rel1.win32_1.0.0.202411081344/tools/bin/../lib/gcc/arm-none-eabi/13.3.1/../../../../arm-none-eabi/lib/thumb/v7-m/nofp\libc_nano.a(libc_a-findfp.o) (__sread)
D:/software/STM32CubeIDE_1.18.1/STM32CubeIDE/plugins/com.st.stm32cube.ide.mcu.externaltools.gnu-tools-for-stm32.13.3.rel1.win32_1.0.0.202411081344/tools/bin/../lib/gcc/arm-none-eabi/13.3.1/../../../../arm-none-eabi/lib/thumb/v7-m/nofp\libc_nano.a(libc_a-wbuf.o)
[...]
Memory Configuration

Name             Origin             Length             Attributes
RAM              0x20000000         0x00010000         xrw
FLASH            0x08000000         0x00020000         xr
*default*        0x00000000         0xffffffff

Linker script and memory map

LOAD D:/software/STM32CubeIDE_1.18.1/STM32CubeIDE/plugins/com.st.stm32cube.ide.mcu.externaltools.gnu-tools-for-stm32.13.3.rel1.win32_1.0.0.202411081344/tools/bin/../lib/gcc/arm-none-eabi/13.3.1/thumb/v7-m/nofp/crti.o
LOAD D:/software/STM32CubeIDE_1.18.1/STM32CubeIDE/plugins/com.st.stm32cube.ide.mcu.externaltools.gnu-tools-for-stm32.13.3.rel1.win32_1.0.0.202411081344/tools/bin/../lib/gcc/arm-none-eabi/13.3.1/thumb/v7-m/nofp/crtbegin.o
LOAD D:/software/STM32CubeIDE_1.18.1/STM32CubeIDE/plugins/com.st.stm32cube.ide.mcu.externaltools.gnu-tools-for-stm32.13.3.rel1.win32_1.0.0.202411081344/tools/bin/../lib/gcc/arm-none-eabi/13.3.1/../../../../arm-none-eabi/lib/thumb/v7-m/nofp/crt0.o
LOAD ./APP/adc/adc_app.o
LOAD ./APP/can/APP_CAN_CanMsgPar.o
LOAD ./APP/can/dbc_can_core.o
LOAD ./APP/key/key_app.o
LOAD ./APP/key/src/key.o
LOAD ./APP/lcd12864/lcd.o
LOAD ./APP/lcd12864/lcd12864.o
LOAD ./APP/lcd12864/lcd12864_def.o
LOAD ./APP/lin/lin.o
LOAD ./Core/Src/adc.o
LOAD ./Core/Src/can.o
LOAD ./Core/Src/dma.o
LOAD ./Core/Src/freertos.o
LOAD ./Core/Src/gpio.o
LOAD ./Core/Src/main.o
LOAD ./Core/Src/stm32f1xx_hal_msp.o
LOAD ./Core/Src/stm32f1xx_it.o
LOAD ./Core/Src/syscalls.o
LOAD ./Core/Src/sysmem.o
LOAD ./Core/Src/system_stm32f1xx.o
LOAD ./Core/Src/usart.o
LOAD ./Core/Startup/startup_stm32f105rbtx.o
LOAD ./Drivers/STM32F1xx_HAL_Driver/Src/stm32f1xx_hal.o
LOAD ./Drivers/STM32F1xx_HAL_Driver/Src/stm32f1xx_hal_adc.o
LOAD ./Drivers/STM32F1xx_HAL_Driver/Src/stm32f1xx_hal_adc_ex.o
LOAD ./Drivers/STM32F1xx_HAL_Driver/Src/stm32f1xx_hal_can.o
LOAD ./Drivers/STM32F1xx_HAL_Driver/Src/stm32f1xx_hal_cortex.o
LOAD ./Drivers/STM32F1xx_HAL_Driver/Src/stm32f1xx_hal_dma.o
LOAD ./Drivers/STM32F1xx_HAL_Driver/Src/stm32f1xx_hal_exti.o
LOAD ./Drivers/STM32F1xx_HAL_Driver/Src/stm32f1xx_hal_flash.o
LOAD ./Drivers/STM32F1xx_HAL_Driver/Src/stm32f1xx_hal_flash_ex.o
LOAD ./Drivers/STM32F1xx_HAL_Driver/Src/stm32f1xx_hal_gpio.o
LOAD ./Drivers/STM32F1xx_HAL_Driver/Src/stm32f1xx_hal_gpio_ex.o
LOAD ./Drivers/STM32F1xx_HAL_Driver/Src/stm32f1xx_hal_pwr.o
LOAD ./Drivers/STM32F1xx_HAL_Driver/Src/stm32f1xx_hal_rcc.o
LOAD ./Drivers/STM32F1xx_HAL_Driver/Src/stm32f1xx_hal_rcc_ex.o
LOAD ./Drivers/STM32F1xx_HAL_Driver/Src/stm32f1xx_hal_uart.o
LOAD ./Middlewares/Third_Party/FreeRTOS/Source/CMSIS_RTOS/cmsis_os.o
LOAD ./Middlewares/Third_Party/FreeRTOS/Source/croutine.o
LOAD ./Middlewares/Third_Party/FreeRTOS/Source/event_groups.o
LOAD ./Middlewares/Third_Party/FreeRTOS/Source/list.o
LOAD ./Middlewares/Third_Party/FreeRTOS/Source/queue.o
LOAD ./Middlewares/Third_Party/FreeRTOS/Source/stream_buffer.o
LOAD ./Middlewares/Third_Party/FreeRTOS/Source/tasks.o
LOAD ./Middlewares/Third_Party/FreeRTOS/Source/timers.o
LOAD ./Middlewares/Third_Party/FreeRTOS/Source/portable/GCC/ARM_CM3/port.o
LOAD ./Middlewares/Third_Party/FreeRTOS/Source/portable/MemMang/heap_4.o
LOAD ./Service/GPIO/GPIO_Service.o
LOAD ./Service/Service_CanComm/Service_CanComm_ccl.o
LOAD ./Service/Service_CanComm/Service_CanComm_il.o
LOAD ./User/UserTimer/UserTimer.o
LOAD ./User/UserTimer/UserTimer_App.o
START GROUP
LOAD D:/software/STM32CubeIDE_1.18.1/STM32CubeIDE/plugins/com.st.stm32cube.ide.mcu.externaltools.gnu-tools-for-stm32.13.3.rel1.win32_1.0.0.202411081344/tools/bin/../lib/gcc/arm-none-eabi/13.3.1/../../../../arm-none-eabi/lib/thumb/v7-m/nofp\libc_nano.a
LOAD D:/software/STM32CubeIDE_1.18.1/STM32CubeIDE/plugins/com.st.stm32cube.ide.mcu.externaltools.gnu-tools-for-stm32.13.3.rel1.win32_1.0.0.202411081344/tools/bin/../lib/gcc/arm-none-eabi/13.3.1/../../../../arm-none-eabi/lib/thumb/v7-m/nofp\libm.a
END GROUP
START GROUP
LOAD D:/software/STM32CubeIDE_1.18.1/STM32CubeIDE/plugins/com.st.stm32cube.ide.mcu.externaltools.gnu-tools-for-stm32.13.3.rel1.win32_1.0.0.202411081344/tools/bin/../lib/gcc/arm-none-eabi/13.3.1/thumb/v7-m/nofp\libgcc.a
LOAD D:/software/STM32CubeIDE_1.18.1/STM32CubeIDE/plugins/com.st.stm32cube.ide.mcu.externaltools.gnu-tools-for-stm32.13.3.rel1.win32_1.0.0.202411081344/tools/bin/../lib/gcc/arm-none-eabi/13.3.1/../../../../arm-none-eabi/lib/thumb/v7-m/nofp\libc_nano.a
END GROUP
START GROUP
LOAD D:/software/STM32CubeIDE_1.18.1/STM32CubeIDE/plugins/com.st.stm32cube.ide.mcu.externaltools.gnu-tools-for-stm32.13.3.rel1.win32_1.0.0.202411081344/tools/bin/../lib/gcc/arm-none-eabi/13.3.1/thumb/v7-m/nofp\libgcc.a
LOAD D:/software/STM32CubeIDE_1.18.1/STM32CubeIDE/plugins/com.st.stm32cube.ide.mcu.externaltools.gnu-tools-for-stm32.13.3.rel1.win32_1.0.0.202411081344/tools/bin/../lib/gcc/arm-none-eabi/13.3.1/../../../../arm-none-eabi/lib/thumb/v7-m/nofp\libc_nano.a
LOAD D:/software/STM32CubeIDE_1.18.1/STM32CubeIDE/plugins/com.st.stm32cube.ide.mcu.externaltools.gnu-tools-for-stm32.13.3.rel1.win32_1.0.0.202411081344/tools/bin/../lib/gcc/arm-none-eabi/13.3.1/../../../../arm-none-eabi/lib/thumb/v7-m/nofp\libnosys.a
END GROUP
START GROUP
LOAD D:/software/STM32CubeIDE_1.18.1/STM32CubeIDE/plugins/com.st.stm32cube.ide.mcu.externaltools.gnu-tools-for-stm32.13.3.rel1.win32_1.0.0.202411081344/tools/bin/../lib/gcc/arm-none-eabi/13.3.1/thumb/v7-m/nofp\libgcc.a
LOAD D:/software/STM32CubeIDE_1.18.1/STM32CubeIDE/plugins/com.st.stm32cube.ide.mcu.externaltools.gnu-tools-for-stm32.13.3.rel1.win32_1.0.0.202411081344/tools/bin/../lib/gcc/arm-none-eabi/13.3.1/../../../../arm-none-eabi/lib/thumb/v7-m/nofp\libc_nano.a
LOAD D:/software/STM32CubeIDE_1.18.1/STM32CubeIDE/plugins/com.st.stm32cube.ide.mcu.externaltools.gnu-tools-for-stm32.13.3.rel1.win32_1.0.0.202411081344/tools/bin/../lib/gcc/arm-none-eabi/13.3.1/../../../../arm-none-eabi/lib/thumb/v7-m/nofp\libnosys.a
END GROUP
LOAD D:/software/STM32CubeIDE_1.18.1/STM32CubeIDE/plugins/com.st.stm32cube.ide.mcu.externaltools.gnu-tools-for-stm32.13.3.rel1.win32_1.0.0.202411081344/tools/bin/../lib/gcc/arm-none-eabi/13.3.1/thumb/v7-m/nofp/crtend.o
LOAD D:/software/STM32CubeIDE_1.18.1/STM32CubeIDE/plugins/com.st.stm32cube.ide.mcu.externaltools.gnu-tools-for-stm32.13.3.rel1.win32_1.0.0.202411081344/tools/bin/../lib/gcc/arm-none-eabi/13.3.1/thumb/v7-m/nofp/crtn.o
                0x20010000                        _estack = (ORIGIN (RAM) + LENGTH (RAM))
                0x00000200                        _Min_Heap_Size = 0x200
                0x00000400                        _Min_Stack_Size = 0x400

.isr_vector     0x08000000      0x1e4
                0x08000000                        . = ALIGN (0x4)
 *(.isr_vector)
 .isr_vector    0x08000000      0x1e4 ./Core/Startup/startup_stm32f105rbtx.o
                0x08000000                g_pfnVectors
                0x080001e4                        . = ALIGN (0x4)

.text           0x080001f0    0x10fac
                0x080001f0                        . = ALIGN (0x4)
 *(.text)
 .text          0x080001f0       0x40 D:/software/STM32CubeIDE_1.18.1/STM32CubeIDE/plugins/com.st.stm32cube.ide.mcu.externaltools.gnu-tools-for-stm32.13.3.rel1.win32_1.0.0.202411081344/tools/bin/../lib/gcc/arm-none-eabi/13.3.1/thumb/v7-m/nofp/crtbegin.o
 .text          0x08000230       0x10 D:/software/STM32CubeIDE_1.18.1/STM32CubeIDE/plugins/com.st.stm32cube.ide.mcu.externaltools.gnu-tools-for-stm32.13.3.rel1.win32_1.0.0.202411081344/tools/bin/../lib/gcc/arm-none-eabi/13.3.1/../../../../arm-none-eabi/lib/thumb/v7-m/nofp\libc_nano.a(libc_a-strlen.o)
                0x08000230                strlen
 .text          0x08000240      0x378 D:/software/STM32CubeIDE_1.18.1/STM32CubeIDE/plugins/com.st.stm32cube.ide.mcu.externaltools.gnu-tools-for-stm32.13.3.rel1.win32_1.0.0.202411081344/tools/bin/../lib/gcc/arm-none-eabi/13.3.1/thumb/v7-m/nofp\libgcc.a(_arm_addsubdf3.o)
                0x08000240                __aeabi_drsub
                0x08000248                __aeabi_dsub
                0x08000248                __subdf3
                0x0800024c                __aeabi_dadd
                0x0800024c                __adddf3
                0x080004c4                __floatunsidf
                0x080004c4                __aeabi_ui2d
                0x080004e4                __floatsidf
                0x080004e4                __aeabi_i2d
                0x08000508                __aeabi_f2d
                0x08000508                __extendsfdf2
                0x0800054c                __floatundidf
                0x0800054c                __aeabi_ul2d
                0x0800055c                __floatdidf
                0x0800055c                __aeabi_l2d
 .text          0x080005b8      0x424 D:/software/STM32CubeIDE_1.18.1/STM32CubeIDE/plugins/com.st.stm32cube.ide.mcu.externaltools.gnu-tools-for-stm32.13.3.rel1.win32_1.0.0.202411081344/tools/bin/../lib/gcc/arm-none-eabi/13.3.1/thumb/v7-m/nofp\libgcc.a(_arm_muldivdf3.o)
                0x080005b8                __aeabi_dmul
                0x080005b8                __muldf3
                0x0800080c                __divdf3
                0x0800080c                __aeabi_ddiv
 .text          0x080009dc      0x110 D:/software/STM32CubeIDE_1.18.1/STM32CubeIDE/plugins/com.st.stm32cube.ide.mcu.externaltools.gnu-tools-for-stm32.13.3.rel1.win32_1.0.0.202411081344/tools/bin/../lib/gcc/arm-none-eabi/13.3.1/thumb/v7-m/nofp\libgcc.a(_arm_cmpdf2.o)
                0x080009dc                __gtdf2
                0x080009dc                __gedf2
                0x080009e4                __ltdf2
                0x080009e4                __ledf2
                0x080009ec                __nedf2
                0x080009ec                __eqdf2
                0x080009ec                __cmpdf2
                0x08000a68                __aeabi_cdrcmple
                0x08000a78                __aeabi_cdcmpeq
                0x08000a78                __aeabi_cdcmple
                0x08000a88                __aeabi_dcmpeq
                0x08000a9c                __aeabi_dcmplt
                0x08000ab0                __aeabi_dcmple
                0x08000ac4                __aeabi_dcmpge
                0x08000ad8                __aeabi_dcmpgt
 .text          0x08000aec       0x2c D:/software/STM32CubeIDE_1.18.1/STM32CubeIDE/plugins/com.st.stm32cube.ide.mcu.externaltools.gnu-tools-for-stm32.13.3.rel1.win32_1.0.0.202411081344/tools/bin/../lib/gcc/arm-none-eabi/13.3.1/thumb/v7-m/nofp\libgcc.a(_arm_unorddf2.o)
                0x08000aec                __unorddf2
                0x08000aec                __aeabi_dcmpun
 .text          0x08000b18       0x50 D:/software/STM32CubeIDE_1.18.1/STM32CubeIDE/plugins/com.st.stm32cube.ide.mcu.externaltools.gnu-tools-for-stm32.13.3.rel1.win32_1.0.0.202411081344/tools/bin/../lib/gcc/arm-none-eabi/13.3.1/thumb/v7-m/nofp\libgcc.a(_arm_fixdfsi.o)
                0x08000b18                __aeabi_d2iz
                0x08000b18                __fixdfsi
 .text          0x08000b68       0x40 D:/software/STM32CubeIDE_1.18.1/STM32CubeIDE/plugins/com.st.stm32cube.ide.mcu.externaltools.gnu-tools-for-stm32.13.3.rel1.win32_1.0.0.202411081344/tools/bin/../lib/gcc/arm-none-eabi/13.3.1/thumb/v7-m/nofp\libgcc.a(_arm_fixunsdfsi.o)
                0x08000b68                __aeabi_d2uiz
                0x08000b68                __fixunsdfsi
 .text          0x08000ba8       0xa0 D:/software/STM32CubeIDE_1.18.1/STM32CubeIDE/plugins/com.st.stm32cube.ide.mcu.externaltools.gnu-tools-for-stm32.13.3.rel1.win32_1.0.0.202411081344/tools/bin/../lib/gcc/arm-none-eabi/13.3.1/thumb/v7-m/nofp\libgcc.a(_arm_truncdfsf2.o)
                0x08000ba8                __truncdfsf2
                0x08000ba8                __aeabi_d2f
 .text          0x08000c48       0x30 D:/software/STM32CubeIDE_1.18.1/STM32CubeIDE/plugins/com.st.stm32cube.ide.mcu.externaltools.gnu-tools-for-stm32.13.3.rel1.win32_1.0.0.202411081344/tools/bin/../lib/gcc/arm-none-eabi/13.3.1/thumb/v7-m/nofp\libgcc.a(_aeabi_uldivmod.o)
                0x08000c48                __aeabi_uldivmod
 .text          0x08000c78       0x30 D:/software/STM32CubeIDE_1.18.1/STM32CubeIDE/plugins/com.st.stm32cube.ide.mcu.externaltools.gnu-tools-for-stm32.13.3.rel1.win32_1.0.0.202411081344/tools/bin/../lib/gcc/arm-none-eabi/13.3.1/thumb/v7-m/nofp\libgcc.a(_fixdfdi.o)
                0x08000c78                __fixdfdi
                0x08000c78                __aeabi_d2lz
 .text          0x08000ca8       0x3c D:/software/STM32CubeIDE_1.18.1/STM32CubeIDE/plugins/com.st.stm32cube.ide.mcu.externaltools.gnu-tools-for-stm32.13.3.rel1.win32_1.0.0.202411081344/tools/bin/../lib/gcc/arm-none-eabi/13.3.1/thumb/v7-m/nofp\libgcc.a(_fixunsdfdi.o)
                0x08000ca8                __fixunsdfdi
                0x08000ca8                __aeabi_d2ulz
 .text          0x08000ce4      0x300 D:/software/STM32CubeIDE_1.18.1/STM32CubeIDE/plugins/com.st.stm32cube.ide.mcu.externaltools.gnu-tools-for-stm32.13.3.rel1.win32_1.0.0.202411081344/tools/bin/../lib/gcc/arm-none-eabi/13.3.1/thumb/v7-m/nofp\libgcc.a(_udivmoddi4.o)
                0x08000ce4                __udivmoddi4
 .text          0x08000fe4        0x4 D:/software/STM32CubeIDE_1.18.1/STM32CubeIDE/plugins/com.st.stm32cube.ide.mcu.externaltools.gnu-tools-for-stm32.13.3.rel1.win32_1.0.0.202411081344/tools/bin/../lib/gcc/arm-none-eabi/13.3.1/thumb/v7-m/nofp\libgcc.a(_dvmd_tls.o)
                0x08000fe4                __aeabi_idiv0
                0x08000fe4                __aeabi_ldiv0
 *(.text*)
 .text.Adc_SetCoverChl
                0x08000fe8       0x28 ./APP/adc/adc_app.o
 .text.ADC_SamplingProcess
                0x08001010       0x78 ./APP/adc/adc_app.o
                0x08001010                ADC_SamplingProcess
 .text.ADC_GetResValue
                0x08001088       0x10 ./APP/adc/adc_app.o
                0x08001088                ADC_GetResValue
 .text.Svc_CanCommUpInf_TxConfigTableInit
                0x08001098       0x14 ./APP/can/dbc_can_core.o
 .text.Svc_CanCommUpInf_TxConfigTableLenInit
                0x080010ac       0x14 ./APP/can/dbc_can_core.o
 .text.Service_CanComm_CanMsgTxStateBufferInit
                0x080010c0       0x14 ./APP/can/dbc_can_core.o
 .text.Can_SendSts_Control
                0x080010d4       0x48 ./APP/can/dbc_can_core.o
                0x080010d4                Can_SendSts_Control
 .text.App_Init
                0x0800111c       0x20 ./APP/can/dbc_can_core.o
                0x0800111c                App_Init
 .text.CanGetMsgSignal
                0x0800113c     0x17b8 ./APP/can/dbc_can_core.o
                0x0800113c                CanGetMsgSignal
 .text.CanTransmitFunction
                0x080028f4       0x1c ./APP/can/dbc_can_core.o
                0x080028f4                CanTransmitFunction
 .text.volencode_polling
                0x08002910       0xa0 ./APP/key/src/key.o
                0x08002910                volencode_polling
 .text.ShortPress
                0x080029b0      0x240 ./APP/key/src/key.o
                0x080029b0                ShortPress
 .text.Key_CheckProcess
                0x08002bf0       0x34 ./APP/key/src/key.o
                0x08002bf0                Key_CheckProcess
 .text.delay_us
                0x08002c24       0x1c ./APP/lcd12864/lcd.o
                0x08002c24                delay_us
 .text.delay    0x08002c40       0x18 ./APP/lcd12864/lcd.o
                0x08002c40                delay
 .text.lcd_hw_Init
                0x08002c58       0x80 ./APP/lcd12864/lcd.o
                0x08002c58                lcd_hw_Init
 .text.sendbyte
                0x08002cd8       0x3c ./APP/lcd12864/lcd.o
                0x08002cd8                sendbyte
 .text.write_com
                0x08002d14       0x30 ./APP/lcd12864/lcd.o
                0x08002d14                write_com
 .text.write_data
                0x08002d44       0x30 ./APP/lcd12864/lcd.o
                0x08002d44                write_data
 .text.hzkdis   0x08002d74       0x1a ./APP/lcd12864/lcd.o
                0x08002d74                hzkdis
 *fill*         0x08002d8e        0x2 
 .text.LCD_ShowNumWithTwoDecimals
                0x08002d90       0xd4 ./APP/lcd12864/lcd.o
                0x08002d90                LCD_ShowNumWithTwoDecimals
 .text.LCD_ShowNumdecimal
                0x08002e64       0xfc ./APP/lcd12864/lcd.o
                0x08002e64                LCD_ShowNumdecimal
 .text.LCD_ShowNum
                0x08002f60       0xe4 ./APP/lcd12864/lcd.o
                0x08002f60                LCD_ShowNum
 .text.Cls_screen
                0x08003044       0x10 ./APP/lcd12864/lcd.o
                0x08003044                Cls_screen
 .text.GetPage0MenuIndex
                0x08003054        0xc ./APP/lcd12864/lcd.o
                0x08003054                GetPage0MenuIndex
 .text.GetPage1MenuIndex
                0x08003060        0xc ./APP/lcd12864/lcd.o
                0x08003060                GetPage1MenuIndex
 .text.GetPage0ItemIndex
                0x0800306c        0xc ./APP/lcd12864/lcd.o
                0x0800306c                GetPage0ItemIndex
 .text.GetPage1ItemIndex
                0x08003078        0xc ./APP/lcd12864/lcd.o
                0x08003078                GetPage1ItemIndex
 .text.LCD_Page0menu
                0x08003084       0x98 ./APP/lcd12864/lcd.o
                0x08003084                LCD_Page0menu
 .text.LCD_Page1menu
                0x0800311c       0x98 ./APP/lcd12864/lcd.o
                0x0800311c                LCD_Page1menu
 .text.LCD_Page0Menu_Display
                0x080031b4       0x2c ./APP/lcd12864/lcd.o
                0x080031b4                LCD_Page0Menu_Display
 .text.LCD_Page1Menu_Display
                0x080031e0       0x2c ./APP/lcd12864/lcd.o
                0x080031e0                LCD_Page1Menu_Display
 .text.LCD_Show_CANSendClose
                0x0800320c       0x18 ./APP/lcd12864/lcd.o
                0x0800320c                LCD_Show_CANSendClose
 .text.Page_0   0x08003224       0x44 ./APP/lcd12864/lcd.o
                0x08003224                Page_0
 .text.lcd128_Init
                0x08003268       0x3a ./APP/lcd12864/lcd.o
                0x08003268                lcd128_Init
 *fill*         0x080032a2        0x2 
 .text.LCD_ABS_1_item
                0x080032a4       0xe0 ./APP/lcd12864/lcd12864.o
                0x080032a4                LCD_ABS_1_item
 .text.LCD_ABS_2_item
                0x08003384       0xe0 ./APP/lcd12864/lcd12864.o
                0x08003384                LCD_ABS_2_item
 .text.LCD_BCM_1_item
                0x08003464       0xac ./APP/lcd12864/lcd12864.o
                0x08003464                LCD_BCM_1_item
 .text.LCD_BCM_3_item
                0x08003510       0x9c ./APP/lcd12864/lcd12864.o
                0x08003510                LCD_BCM_3_item
 .text.LCD_PEPS_3_item
                0x080035ac       0xac ./APP/lcd12864/lcd12864.o
                0x080035ac                LCD_PEPS_3_item
 .text.LCD_TBOX_2_item
                0x08003658       0xa8 ./APP/lcd12864/lcd12864.o
                0x08003658                LCD_TBOX_2_item
 .text.LCD_TBOX_4_item
                0x08003700       0x9c ./APP/lcd12864/lcd12864.o
                0x08003700                LCD_TBOX_4_item
 .text.LCD_GW_PC_7_item
                0x0800379c       0xac ./APP/lcd12864/lcd12864.o
                0x0800379c                LCD_GW_PC_7_item
 .text.LCD_GW_PC_4_item
                0x08003848       0xac ./APP/lcd12864/lcd12864.o
                0x08003848                LCD_GW_PC_4_item
 .text.LCD_GW_BD_9_item
                0x080038f4       0xac ./APP/lcd12864/lcd12864.o
                0x080038f4                LCD_GW_BD_9_item
 .text.LCD_GW_BD_24_item
                0x080039a0       0xdc ./APP/lcd12864/lcd12864.o
                0x080039a0                LCD_GW_BD_24_item
 .text.LCD_F1_item
                0x08003a7c       0xac ./APP/lcd12864/lcd12864.o
                0x08003a7c                LCD_F1_item
 .text.LCD_F2_item
                0x08003b28       0xc0 ./APP/lcd12864/lcd12864.o
                0x08003b28                LCD_F2_item
 .text.LCD_F3_item
                0x08003be8       0xac ./APP/lcd12864/lcd12864.o
                0x08003be8                LCD_F3_item
 .text.LCD_F4_item
                0x08003c94      0x108 ./APP/lcd12864/lcd12864.o
                0x08003c94                LCD_F4_item
 .text.LCD_F5_item
                0x08003d9c       0xac ./APP/lcd12864/lcd12864.o
                0x08003d9c                LCD_F5_item
 .text.LCD_F9_item
                0x08003e48       0xac ./APP/lcd12864/lcd12864.o
                0x08003e48                LCD_F9_item
 .text.LCD_F10_item
                0x08003ef4       0xac ./APP/lcd12864/lcd12864.o
                0x08003ef4                LCD_F10_item
 .text.LCD_F11_item
                0x08003fa0       0xac ./APP/lcd12864/lcd12864.o
                0x08003fa0                LCD_F11_item
 .text.LCD_F13_item
                0x0800404c       0xac ./APP/lcd12864/lcd12864.o
                0x0800404c                LCD_F13_item
 .text.LCD_F14_item
                0x080040f8       0x9c ./APP/lcd12864/lcd12864.o
                0x080040f8                LCD_F14_item
 .text.LCD_F15_item
                0x08004194       0x98 ./APP/lcd12864/lcd12864.o
                0x08004194                LCD_F15_item
 .text.LCD_F16_item
                0x0800422c       0x98 ./APP/lcd12864/lcd12864.o
                0x0800422c                LCD_F16_item
 .text.LCD_F17_item
                0x080042c4       0x98 ./APP/lcd12864/lcd12864.o
                0x080042c4                LCD_F17_item
 .text.LCD_F18_item
                0x0800435c       0x98 ./APP/lcd12864/lcd12864.o
                0x0800435c                LCD_F18_item
 .text.LCD_F19_item
                0x080043f4       0x98 ./APP/lcd12864/lcd12864.o
                0x080043f4                LCD_F19_item
 .text.LCD_F20_item
                0x0800448c       0x98 ./APP/lcd12864/lcd12864.o
                0x0800448c                LCD_F20_item
 .text.LCD_F21_item
                0x08004524       0x98 ./APP/lcd12864/lcd12864.o
                0x08004524                LCD_F21_item
 .text.LCD_F22_item
                0x080045bc       0x98 ./APP/lcd12864/lcd12864.o
                0x080045bc                LCD_F22_item
 .text.LCD_F23_item
                0x08004654       0x98 ./APP/lcd12864/lcd12864.o
                0x08004654                LCD_F23_item
 .text.LCD_F24_item
                0x080046ec       0x98 ./APP/lcd12864/lcd12864.o
                0x080046ec                LCD_F24_item
 .text.LCD_F25_item
                0x08004784       0x98 ./APP/lcd12864/lcd12864.o
                0x08004784                LCD_F25_item
 .text.LCD_F26_item
                0x0800481c       0x98 ./APP/lcd12864/lcd12864.o
                0x0800481c                LCD_F26_item
 .text.LCD_F27_item
                0x080048b4       0x98 ./APP/lcd12864/lcd12864.o
                0x080048b4                LCD_F27_item
 .text.LCD_F28_item
                0x0800494c       0x98 ./APP/lcd12864/lcd12864.o
                0x0800494c                LCD_F28_item
 .text.LCD_F29_item
                0x080049e4       0x98 ./APP/lcd12864/lcd12864.o
                0x080049e4                LCD_F29_item
 .text.LCD_F30_item
                0x08004a7c       0x98 ./APP/lcd12864/lcd12864.o
                0x08004a7c                LCD_F30_item
 *fill*         0x08004b14        0x4 
 .text.LCD_ESP_2_item
                0x08004b18      0x1a8 ./APP/lcd12864/lcd12864.o
                0x08004b18                LCD_ESP_2_item
 .text.LCD_FCM_5_item
                0x08004cc0      0x170 ./APP/lcd12864/lcd12864.o
                0x08004cc0                LCD_FCM_5_item
 .text.LCD_FCM_6_item
                0x08004e30      0x180 ./APP/lcd12864/lcd12864.o
                0x08004e30                LCD_FCM_6_item
 .text.LCD_F6_item
                0x08004fb0      0x134 ./APP/lcd12864/lcd12864.o
                0x08004fb0                LCD_F6_item
 *fill*         0x080050e4        0x4 
 .text.LCD_F7_item
                0x080050e8      0x134 ./APP/lcd12864/lcd12864.o
                0x080050e8                LCD_F7_item
 .text.LCD_F8_item
                0x0800521c       0xe8 ./APP/lcd12864/lcd12864.o
                0x0800521c                LCD_F8_item
 .text.LCD_F12_item
                0x08005304      0x118 ./APP/lcd12864/lcd12864.o
                0x08005304                LCD_F12_item
 .text.GetPage0ItemValue
                0x0800541c      0x28c ./APP/lcd12864/lcd12864.o
                0x0800541c                GetPage0ItemValue
 .text.GetPage1ItemValue
                0x080056a8      0x130 ./APP/lcd12864/lcd12864.o
                0x080056a8                GetPage1ItemValue
 .text.GetPage0ItemMAXItem
                0x080057d8       0x8c ./APP/lcd12864/lcd12864.o
                0x080057d8                GetPage0ItemMAXItem
 .text.GetPage1ItemMAXItem
                0x08005864       0x3e ./APP/lcd12864/lcd12864.o
                0x08005864                GetPage1ItemMAXItem
 *fill*         0x080058a2        0x2 
 .text.GetPage0ItemMAXValue
                0x080058a4      0x178 ./APP/lcd12864/lcd12864.o
                0x080058a4                GetPage0ItemMAXValue
 .text.GetPage1ItemMAXValue
                0x08005a1c      0x194 ./APP/lcd12864/lcd12864.o
                0x08005a1c                GetPage1ItemMAXValue
 .text.SavePage0ItemValue
                0x08005bb0      0x3a4 ./APP/lcd12864/lcd12864.o
                0x08005bb0                SavePage0ItemValue
 .text.SavePage1ItemValue
                0x08005f54      0x470 ./APP/lcd12864/lcd12864.o
                0x08005f54                SavePage1ItemValue
 .text.ItemValueLimit
                0x080063c4        0x4 ./APP/lcd12864/lcd12864.o
                0x080063c4                ItemValueLimit
 .text.GetACU_1Value
                0x080063c8       0x24 ./APP/lcd12864/lcd12864.o
                0x080063c8                GetACU_1Value
 .text.GetESP_2Value
                0x080063ec       0x30 ./APP/lcd12864/lcd12864.o
                0x080063ec                GetESP_2Value
 *fill*         0x0800641c        0x4 
 .text.GetABS_1Value
                0x08006420       0x44 ./APP/lcd12864/lcd12864.o
                0x08006420                GetABS_1Value
 *fill*         0x08006464        0x4 
 .text.GetABS_2Value
                0x08006468       0x44 ./APP/lcd12864/lcd12864.o
                0x08006468                GetABS_2Value
 .text.GetBCM_1Value
                0x080064ac       0x14 ./APP/lcd12864/lcd12864.o
                0x080064ac                GetBCM_1Value
 .text.GetBCM_3Value
                0x080064c0       0x2c ./APP/lcd12864/lcd12864.o
                0x080064c0                GetBCM_3Value
 .text.GetBCM_4Value
                0x080064ec       0x34 ./APP/lcd12864/lcd12864.o
                0x080064ec                GetBCM_4Value
 .text.GetBCM_5Value
                0x08006520       0x14 ./APP/lcd12864/lcd12864.o
                0x08006520                GetBCM_5Value
 .text.GetFCM_3Value
                0x08006534       0x14 ./APP/lcd12864/lcd12864.o
                0x08006534                GetFCM_3Value
 .text.GetFCM_4Value
                0x08006548       0x14 ./APP/lcd12864/lcd12864.o
                0x08006548                GetFCM_4Value
 .text.GetFCM_5Value
                0x0800655c       0x3c ./APP/lcd12864/lcd12864.o
                0x0800655c                GetFCM_5Value
 .text.GetFCM_6Value
                0x08006598       0x3c ./APP/lcd12864/lcd12864.o
                0x08006598                GetFCM_6Value
 .text.GetFCM_7Value
                0x080065d4       0x28 ./APP/lcd12864/lcd12864.o
                0x080065d4                GetFCM_7Value
 .text.GetFCM_8Value
                0x080065fc       0x28 ./APP/lcd12864/lcd12864.o
                0x080065fc                GetFCM_8Value
 .text.GetGW_BD_14Value
                0x08006624       0x24 ./APP/lcd12864/lcd12864.o
                0x08006624                GetGW_BD_14Value
 .text.GetGW_BD_24Value
                0x08006648       0x24 ./APP/lcd12864/lcd12864.o
                0x08006648                GetGW_BD_24Value
 .text.GetGW_BD_29Value
                0x0800666c       0x14 ./APP/lcd12864/lcd12864.o
                0x0800666c                GetGW_BD_29Value
 .text.GetGW_BD_9Value
                0x08006680       0x34 ./APP/lcd12864/lcd12864.o
                0x08006680                GetGW_BD_9Value
 .text.GetGW_PC_1Value
                0x080066b4       0x44 ./APP/lcd12864/lcd12864.o
                0x080066b4                GetGW_PC_1Value
 .text.GetGW_PC_6Value
                0x080066f8       0x14 ./APP/lcd12864/lcd12864.o
                0x080066f8                GetGW_PC_6Value
 *fill*         0x0800670c        0x4 
 .text.GetGW_PC_2Value
                0x08006710       0x4c ./APP/lcd12864/lcd12864.o
                0x08006710                GetGW_PC_2Value
 .text.GetGW_PC_7Value
                0x0800675c       0x14 ./APP/lcd12864/lcd12864.o
                0x0800675c                GetGW_PC_7Value
 .text.GetGW_PC_4Value
                0x08006770       0x14 ./APP/lcd12864/lcd12864.o
                0x08006770                GetGW_PC_4Value
 .text.GetPEPS_3Value
                0x08006784       0x14 ./APP/lcd12864/lcd12864.o
                0x08006784                GetPEPS_3Value
 .text.GetTBOX_1Value
                0x08006798       0x14 ./APP/lcd12864/lcd12864.o
                0x08006798                GetTBOX_1Value
 .text.GetTBOX_2Value
                0x080067ac       0x14 ./APP/lcd12864/lcd12864.o
                0x080067ac                GetTBOX_2Value
 .text.GetTBOX_4Value
                0x080067c0       0x14 ./APP/lcd12864/lcd12864.o
                0x080067c0                GetTBOX_4Value
 .text.GetTPMS_1Value
                0x080067d4       0x28 ./APP/lcd12864/lcd12864.o
                0x080067d4                GetTPMS_1Value
 *fill*         0x080067fc        0x4 
 .text.GetF1Value
                0x08006800       0x3c ./APP/lcd12864/lcd12864.o
                0x08006800                GetF1Value
 .text.GetF2Value
                0x0800683c       0x28 ./APP/lcd12864/lcd12864.o
                0x0800683c                GetF2Value
 .text.GetF4Value
                0x08006864       0x20 ./APP/lcd12864/lcd12864.o
                0x08006864                GetF4Value
 .text.GetF6Value
                0x08006884       0x24 ./APP/lcd12864/lcd12864.o
                0x08006884                GetF6Value
 .text.GetF8Value
                0x080068a8       0x24 ./APP/lcd12864/lcd12864.o
                0x080068a8                GetF8Value
 .text.GetF9Value
                0x080068cc       0x14 ./APP/lcd12864/lcd12864.o
                0x080068cc                GetF9Value
 .text.GetF10Value
                0x080068e0       0x14 ./APP/lcd12864/lcd12864.o
                0x080068e0                GetF10Value
 .text.GetF11Value
                0x080068f4       0x14 ./APP/lcd12864/lcd12864.o
                0x080068f4                GetF11Value
 .text.GetF12Value
                0x08006908       0x14 ./APP/lcd12864/lcd12864.o
                0x08006908                GetF12Value
 .text.GetF13Value
                0x0800691c       0x14 ./APP/lcd12864/lcd12864.o
                0x0800691c                GetF13Value
 .text.LCD_ACU_1_item_Judge
                0x08006930       0x58 ./APP/lcd12864/lcd12864.o
                0x08006930                LCD_ACU_1_item_Judge
 .text.LCD_ACU_1_item
                0x08006988       0xe4 ./APP/lcd12864/lcd12864.o
                0x08006988                LCD_ACU_1_item
 .text.LCD_TPMS_1_item_Judge
                0x08006a6c       0x16 ./APP/lcd12864/lcd12864.o
                0x08006a6c                LCD_TPMS_1_item_Judge
 *fill*         0x08006a82        0x6 
 .text.LCD_TPMS_1_item
                0x08006a88      0x168 ./APP/lcd12864/lcd12864.o
                0x08006a88                LCD_TPMS_1_item
 .text.LCD_BCM_4_item_Judge
                0x08006bf0       0x9e ./APP/lcd12864/lcd12864.o
                0x08006bf0                LCD_BCM_4_item_Judge
 *fill*         0x08006c8e        0x2 
 .text.LCD_BCM_4_item
                0x08006c90       0xd0 ./APP/lcd12864/lcd12864.o
                0x08006c90                LCD_BCM_4_item
 .text.LCD_BCM_5_item_Judge
                0x08006d60       0x10 ./APP/lcd12864/lcd12864.o
                0x08006d60                LCD_BCM_5_item_Judge
 .text.LCD_BCM_5_item
                0x08006d70       0xc0 ./APP/lcd12864/lcd12864.o
                0x08006d70                LCD_BCM_5_item
 .text.LCD_TBOX_1_item_Judge
                0x08006e30       0x20 ./APP/lcd12864/lcd12864.o
                0x08006e30                LCD_TBOX_1_item_Judge
 .text.LCD_TBOX_1_item
                0x08006e50       0xd4 ./APP/lcd12864/lcd12864.o
                0x08006e50                LCD_TBOX_1_item
 .text.LCD_FCM_3_item_Judge
                0x08006f24       0x14 ./APP/lcd12864/lcd12864.o
                0x08006f24                LCD_FCM_3_item_Judge
 .text.LCD_FCM_3_item
                0x08006f38       0xdc ./APP/lcd12864/lcd12864.o
                0x08006f38                LCD_FCM_3_item
 .text.LCD_FCM_4_item_Judge
                0x08007014       0x38 ./APP/lcd12864/lcd12864.o
                0x08007014                LCD_FCM_4_item_Judge
 .text.LCD_FCM_4_item
                0x0800704c       0xd0 ./APP/lcd12864/lcd12864.o
                0x0800704c                LCD_FCM_4_item
 .text.LCD_FCM_7_item_Judge
                0x0800711c       0x34 ./APP/lcd12864/lcd12864.o
                0x0800711c                LCD_FCM_7_item_Judge
 .text.LCD_FCM_7_item
                0x08007150      0x104 ./APP/lcd12864/lcd12864.o
                0x08007150                LCD_FCM_7_item
 .text.LCD_FCM_8_item_Judge
                0x08007254       0x26 ./APP/lcd12864/lcd12864.o
                0x08007254                LCD_FCM_8_item_Judge
 *fill*         0x0800727a        0x2 
 .text.LCD_FCM_8_item
                0x0800727c      0x104 ./APP/lcd12864/lcd12864.o
                0x0800727c                LCD_FCM_8_item
 .text.LCD_GW_PC_1_item_Judge
                0x08007380      0x178 ./APP/lcd12864/lcd12864.o
                0x08007380                LCD_GW_PC_1_item_Judge
 .text.LCD_GW_PC_1_item
                0x080074f8      0x10c ./APP/lcd12864/lcd12864.o
                0x080074f8                LCD_GW_PC_1_item
 .text.LCD_GW_PC_6_item_Judge
                0x08007604        0xe ./APP/lcd12864/lcd12864.o
                0x08007604                LCD_GW_PC_6_item_Judge
 *fill*         0x08007612        0x2 
 .text.LCD_GW_PC_6_item
                0x08007614       0xcc ./APP/lcd12864/lcd12864.o
                0x08007614                LCD_GW_PC_6_item
 .text.LCD_GW_PC_2_item_Judge
                0x080076e0       0x52 ./APP/lcd12864/lcd12864.o
                0x080076e0                LCD_GW_PC_2_item_Judge
 *fill*         0x08007732        0x2 
 .text.LCD_GW_PC_2_item
                0x08007734       0xd0 ./APP/lcd12864/lcd12864.o
                0x08007734                LCD_GW_PC_2_item
 .text.LCD_GW_BD_14_item_Judge
                0x08007804      0x130 ./APP/lcd12864/lcd12864.o
                0x08007804                LCD_GW_BD_14_item_Judge
 .text.LCD_GW_BD_14_item
                0x08007934      0x124 ./APP/lcd12864/lcd12864.o
                0x08007934                LCD_GW_BD_14_item
 .text.LCD_GW_BD_29_item_Judge
                0x08007a58       0x6c ./APP/lcd12864/lcd12864.o
                0x08007a58                LCD_GW_BD_29_item_Judge
 .text.LCD_GW_BD_29_item
                0x08007ac4       0xd0 ./APP/lcd12864/lcd12864.o
                0x08007ac4                LCD_GW_BD_29_item
 .text.MX_ADC1_Init
                0x08007b94       0xc8 ./Core/Src/adc.o
                0x08007b94                MX_ADC1_Init
 .text.HAL_ADC_MspInit
                0x08007c5c       0x80 ./Core/Src/adc.o
                0x08007c5c                HAL_ADC_MspInit
 .text.MX_CAN1_Init
                0x08007cdc       0x80 ./Core/Src/can.o
                0x08007cdc                MX_CAN1_Init
 .text.MX_CAN2_Init
                0x08007d5c       0x80 ./Core/Src/can.o
                0x08007d5c                MX_CAN2_Init
 .text.HAL_CAN_MspInit
                0x08007ddc      0x128 ./Core/Src/can.o
                0x08007ddc                HAL_CAN_MspInit
 .text.HAL_CAN_RxFifo0MsgPendingCallback
                0x08007f04       0x78 ./Core/Src/can.o
                0x08007f04                HAL_CAN_RxFifo0MsgPendingCallback
 .text.CAN2_SendMsg
                0x08007f7c       0x70 ./Core/Src/can.o
                0x08007f7c                CAN2_SendMsg
 .text.CAN_SendMsg
                0x08007fec       0x58 ./Core/Src/can.o
                0x08007fec                CAN_SendMsg
 .text.MX_DMA_Init
                0x08008044       0x74 ./Core/Src/dma.o
                0x08008044                MX_DMA_Init
 .text.StartDefaultTask
                0x080080b8        0xc ./Core/Src/freertos.o
                0x080080b8                StartDefaultTask
 .text.heartbeat_task
                0x080080c4       0x18 ./Core/Src/freertos.o
                0x080080c4                heartbeat_task
 .text.task0_task
                0x080080dc        0xa ./Core/Src/freertos.o
                0x080080dc                task0_task
 .text.task1_task
                0x080080e6        0xe ./Core/Src/freertos.o
                0x080080e6                task1_task
 .text.task2_task
                0x080080f4       0xb4 ./Core/Src/freertos.o
                0x080080f4                task2_task
 .text.task3_task
                0x080081a8       0xfc ./Core/Src/freertos.o
                0x080081a8                task3_task
 .text.vApplicationTickHook
                0x080082a4        0x2 ./Core/Src/freertos.o
                0x080082a4                vApplicationTickHook
 .text.vApplicationStackOverflowHook
                0x080082a6        0x2 ./Core/Src/freertos.o
                0x080082a6                vApplicationStackOverflowHook
 .text.vApplicationMallocFailedHook
                0x080082a8        0x2 ./Core/Src/freertos.o
                0x080082a8                vApplicationMallocFailedHook
 *fill*         0x080082aa        0x2 
 .text.vApplicationGetIdleTaskMemory
                0x080082ac       0x18 ./Core/Src/freertos.o
                0x080082ac                vApplicationGetIdleTaskMemory
 .text.MX_FREERTOS_Init
                0x080082c4      0x124 ./Core/Src/freertos.o
                0x080082c4                MX_FREERTOS_Init
 .text.MX_GPIO_Init
                0x080083e8      0x12c ./Core/Src/gpio.o
                0x080083e8                MX_GPIO_Init
 .text.__io_putchar
                0x08008514       0x20 ./Core/Src/main.o
                0x08008514                __io_putchar
 .text.Error_Handler
                0x08008534        0x4 ./Core/Src/main.o
                0x08008534                Error_Handler
 .text.SystemClock_Config
                0x08008538       0x90 ./Core/Src/main.o
                0x08008538                SystemClock_Config
 .text.main     0x080085c8       0x68 ./Core/Src/main.o
                0x080085c8                main
 .text.HAL_MspInit
                0x08008630       0x54 ./Core/Src/stm32f1xx_hal_msp.o
                0x08008630                HAL_MspInit
 .text.NMI_Handler
                0x08008684        0x2 ./Core/Src/stm32f1xx_it.o
                0x08008684                NMI_Handler
 .text.HardFault_Handler
                0x08008686        0x2 ./Core/Src/stm32f1xx_it.o
                0x08008686                HardFault_Handler
 .text.MemManage_Handler
                0x08008688        0x2 ./Core/Src/stm32f1xx_it.o
                0x08008688                MemManage_Handler
 .text.BusFault_Handler
                0x0800868a        0x2 ./Core/Src/stm32f1xx_it.o
                0x0800868a                BusFault_Handler
 .text.UsageFault_Handler
                0x0800868c        0x2 ./Core/Src/stm32f1xx_it.o
                0x0800868c                UsageFault_Handler
 .text.DebugMon_Handler
                0x0800868e        0x2 ./Core/Src/stm32f1xx_it.o
                0x0800868e                DebugMon_Handler
 .text.SysTick_Handler
                0x08008690       0x16 ./Core/Src/stm32f1xx_it.o
                0x08008690                SysTick_Handler
 *fill*         0x080086a6        0x2 
 .text.CAN1_RX0_IRQHandler
                0x080086a8       0x10 ./Core/Src/stm32f1xx_it.o
                0x080086a8                CAN1_RX0_IRQHandler
 .text.UART4_IRQHandler
                0x080086b8       0x10 ./Core/Src/stm32f1xx_it.o
                0x080086b8                UART4_IRQHandler
 .text.DMA2_Channel3_IRQHandler
                0x080086c8       0x10 ./Core/Src/stm32f1xx_it.o
                0x080086c8                DMA2_Channel3_IRQHandler
 .text.DMA2_Channel5_IRQHandler
                0x080086d8       0x10 ./Core/Src/stm32f1xx_it.o
                0x080086d8                DMA2_Channel5_IRQHandler
 .text.CAN2_RX0_IRQHandler
                0x080086e8       0x10 ./Core/Src/stm32f1xx_it.o
                0x080086e8                CAN2_RX0_IRQHandler
 .text._getpid  0x080086f8        0x4 ./Core/Src/syscalls.o
                0x080086f8                _getpid
 .text._kill    0x080086fc       0x10 ./Core/Src/syscalls.o
                0x080086fc                _kill
 .text._exit    0x0800870c        0xc ./Core/Src/syscalls.o
                0x0800870c                _exit
 .text._read    0x08008718       0x20 ./Core/Src/syscalls.o
                0x08008718                _read
 .text._write   0x08008738       0x1c ./Core/Src/syscalls.o
                0x08008738                _write
 .text._close   0x08008754        0x6 ./Core/Src/syscalls.o
                0x08008754                _close
 .text._fstat   0x0800875a        0xa ./Core/Src/syscalls.o
                0x0800875a                _fstat
 .text._isatty  0x08008764        0x4 ./Core/Src/syscalls.o
                0x08008764                _isatty
 .text._lseek   0x08008768        0x4 ./Core/Src/syscalls.o
                0x08008768                _lseek
 .text._sbrk    0x0800876c       0x48 ./Core/Src/sysmem.o
                0x0800876c                _sbrk
 .text.SystemInit
                0x080087b4        0x2 ./Core/Src/system_stm32f1xx.o
                0x080087b4                SystemInit
 *fill*         0x080087b6        0x2 
 .text.MX_UART4_Init
                0x080087b8       0x34 ./Core/Src/usart.o
                0x080087b8                MX_UART4_Init
 .text.MX_UART5_Init
                0x080087ec       0x34 ./Core/Src/usart.o
                0x080087ec                MX_UART5_Init
 .text.MX_USART2_UART_Init
                0x08008820       0x34 ./Core/Src/usart.o
                0x08008820                MX_USART2_UART_Init
 .text.HAL_UART_MspInit
                0x08008854      0x1c8 ./Core/Src/usart.o
                0x08008854                HAL_UART_MspInit
 .text.Reset_Handler
                0x08008a1c       0x48 ./Core/Startup/startup_stm32f105rbtx.o
                0x08008a1c                Reset_Handler
 .text.Default_Handler
                0x08008a64        0x2 ./Core/Startup/startup_stm32f105rbtx.o
                0x08008a64                RTC_Alarm_IRQHandler
                0x08008a64                EXTI2_IRQHandler
                0x08008a64                TIM1_CC_IRQHandler
                0x08008a64                TIM6_IRQHandler
                0x08008a64                PVD_IRQHandler
                0x08008a64                CAN2_RX1_IRQHandler
                0x08008a64                EXTI3_IRQHandler
                0x08008a64                EXTI0_IRQHandler
                0x08008a64                I2C2_EV_IRQHandler
                0x08008a64                CAN2_SCE_IRQHandler
                0x08008a64                ADC1_2_IRQHandler
                0x08008a64                SPI1_IRQHandler
                0x08008a64                TAMPER_IRQHandler
                0x08008a64                DMA2_Channel2_IRQHandler
                0x08008a64                DMA1_Channel4_IRQHandler
                0x08008a64                USART3_IRQHandler
                0x08008a64                RTC_IRQHandler
                0x08008a64                DMA1_Channel7_IRQHandler
                0x08008a64                CAN1_RX1_IRQHandler
                0x08008a64                UART5_IRQHandler
                0x08008a64                TIM4_IRQHandler
                0x08008a64                DMA2_Channel1_IRQHandler
                0x08008a64                I2C1_EV_IRQHandler
                0x08008a64                DMA1_Channel6_IRQHandler
                0x08008a64                DMA2_Channel4_IRQHandler
                0x08008a64                TIM3_IRQHandler
                0x08008a64                RCC_IRQHandler
                0x08008a64                TIM1_TRG_COM_IRQHandler
                0x08008a64                DMA1_Channel1_IRQHandler
                0x08008a64                Default_Handler
                0x08008a64                EXTI15_10_IRQHandler
                0x08008a64                TIM7_IRQHandler
                0x08008a64                CAN2_TX_IRQHandler
                0x08008a64                TIM5_IRQHandler
                0x08008a64                EXTI9_5_IRQHandler
                0x08008a64                SPI2_IRQHandler
                0x08008a64                CAN1_TX_IRQHandler
                0x08008a64                DMA1_Channel5_IRQHandler
                0x08008a64                EXTI4_IRQHandler
                0x08008a64                DMA1_Channel3_IRQHandler
                0x08008a64                TIM1_UP_IRQHandler
                0x08008a64                WWDG_IRQHandler
                0x08008a64                TIM2_IRQHandler
                0x08008a64                OTG_FS_WKUP_IRQHandler
                0x08008a64                TIM1_BRK_IRQHandler
                0x08008a64                EXTI1_IRQHandler
                0x08008a64                USART2_IRQHandler
                0x08008a64                I2C2_ER_IRQHandler
                0x08008a64                DMA1_Channel2_IRQHandler
                0x08008a64                CAN1_SCE_IRQHandler
                0x08008a64                FLASH_IRQHandler
                0x08008a64                USART1_IRQHandler
                0x08008a64                OTG_FS_IRQHandler
                0x08008a64                SPI3_IRQHandler
                0x08008a64                I2C1_ER_IRQHandler
 *fill*         0x08008a66        0x2 
 .text.HAL_InitTick
                0x08008a68       0x4c ./Drivers/STM32F1xx_HAL_Driver/Src/stm32f1xx_hal.o
                0x08008a68                HAL_InitTick
 .text.HAL_Init
                0x08008ab4       0x24 ./Drivers/STM32F1xx_HAL_Driver/Src/stm32f1xx_hal.o
                0x08008ab4                HAL_Init
 .text.HAL_IncTick
                0x08008ad8       0x18 ./Drivers/STM32F1xx_HAL_Driver/Src/stm32f1xx_hal.o
                0x08008ad8                HAL_IncTick
 .text.HAL_GetTick
                0x08008af0        0xc ./Drivers/STM32F1xx_HAL_Driver/Src/stm32f1xx_hal.o
                0x08008af0                HAL_GetTick
 .text.HAL_ADC_GetValue
                0x08008afc        0x6 ./Drivers/STM32F1xx_HAL_Driver/Src/stm32f1xx_hal_adc.o
                0x08008afc                HAL_ADC_GetValue
 *fill*         0x08008b02        0x2 
 .text.HAL_ADC_ConfigChannel
                0x08008b04      0x140 ./Drivers/STM32F1xx_HAL_Driver/Src/stm32f1xx_hal_adc.o
                0x08008b04                HAL_ADC_ConfigChannel
 .text.ADC_Enable
                0x08008c44       0x88 ./Drivers/STM32F1xx_HAL_Driver/Src/stm32f1xx_hal_adc.o
                0x08008c44                ADC_Enable
 .text.HAL_ADC_Start
                0x08008ccc       0xe8 ./Drivers/STM32F1xx_HAL_Driver/Src/stm32f1xx_hal_adc.o
                0x08008ccc                HAL_ADC_Start
 .text.ADC_ConversionStop_Disable
                0x08008db4       0x56 ./Drivers/STM32F1xx_HAL_Driver/Src/stm32f1xx_hal_adc.o
                0x08008db4                ADC_ConversionStop_Disable
 *fill*         0x08008e0a        0x2 
 .text.HAL_ADC_Init
                0x08008e0c      0x108 ./Drivers/STM32F1xx_HAL_Driver/Src/stm32f1xx_hal_adc.o
                0x08008e0c                HAL_ADC_Init
 .text.HAL_CAN_Init
                0x08008f14      0x14c ./Drivers/STM32F1xx_HAL_Driver/Src/stm32f1xx_hal_can.o
                0x08008f14                HAL_CAN_Init
 .text.HAL_CAN_ConfigFilter
                0x08009060      0x13c ./Drivers/STM32F1xx_HAL_Driver/Src/stm32f1xx_hal_can.o
                0x08009060                HAL_CAN_ConfigFilter
 .text.HAL_CAN_Start
                0x0800919c       0x5c ./Drivers/STM32F1xx_HAL_Driver/Src/stm32f1xx_hal_can.o
                0x0800919c                HAL_CAN_Start
 .text.HAL_CAN_AddTxMessage
                0x080091f8       0xea ./Drivers/STM32F1xx_HAL_Driver/Src/stm32f1xx_hal_can.o
                0x080091f8                HAL_CAN_AddTxMessage
 .text.HAL_CAN_GetTxMailboxesFreeLevel
                0x080092e2       0x32 ./Drivers/STM32F1xx_HAL_Driver/Src/stm32f1xx_hal_can.o
                0x080092e2                HAL_CAN_GetTxMailboxesFreeLevel
 .text.HAL_CAN_GetRxMessage
                0x08009314      0x16a ./Drivers/STM32F1xx_HAL_Driver/Src/stm32f1xx_hal_can.o
                0x08009314                HAL_CAN_GetRxMessage
 .text.HAL_CAN_ActivateNotification
                0x0800947e       0x24 ./Drivers/STM32F1xx_HAL_Driver/Src/stm32f1xx_hal_can.o
                0x0800947e                HAL_CAN_ActivateNotification
 .text.HAL_CAN_TxMailbox0CompleteCallback
                0x080094a2        0x2 ./Drivers/STM32F1xx_HAL_Driver/Src/stm32f1xx_hal_can.o
                0x080094a2                HAL_CAN_TxMailbox0CompleteCallback
 .text.HAL_CAN_TxMailbox1CompleteCallback
                0x080094a4        0x2 ./Drivers/STM32F1xx_HAL_Driver/Src/stm32f1xx_hal_can.o
                0x080094a4                HAL_CAN_TxMailbox1CompleteCallback
 .text.HAL_CAN_TxMailbox2CompleteCallback
                0x080094a6        0x2 ./Drivers/STM32F1xx_HAL_Driver/Src/stm32f1xx_hal_can.o
                0x080094a6                HAL_CAN_TxMailbox2CompleteCallback
 .text.HAL_CAN_TxMailbox0AbortCallback
                0x080094a8        0x2 ./Drivers/STM32F1xx_HAL_Driver/Src/stm32f1xx_hal_can.o
                0x080094a8                HAL_CAN_TxMailbox0AbortCallback
 .text.HAL_CAN_TxMailbox1AbortCallback
                0x080094aa        0x2 ./Drivers/STM32F1xx_HAL_Driver/Src/stm32f1xx_hal_can.o
                0x080094aa                HAL_CAN_TxMailbox1AbortCallback
 .text.HAL_CAN_TxMailbox2AbortCallback
                0x080094ac        0x2 ./Drivers/STM32F1xx_HAL_Driver/Src/stm32f1xx_hal_can.o
                0x080094ac                HAL_CAN_TxMailbox2AbortCallback
 .text.HAL_CAN_RxFifo0FullCallback
                0x080094ae        0x2 ./Drivers/STM32F1xx_HAL_Driver/Src/stm32f1xx_hal_can.o
                0x080094ae                HAL_CAN_RxFifo0FullCallback
 .text.HAL_CAN_RxFifo1MsgPendingCallback
                0x080094b0        0x2 ./Drivers/STM32F1xx_HAL_Driver/Src/stm32f1xx_hal_can.o
                0x080094b0                HAL_CAN_RxFifo1MsgPendingCallback
 .text.HAL_CAN_RxFifo1FullCallback
                0x080094b2        0x2 ./Drivers/STM32F1xx_HAL_Driver/Src/stm32f1xx_hal_can.o
                0x080094b2                HAL_CAN_RxFifo1FullCallback
 .text.HAL_CAN_SleepCallback
                0x080094b4        0x2 ./Drivers/STM32F1xx_HAL_Driver/Src/stm32f1xx_hal_can.o
                0x080094b4                HAL_CAN_SleepCallback
 .text.HAL_CAN_WakeUpFromRxMsgCallback
                0x080094b6        0x2 ./Drivers/STM32F1xx_HAL_Driver/Src/stm32f1xx_hal_can.o
                0x080094b6                HAL_CAN_WakeUpFromRxMsgCallback
 .text.HAL_CAN_ErrorCallback
                0x080094b8        0x2 ./Drivers/STM32F1xx_HAL_Driver/Src/stm32f1xx_hal_can.o
                0x080094b8                HAL_CAN_ErrorCallback
 .text.HAL_CAN_IRQHandler
                0x080094ba      0x250 ./Drivers/STM32F1xx_HAL_Driver/Src/stm32f1xx_hal_can.o
                0x080094ba                HAL_CAN_IRQHandler
 *fill*         0x0800970a        0x2 
 .text.__NVIC_SetPriority
                0x0800970c       0x28 ./Drivers/STM32F1xx_HAL_Driver/Src/stm32f1xx_hal_cortex.o
 .text.NVIC_EncodePriority
                0x08009734       0x3e ./Drivers/STM32F1xx_HAL_Driver/Src/stm32f1xx_hal_cortex.o
 *fill*         0x08009772        0x2 
 .text.HAL_NVIC_SetPriorityGrouping
                0x08009774       0x24 ./Drivers/STM32F1xx_HAL_Driver/Src/stm32f1xx_hal_cortex.o
                0x08009774                HAL_NVIC_SetPriorityGrouping
 .text.HAL_NVIC_SetPriority
                0x08009798       0x20 ./Drivers/STM32F1xx_HAL_Driver/Src/stm32f1xx_hal_cortex.o
                0x08009798                HAL_NVIC_SetPriority
 .text.HAL_NVIC_EnableIRQ
                0x080097b8       0x1c ./Drivers/STM32F1xx_HAL_Driver/Src/stm32f1xx_hal_cortex.o
                0x080097b8                HAL_NVIC_EnableIRQ
 .text.HAL_SYSTICK_Config
                0x080097d4       0x28 ./Drivers/STM32F1xx_HAL_Driver/Src/stm32f1xx_hal_cortex.o
                0x080097d4                HAL_SYSTICK_Config
 .text.DMA_SetConfig
                0x080097fc       0x2c ./Drivers/STM32F1xx_HAL_Driver/Src/stm32f1xx_hal_dma.o
 .text.HAL_DMA_Init
                0x08009828       0x94 ./Drivers/STM32F1xx_HAL_Driver/Src/stm32f1xx_hal_dma.o
                0x08009828                HAL_DMA_Init
 .text.HAL_DMA_Start_IT
                0x080098bc       0x76 ./Drivers/STM32F1xx_HAL_Driver/Src/stm32f1xx_hal_dma.o
                0x080098bc                HAL_DMA_Start_IT
 .text.HAL_DMA_Abort
                0x08009932       0x46 ./Drivers/STM32F1xx_HAL_Driver/Src/stm32f1xx_hal_dma.o
                0x08009932                HAL_DMA_Abort
 .text.HAL_DMA_Abort_IT
                0x08009978      0x16c ./Drivers/STM32F1xx_HAL_Driver/Src/stm32f1xx_hal_dma.o
                0x08009978                HAL_DMA_Abort_IT
 .text.HAL_DMA_IRQHandler
                0x08009ae4      0x2ec ./Drivers/STM32F1xx_HAL_Driver/Src/stm32f1xx_hal_dma.o
                0x08009ae4                HAL_DMA_IRQHandler
 .text.HAL_GPIO_Init
                0x08009dd0      0x21c ./Drivers/STM32F1xx_HAL_Driver/Src/stm32f1xx_hal_gpio.o
                0x08009dd0                HAL_GPIO_Init
 .text.HAL_GPIO_ReadPin
                0x08009fec        0xe ./Drivers/STM32F1xx_HAL_Driver/Src/stm32f1xx_hal_gpio.o
                0x08009fec                HAL_GPIO_ReadPin
 .text.HAL_GPIO_WritePin
                0x08009ffa        0xc ./Drivers/STM32F1xx_HAL_Driver/Src/stm32f1xx_hal_gpio.o
                0x08009ffa                HAL_GPIO_WritePin
 *fill*         0x0800a006        0x2 
 .text.RCC_Delay
                0x0800a008       0x2c ./Drivers/STM32F1xx_HAL_Driver/Src/stm32f1xx_hal_rcc.o
 .text.HAL_RCC_OscConfig
                0x0800a034      0x4f4 ./Drivers/STM32F1xx_HAL_Driver/Src/stm32f1xx_hal_rcc.o
                0x0800a034                HAL_RCC_OscConfig
 .text.HAL_RCC_GetSysClockFreq
                0x0800a528       0xbc ./Drivers/STM32F1xx_HAL_Driver/Src/stm32f1xx_hal_rcc.o
                0x0800a528                HAL_RCC_GetSysClockFreq
 .text.HAL_RCC_ClockConfig
                0x0800a5e4      0x16c ./Drivers/STM32F1xx_HAL_Driver/Src/stm32f1xx_hal_rcc.o
                0x0800a5e4                HAL_RCC_ClockConfig
 .text.HAL_RCC_GetHCLKFreq
                0x0800a750        0xc ./Drivers/STM32F1xx_HAL_Driver/Src/stm32f1xx_hal_rcc.o
                0x0800a750                HAL_RCC_GetHCLKFreq
 .text.HAL_RCC_GetPCLK1Freq
                0x0800a75c       0x20 ./Drivers/STM32F1xx_HAL_Driver/Src/stm32f1xx_hal_rcc.o
                0x0800a75c                HAL_RCC_GetPCLK1Freq
 .text.HAL_RCC_GetPCLK2Freq
                0x0800a77c       0x20 ./Drivers/STM32F1xx_HAL_Driver/Src/stm32f1xx_hal_rcc.o
                0x0800a77c                HAL_RCC_GetPCLK2Freq
 .text.HAL_RCCEx_PeriphCLKConfig
                0x0800a79c      0x1d4 ./Drivers/STM32F1xx_HAL_Driver/Src/stm32f1xx_hal_rcc_ex.o
                0x0800a79c                HAL_RCCEx_PeriphCLKConfig
 .text.UART_EndTxTransfer
                0x0800a970       0x20 ./Drivers/STM32F1xx_HAL_Driver/Src/stm32f1xx_hal_uart.o
 .text.UART_EndRxTransfer
                0x0800a990       0x5c ./Drivers/STM32F1xx_HAL_Driver/Src/stm32f1xx_hal_uart.o
 .text.UART_Transmit_IT
                0x0800a9ec       0x60 ./Drivers/STM32F1xx_HAL_Driver/Src/stm32f1xx_hal_uart.o
 .text.UART_SetConfig
                0x0800aa4c       0x94 ./Drivers/STM32F1xx_HAL_Driver/Src/stm32f1xx_hal_uart.o
 .text.UART_WaitOnFlagUntilTimeout
                0x0800aae0       0x86 ./Drivers/STM32F1xx_HAL_Driver/Src/stm32f1xx_hal_uart.o
 .text.HAL_UART_Init
                0x0800ab66       0x60 ./Drivers/STM32F1xx_HAL_Driver/Src/stm32f1xx_hal_uart.o
                0x0800ab66                HAL_UART_Init
 .text.HAL_LIN_Init
                0x0800abc6       0x82 ./Drivers/STM32F1xx_HAL_Driver/Src/stm32f1xx_hal_uart.o
                0x0800abc6                HAL_LIN_Init
 .text.HAL_UART_Transmit
                0x0800ac48       0xcc ./Drivers/STM32F1xx_HAL_Driver/Src/stm32f1xx_hal_uart.o
                0x0800ac48                HAL_UART_Transmit
 .text.HAL_UART_TxCpltCallback
                0x0800ad14        0x2 ./Drivers/STM32F1xx_HAL_Driver/Src/stm32f1xx_hal_uart.o
                0x0800ad14                HAL_UART_TxCpltCallback
 .text.UART_EndTransmit_IT
                0x0800ad16       0x1a ./Drivers/STM32F1xx_HAL_Driver/Src/stm32f1xx_hal_uart.o
 .text.HAL_UART_RxCpltCallback
                0x0800ad30        0x2 ./Drivers/STM32F1xx_HAL_Driver/Src/stm32f1xx_hal_uart.o
                0x0800ad30                HAL_UART_RxCpltCallback
 .text.HAL_UART_RxHalfCpltCallback
                0x0800ad32        0x2 ./Drivers/STM32F1xx_HAL_Driver/Src/stm32f1xx_hal_uart.o
                0x0800ad32                HAL_UART_RxHalfCpltCallback
 .text.HAL_UART_ErrorCallback
                0x0800ad34        0x2 ./Drivers/STM32F1xx_HAL_Driver/Src/stm32f1xx_hal_uart.o
                0x0800ad34                HAL_UART_ErrorCallback
 .text.UART_DMAError
                0x0800ad36       0x58 ./Drivers/STM32F1xx_HAL_Driver/Src/stm32f1xx_hal_uart.o
 .text.UART_DMAAbortOnError
                0x0800ad8e       0x10 ./Drivers/STM32F1xx_HAL_Driver/Src/stm32f1xx_hal_uart.o
 .text.HAL_UARTEx_RxEventCallback
                0x0800ad9e        0x2 ./Drivers/STM32F1xx_HAL_Driver/Src/stm32f1xx_hal_uart.o
                0x0800ad9e                HAL_UARTEx_RxEventCallback
 .text.UART_Receive_IT
                0x0800ada0       0xe6 ./Drivers/STM32F1xx_HAL_Driver/Src/stm32f1xx_hal_uart.o
 *fill*         0x0800ae86        0x2 
 .text.HAL_UART_IRQHandler
                0x0800ae88      0x284 ./Drivers/STM32F1xx_HAL_Driver/Src/stm32f1xx_hal_uart.o
                0x0800ae88                HAL_UART_IRQHandler
 .text.UART_DMARxHalfCplt
                0x0800b10c       0x1e ./Drivers/STM32F1xx_HAL_Driver/Src/stm32f1xx_hal_uart.o
 .text.UART_DMAReceiveCplt
                0x0800b12a       0x9a ./Drivers/STM32F1xx_HAL_Driver/Src/stm32f1xx_hal_uart.o
 .text.UART_Start_Receive_DMA
                0x0800b1c4       0xa4 ./Drivers/STM32F1xx_HAL_Driver/Src/stm32f1xx_hal_uart.o
                0x0800b1c4                UART_Start_Receive_DMA
 .text.HAL_UART_Receive_DMA
                0x0800b268       0x26 ./Drivers/STM32F1xx_HAL_Driver/Src/stm32f1xx_hal_uart.o
                0x0800b268                HAL_UART_Receive_DMA
 .text.makeFreeRtosPriority
                0x0800b28e        0xc ./Middlewares/Third_Party/FreeRTOS/Source/CMSIS_RTOS/cmsis_os.o
 .text.osKernelStart
                0x0800b29a        0xa ./Middlewares/Third_Party/FreeRTOS/Source/CMSIS_RTOS/cmsis_os.o
                0x0800b29a                osKernelStart
 .text.osThreadCreate
                0x0800b2a4       0x66 ./Middlewares/Third_Party/FreeRTOS/Source/CMSIS_RTOS/cmsis_os.o
                0x0800b2a4                osThreadCreate
 .text.osDelay  0x0800b30a        0xe ./Middlewares/Third_Party/FreeRTOS/Source/CMSIS_RTOS/cmsis_os.o
                0x0800b30a                osDelay
 .text.vListInitialise
                0x0800b318       0x16 ./Middlewares/Third_Party/FreeRTOS/Source/list.o
                0x0800b318                vListInitialise
 .text.vListInitialiseItem
                0x0800b32e        0x6 ./Middlewares/Third_Party/FreeRTOS/Source/list.o
                0x0800b32e                vListInitialiseItem
 .text.vListInsertEnd
                0x0800b334       0x16 ./Middlewares/Third_Party/FreeRTOS/Source/list.o
                0x0800b334                vListInsertEnd
 .text.vListInsert
                0x0800b34a       0x32 ./Middlewares/Third_Party/FreeRTOS/Source/list.o
                0x0800b34a                vListInsert
 .text.uxListRemove
                0x0800b37c       0x26 ./Middlewares/Third_Party/FreeRTOS/Source/list.o
                0x0800b37c                uxListRemove
 .text.prvCopyDataToQueue
                0x0800b3a2       0x76 ./Middlewares/Third_Party/FreeRTOS/Source/queue.o
 .text.xQueueGenericSendFromISR
                0x0800b418       0xce ./Middlewares/Third_Party/FreeRTOS/Source/queue.o
                0x0800b418                xQueueGenericSendFromISR
 *fill*         0x0800b4e6        0x2 
 .text.prvResetNextTaskUnblockTime
                0x0800b4e8       0x2c ./Middlewares/Third_Party/FreeRTOS/Source/tasks.o
 .text.prvInitialiseNewTask
                0x0800b514       0xa2 ./Middlewares/Third_Party/FreeRTOS/Source/tasks.o
 *fill*         0x0800b5b6        0x2 
 .text.prvInitialiseTaskLists
                0x0800b5b8       0x68 ./Middlewares/Third_Party/FreeRTOS/Source/tasks.o
 .text.prvAddNewTaskToReadyList
                0x0800b620       0xac ./Middlewares/Third_Party/FreeRTOS/Source/tasks.o
 .text.prvDeleteTCB
                0x0800b6cc       0x38 ./Middlewares/Third_Party/FreeRTOS/Source/tasks.o
 .text.prvCheckTasksWaitingTermination
                0x0800b704       0x4c ./Middlewares/Third_Party/FreeRTOS/Source/tasks.o
 .text.prvIdleTask
                0x0800b750       0x28 ./Middlewares/Third_Party/FreeRTOS/Source/tasks.o
 .text.prvAddCurrentTaskToDelayedList
                0x0800b778       0x98 ./Middlewares/Third_Party/FreeRTOS/Source/tasks.o
 .text.xTaskCreateStatic
                0x0800b810       0x76 ./Middlewares/Third_Party/FreeRTOS/Source/tasks.o
                0x0800b810                xTaskCreateStatic
 .text.xTaskCreate
                0x0800b886       0x64 ./Middlewares/Third_Party/FreeRTOS/Source/tasks.o
                0x0800b886                xTaskCreate
 *fill*         0x0800b8ea        0x2 
 .text.vTaskStartScheduler
                0x0800b8ec       0x74 ./Middlewares/Third_Party/FreeRTOS/Source/tasks.o
                0x0800b8ec                vTaskStartScheduler
 .text.vTaskSuspendAll
                0x0800b960       0x10 ./Middlewares/Third_Party/FreeRTOS/Source/tasks.o
                0x0800b960                vTaskSuspendAll
 .text.xTaskIncrementTick
                0x0800b970      0x12c ./Middlewares/Third_Party/FreeRTOS/Source/tasks.o
                0x0800b970                xTaskIncrementTick
 .text.xTaskResumeAll
                0x0800ba9c       0xf8 ./Middlewares/Third_Party/FreeRTOS/Source/tasks.o
                0x0800ba9c                xTaskResumeAll
 .text.vTaskDelay
                0x0800bb94       0x4c ./Middlewares/Third_Party/FreeRTOS/Source/tasks.o
                0x0800bb94                vTaskDelay
 .text.vTaskSwitchContext
                0x0800bbe0       0xb4 ./Middlewares/Third_Party/FreeRTOS/Source/tasks.o
                0x0800bbe0                vTaskSwitchContext
 .text.xTaskRemoveFromEventList
                0x0800bc94       0x8c ./Middlewares/Third_Party/FreeRTOS/Source/tasks.o
                0x0800bc94                xTaskRemoveFromEventList
 .text.xTaskGetSchedulerState
                0x0800bd20       0x20 ./Middlewares/Third_Party/FreeRTOS/Source/tasks.o
                0x0800bd20                xTaskGetSchedulerState
 .text.xTaskPriorityDisinherit
                0x0800bd40       0xb0 ./Middlewares/Third_Party/FreeRTOS/Source/tasks.o
                0x0800bd40                xTaskPriorityDisinherit
 .text.prvTaskExitError
                0x0800bdf0       0x40 ./Middlewares/Third_Party/FreeRTOS/Source/portable/GCC/ARM_CM3/port.o
 .text.prvPortStartFirstTask
                0x0800be30       0x20 ./Middlewares/Third_Party/FreeRTOS/Source/portable/GCC/ARM_CM3/port.o
 .text.pxPortInitialiseStack
                0x0800be50       0x24 ./Middlewares/Third_Party/FreeRTOS/Source/portable/GCC/ARM_CM3/port.o
                0x0800be50                pxPortInitialiseStack
 *fill*         0x0800be74        0xc 
 .text.SVC_Handler
                0x0800be80       0x24 ./Middlewares/Third_Party/FreeRTOS/Source/portable/GCC/ARM_CM3/port.o
                0x0800be80                SVC_Handler
 .text.vPortEnterCritical
                0x0800bea4       0x44 ./Middlewares/Third_Party/FreeRTOS/Source/portable/GCC/ARM_CM3/port.o
                0x0800bea4                vPortEnterCritical
 .text.vPortExitCritical
                0x0800bee8       0x2c ./Middlewares/Third_Party/FreeRTOS/Source/portable/GCC/ARM_CM3/port.o
                0x0800bee8                vPortExitCritical
 *fill*         0x0800bf14        0xc 
 .text.PendSV_Handler
                0x0800bf20       0x44 ./Middlewares/Third_Party/FreeRTOS/Source/portable/GCC/ARM_CM3/port.o
                0x0800bf20                PendSV_Handler
 .text.xPortSysTickHandler
                0x0800bf64       0x2c ./Middlewares/Third_Party/FreeRTOS/Source/portable/GCC/ARM_CM3/port.o
                0x0800bf64                xPortSysTickHandler
 .text.vPortSetupTimerInterrupt
                0x0800bf90       0x28 ./Middlewares/Third_Party/FreeRTOS/Source/portable/GCC/ARM_CM3/port.o
                0x0800bf90                vPortSetupTimerInterrupt
 .text.xPortStartScheduler
                0x0800bfb8       0xc0 ./Middlewares/Third_Party/FreeRTOS/Source/portable/GCC/ARM_CM3/port.o
                0x0800bfb8                xPortStartScheduler
 .text.vPortValidateInterruptPriority
                0x0800c078       0x5c ./Middlewares/Third_Party/FreeRTOS/Source/portable/GCC/ARM_CM3/port.o
                0x0800c078                vPortValidateInterruptPriority
 .text.prvHeapInit
                0x0800c0d4       0x64 ./Middlewares/Third_Party/FreeRTOS/Source/portable/MemMang/heap_4.o
 .text.prvInsertBlockIntoFreeList
                0x0800c138       0x60 ./Middlewares/Third_Party/FreeRTOS/Source/portable/MemMang/heap_4.o
 .text.pvPortMalloc
                0x0800c198      0x118 ./Middlewares/Third_Party/FreeRTOS/Source/portable/MemMang/heap_4.o
                0x0800c198                pvPortMalloc
 .text.vPortFree
                0x0800c2b0       0x7c ./Middlewares/Third_Party/FreeRTOS/Source/portable/MemMang/heap_4.o
                0x0800c2b0                vPortFree
 .text.CanCcl_InitPowerOn
                0x0800c32c       0x14 ./Service/Service_CanComm/Service_CanComm_ccl.o
 .text.CanCcl_vPoweronInit
                0x0800c340        0x8 ./Service/Service_CanComm/Service_CanComm_ccl.o
                0x0800c340                CanCcl_vPoweronInit
 .text.CanCcl_TickCntHnadler
                0x0800c348        0x8 ./Service/Service_CanComm/Service_CanComm_ccl.o
                0x0800c348                CanCcl_TickCntHnadler
 .text.CanIl_TxStateTask
                0x0800c350       0x94 ./Service/Service_CanComm/Service_CanComm_il.o
 .text.CanIl_EventMsgCycTxPro
                0x0800c3e4       0x7c ./Service/Service_CanComm/Service_CanComm_il.o
 .text.CanDrv_HLTxConfirm
                0x0800c460       0x1c ./Service/Service_CanComm/Service_CanComm_il.o
 .text.CanIl_MessageTable_Init
                0x0800c47c        0x2 ./Service/Service_CanComm/Service_CanComm_il.o
                0x0800c47c                CanIl_MessageTable_Init
 *fill*         0x0800c47e        0x2 
 .text.CanIl_StateInit
                0x0800c480        0xc ./Service/Service_CanComm/Service_CanComm_il.o
                0x0800c480                CanIl_StateInit
 .text.CanIl_RxStart
                0x0800c48c       0x1c ./Service/Service_CanComm/Service_CanComm_il.o
                0x0800c48c                CanIl_RxStart
 .text.CanIl_TxStart
                0x0800c4a8       0xb0 ./Service/Service_CanComm/Service_CanComm_il.o
                0x0800c4a8                CanIl_TxStart
 .text.CanIl_SendEventMsg
                0x0800c558       0x34 ./Service/Service_CanComm/Service_CanComm_il.o
                0x0800c558                CanIl_SendEventMsg
 .text.CanStartTransmission
                0x0800c58c       0x32 ./Service/Service_CanComm/Service_CanComm_il.o
                0x0800c58c                CanStartTransmission
 *fill*         0x0800c5be        0x2 
 .text.CanCopyDataAndStartTransmission
                0x0800c5c0       0x84 ./Service/Service_CanComm/Service_CanComm_il.o
 .text.CanDrvTransmit
                0x0800c644       0x24 ./Service/Service_CanComm/Service_CanComm_il.o
 .text.CanIl_SendMsg
                0x0800c668       0x58 ./Service/Service_CanComm/Service_CanComm_il.o
 .text.CanIl_TxTimerTask
                0x0800c6c0      0x1e4 ./Service/Service_CanComm/Service_CanComm_il.o
 .text.CanIl_TxTask
                0x0800c8a4       0x10 ./Service/Service_CanComm/Service_CanComm_il.o
                0x0800c8a4                CanIl_TxTask
 .text.UserTimer_CreateDefault
                0x0800c8b4       0x38 ./User/UserTimer/UserTimer.o
                0x0800c8b4                UserTimer_CreateDefault
 .text.UserTimer_Initial
                0x0800c8ec       0x50 ./User/UserTimer/UserTimer.o
                0x0800c8ec                UserTimer_Initial
 .text.UserTimer_Handler
                0x0800c93c       0x70 ./User/UserTimer/UserTimer.o
                0x0800c93c                UserTimer_Handler
 .text.UserTimer_SetPeriod
                0x0800c9ac       0x18 ./User/UserTimer/UserTimer.o
                0x0800c9ac                UserTimer_SetPeriod
 .text.LedHeart_Tick_1000ms_TimeoutFunc
                0x0800c9c4       0x50 ./User/UserTimer/UserTimer_App.o
                0x0800c9c4                LedHeart_Tick_1000ms_TimeoutFunc
 .text.__cvt    0x0800ca14       0xc8 D:/software/STM32CubeIDE_1.18.1/STM32CubeIDE/plugins/com.st.stm32cube.ide.mcu.externaltools.gnu-tools-for-stm32.13.3.rel1.win32_1.0.0.202411081344/tools/bin/../lib/gcc/arm-none-eabi/13.3.1/../../../../arm-none-eabi/lib/thumb/v7-m/nofp\libc_nano.a(libc_a-nano-vfprintf_float.o)
                0x0800ca14                __cvt
 .text.__exponent
                0x0800cadc       0x74 D:/software/STM32CubeIDE_1.18.1/STM32CubeIDE/plugins/com.st.stm32cube.ide.mcu.externaltools.gnu-tools-for-stm32.13.3.rel1.win32_1.0.0.202411081344/tools/bin/../lib/gcc/arm-none-eabi/13.3.1/../../../../arm-none-eabi/lib/thumb/v7-m/nofp\libc_nano.a(libc_a-nano-vfprintf_float.o)
                0x0800cadc                __exponent
 .text._printf_float
                0x0800cb50      0x458 D:/software/STM32CubeIDE_1.18.1/STM32CubeIDE/plugins/com.st.stm32cube.ide.mcu.externaltools.gnu-tools-for-stm32.13.3.rel1.win32_1.0.0.202411081344/tools/bin/../lib/gcc/arm-none-eabi/13.3.1/../../../../arm-none-eabi/lib/thumb/v7-m/nofp\libc_nano.a(libc_a-nano-vfprintf_float.o)
                0x0800cb50                _printf_float
 .text._printf_common
                0x0800cfa8       0xe4 D:/software/STM32CubeIDE_1.18.1/STM32CubeIDE/plugins/com.st.stm32cube.ide.mcu.externaltools.gnu-tools-for-stm32.13.3.rel1.win32_1.0.0.202411081344/tools/bin/../lib/gcc/arm-none-eabi/13.3.1/../../../../arm-none-eabi/lib/thumb/v7-m/nofp\libc_nano.a(libc_a-nano-vfprintf_i.o)
                0x0800cfa8                _printf_common
 .text._printf_i
                0x0800d08c      0x23c D:/software/STM32CubeIDE_1.18.1/STM32CubeIDE/plugins/com.st.stm32cube.ide.mcu.externaltools.gnu-tools-for-stm32.13.3.rel1.win32_1.0.0.202411081344/tools/bin/../lib/gcc/arm-none-eabi/13.3.1/../../../../arm-none-eabi/lib/thumb/v7-m/nofp\libc_nano.a(libc_a-nano-vfprintf_i.o)
                0x0800d08c                _printf_i
 .text._scanf_float
                0x0800d2c8      0x414 D:/software/STM32CubeIDE_1.18.1/STM32CubeIDE/plugins/com.st.stm32cube.ide.mcu.externaltools.gnu-tools-for-stm32.13.3.rel1.win32_1.0.0.202411081344/tools/bin/../lib/gcc/arm-none-eabi/13.3.1/../../../../arm-none-eabi/lib/thumb/v7-m/nofp\libc_nano.a(libc_a-nano-vfscanf_float.o)
                0x0800d2c8                _scanf_float
 .text.std      0x0800d6dc       0x6c D:/software/STM32CubeIDE_1.18.1/STM32CubeIDE/plugins/com.st.stm32cube.ide.mcu.externaltools.gnu-tools-for-stm32.13.3.rel1.win32_1.0.0.202411081344/tools/bin/../lib/gcc/arm-none-eabi/13.3.1/../../../../arm-none-eabi/lib/thumb/v7-m/nofp\libc_nano.a(libc_a-findfp.o)
 .text.stdio_exit_handler
                0x0800d748       0x18 D:/software/STM32CubeIDE_1.18.1/STM32CubeIDE/plugins/com.st.stm32cube.ide.mcu.externaltools.gnu-tools-for-stm32.13.3.rel1.win32_1.0.0.202411081344/tools/bin/../lib/gcc/arm-none-eabi/13.3.1/../../../../arm-none-eabi/lib/thumb/v7-m/nofp\libc_nano.a(libc_a-findfp.o)
 .text.cleanup_stdio
                0x0800d760       0x40 D:/software/STM32CubeIDE_1.18.1/STM32CubeIDE/plugins/com.st.stm32cube.ide.mcu.externaltools.gnu-tools-for-stm32.13.3.rel1.win32_1.0.0.202411081344/tools/bin/../lib/gcc/arm-none-eabi/13.3.1/../../../../arm-none-eabi/lib/thumb/v7-m/nofp\libc_nano.a(libc_a-findfp.o)
 .text.global_stdio_init.part.0
                0x0800d7a0       0x3c D:/software/STM32CubeIDE_1.18.1/STM32CubeIDE/plugins/com.st.stm32cube.ide.mcu.externaltools.gnu-tools-for-stm32.13.3.rel1.win32_1.0.0.202411081344/tools/bin/../lib/gcc/arm-none-eabi/13.3.1/../../../../arm-none-eabi/lib/thumb/v7-m/nofp\libc_nano.a(libc_a-findfp.o)
 .text.__sfp_lock_acquire
                0x0800d7dc        0xc D:/software/STM32CubeIDE_1.18.1/STM32CubeIDE/plugins/com.st.stm32cube.ide.mcu.externaltools.gnu-tools-for-stm32.13.3.rel1.win32_1.0.0.202411081344/tools/bin/../lib/gcc/arm-none-eabi/13.3.1/../../../../arm-none-eabi/lib/thumb/v7-m/nofp\libc_nano.a(libc_a-findfp.o)
                0x0800d7dc                __sfp_lock_acquire
 .text.__sfp_lock_release
                0x0800d7e8        0xc D:/software/STM32CubeIDE_1.18.1/STM32CubeIDE/plugins/com.st.stm32cube.ide.mcu.externaltools.gnu-tools-for-stm32.13.3.rel1.win32_1.0.0.202411081344/tools/bin/../lib/gcc/arm-none-eabi/13.3.1/../../../../arm-none-eabi/lib/thumb/v7-m/nofp\libc_nano.a(libc_a-findfp.o)
                0x0800d7e8                __sfp_lock_release
 .text.__sinit  0x0800d7f4       0x30 D:/software/STM32CubeIDE_1.18.1/STM32CubeIDE/plugins/com.st.stm32cube.ide.mcu.externaltools.gnu-tools-for-stm32.13.3.rel1.win32_1.0.0.202411081344/tools/bin/../lib/gcc/arm-none-eabi/13.3.1/../../../../arm-none-eabi/lib/thumb/v7-m/nofp\libc_nano.a(libc_a-findfp.o)
                0x0800d7f4                __sinit
 .text._fwalk_sglue
                0x0800d824       0x3c D:/software/STM32CubeIDE_1.18.1/STM32CubeIDE/plugins/com.st.stm32cube.ide.mcu.externaltools.gnu-tools-for-stm32.13.3.rel1.win32_1.0.0.202411081344/tools/bin/../lib/gcc/arm-none-eabi/13.3.1/../../../../arm-none-eabi/lib/thumb/v7-m/nofp\libc_nano.a(libc_a-fwalk.o)
                0x0800d824                _fwalk_sglue
 .text._puts_r  0x0800d860       0xaa D:/software/STM32CubeIDE_1.18.1/STM32CubeIDE/plugins/com.st.stm32cube.ide.mcu.externaltools.gnu-tools-for-stm32.13.3.rel1.win32_1.0.0.202411081344/tools/bin/../lib/gcc/arm-none-eabi/13.3.1/../../../../arm-none-eabi/lib/thumb/v7-m/nofp\libc_nano.a(libc_a-puts.o)
                0x0800d860                _puts_r
 *fill*         0x0800d90a        0x2 
 .text.puts     0x0800d90c       0x10 D:/software/STM32CubeIDE_1.18.1/STM32CubeIDE/plugins/com.st.stm32cube.ide.mcu.externaltools.gnu-tools-for-stm32.13.3.rel1.win32_1.0.0.202411081344/tools/bin/../lib/gcc/arm-none-eabi/13.3.1/../../../../arm-none-eabi/lib/thumb/v7-m/nofp\libc_nano.a(libc_a-puts.o)
                0x0800d90c                puts
 .text.sprintf  0x0800d91c       0x44 D:/software/STM32CubeIDE_1.18.1/STM32CubeIDE/plugins/com.st.stm32cube.ide.mcu.externaltools.gnu-tools-for-stm32.13.3.rel1.win32_1.0.0.202411081344/tools/bin/../lib/gcc/arm-none-eabi/13.3.1/../../../../arm-none-eabi/lib/thumb/v7-m/nofp\libc_nano.a(libc_a-sprintf.o)
                0x0800d91c                siprintf
                0x0800d91c                sprintf
 .text.__sread  0x0800d960       0x22 D:/software/STM32CubeIDE_1.18.1/STM32CubeIDE/plugins/com.st.stm32cube.ide.mcu.externaltools.gnu-tools-for-stm32.13.3.rel1.win32_1.0.0.202411081344/tools/bin/../lib/gcc/arm-none-eabi/13.3.1/../../../../arm-none-eabi/lib/thumb/v7-m/nofp\libc_nano.a(libc_a-stdio.o)
                0x0800d960                __sread
 .text.__swrite
                0x0800d982       0x38 D:/software/STM32CubeIDE_1.18.1/STM32CubeIDE/plugins/com.st.stm32cube.ide.mcu.externaltools.gnu-tools-for-stm32.13.3.rel1.win32_1.0.0.202411081344/tools/bin/../lib/gcc/arm-none-eabi/13.3.1/../../../../arm-none-eabi/lib/thumb/v7-m/nofp\libc_nano.a(libc_a-stdio.o)
                0x0800d982                __swrite
 .text.__sseek  0x0800d9ba       0x24 D:/software/STM32CubeIDE_1.18.1/STM32CubeIDE/plugins/com.st.stm32cube.ide.mcu.externaltools.gnu-tools-for-stm32.13.3.rel1.win32_1.0.0.202411081344/tools/bin/../lib/gcc/arm-none-eabi/13.3.1/../../../../arm-none-eabi/lib/thumb/v7-m/nofp\libc_nano.a(libc_a-stdio.o)
                0x0800d9ba                __sseek
 .text.__sclose
                0x0800d9de        0x8 D:/software/STM32CubeIDE_1.18.1/STM32CubeIDE/plugins/com.st.stm32cube.ide.mcu.externaltools.gnu-tools-for-stm32.13.3.rel1.win32_1.0.0.202411081344/tools/bin/../lib/gcc/arm-none-eabi/13.3.1/../../../../arm-none-eabi/lib/thumb/v7-m/nofp\libc_nano.a(libc_a-stdio.o)
                0x0800d9de                __sclose
 .text.__swbuf_r
                0x0800d9e6       0x7c D:/software/STM32CubeIDE_1.18.1/STM32CubeIDE/plugins/com.st.stm32cube.ide.mcu.externaltools.gnu-tools-for-stm32.13.3.rel1.win32_1.0.0.202411081344/tools/bin/../lib/gcc/arm-none-eabi/13.3.1/../../../../arm-none-eabi/lib/thumb/v7-m/nofp\libc_nano.a(libc_a-wbuf.o)
                0x0800d9e6                __swbuf_r
 *fill*         0x0800da62        0x2 
 .text.__swsetup_r
                0x0800da64       0xac D:/software/STM32CubeIDE_1.18.1/STM32CubeIDE/plugins/com.st.stm32cube.ide.mcu.externaltools.gnu-tools-for-stm32.13.3.rel1.win32_1.0.0.202411081344/tools/bin/../lib/gcc/arm-none-eabi/13.3.1/../../../../arm-none-eabi/lib/thumb/v7-m/nofp\libc_nano.a(libc_a-wsetup.o)
                0x0800da64                __swsetup_r
 .text.memset   0x0800db10       0x10 D:/software/STM32CubeIDE_1.18.1/STM32CubeIDE/plugins/com.st.stm32cube.ide.mcu.externaltools.gnu-tools-for-stm32.13.3.rel1.win32_1.0.0.202411081344/tools/bin/../lib/gcc/arm-none-eabi/13.3.1/../../../../arm-none-eabi/lib/thumb/v7-m/nofp\libc_nano.a(libc_a-memset.o)
                0x0800db10                memset
 .text._localeconv_r
                0x0800db20        0x8 D:/software/STM32CubeIDE_1.18.1/STM32CubeIDE/plugins/com.st.stm32cube.ide.mcu.externaltools.gnu-tools-for-stm32.13.3.rel1.win32_1.0.0.202411081344/tools/bin/../lib/gcc/arm-none-eabi/13.3.1/../../../../arm-none-eabi/lib/thumb/v7-m/nofp\libc_nano.a(libc_a-localeconv.o)
                0x0800db20                _localeconv_r
 .text._close_r
                0x0800db28       0x20 D:/software/STM32CubeIDE_1.18.1/STM32CubeIDE/plugins/com.st.stm32cube.ide.mcu.externaltools.gnu-tools-for-stm32.13.3.rel1.win32_1.0.0.202411081344/tools/bin/../lib/gcc/arm-none-eabi/13.3.1/../../../../arm-none-eabi/lib/thumb/v7-m/nofp\libc_nano.a(libc_a-closer.o)
                0x0800db28                _close_r
 .text._lseek_r
                0x0800db48       0x24 D:/software/STM32CubeIDE_1.18.1/STM32CubeIDE/plugins/com.st.stm32cube.ide.mcu.externaltools.gnu-tools-for-stm32.13.3.rel1.win32_1.0.0.202411081344/tools/bin/../lib/gcc/arm-none-eabi/13.3.1/../../../../arm-none-eabi/lib/thumb/v7-m/nofp\libc_nano.a(libc_a-lseekr.o)
                0x0800db48                _lseek_r
 .text._read_r  0x0800db6c       0x24 D:/software/STM32CubeIDE_1.18.1/STM32CubeIDE/plugins/com.st.stm32cube.ide.mcu.externaltools.gnu-tools-for-stm32.13.3.rel1.win32_1.0.0.202411081344/tools/bin/../lib/gcc/arm-none-eabi/13.3.1/../../../../arm-none-eabi/lib/thumb/v7-m/nofp\libc_nano.a(libc_a-readr.o)
                0x0800db6c                _read_r
 .text._write_r
                0x0800db90       0x24 D:/software/STM32CubeIDE_1.18.1/STM32CubeIDE/plugins/com.st.stm32cube.ide.mcu.externaltools.gnu-tools-for-stm32.13.3.rel1.win32_1.0.0.202411081344/tools/bin/../lib/gcc/arm-none-eabi/13.3.1/../../../../arm-none-eabi/lib/thumb/v7-m/nofp\libc_nano.a(libc_a-writer.o)
                0x0800db90                _write_r
 .text.__errno  0x0800dbb4        0xc D:/software/STM32CubeIDE_1.18.1/STM32CubeIDE/plugins/com.st.stm32cube.ide.mcu.externaltools.gnu-tools-for-stm32.13.3.rel1.win32_1.0.0.202411081344/tools/bin/../lib/gcc/arm-none-eabi/13.3.1/../../../../arm-none-eabi/lib/thumb/v7-m/nofp\libc_nano.a(libc_a-errno.o)
                0x0800dbb4                __errno
 .text.__libc_init_array
                0x0800dbc0       0x48 D:/software/STM32CubeIDE_1.18.1/STM32CubeIDE/plugins/com.st.stm32cube.ide.mcu.externaltools.gnu-tools-for-stm32.13.3.rel1.win32_1.0.0.202411081344/tools/bin/../lib/gcc/arm-none-eabi/13.3.1/../../../../arm-none-eabi/lib/thumb/v7-m/nofp\libc_nano.a(libc_a-init.o)
                0x0800dbc0                __libc_init_array
 .text.__retarget_lock_init_recursive
                0x0800dc08        0x2 D:/software/STM32CubeIDE_1.18.1/STM32CubeIDE/plugins/com.st.stm32cube.ide.mcu.externaltools.gnu-tools-for-stm32.13.3.rel1.win32_1.0.0.202411081344/tools/bin/../lib/gcc/arm-none-eabi/13.3.1/../../../../arm-none-eabi/lib/thumb/v7-m/nofp\libc_nano.a(libc_a-lock.o)
                0x0800dc08                __retarget_lock_init_recursive
 .text.__retarget_lock_acquire_recursive
                0x0800dc0a        0x2 D:/software/STM32CubeIDE_1.18.1/STM32CubeIDE/plugins/com.st.stm32cube.ide.mcu.externaltools.gnu-tools-for-stm32.13.3.rel1.win32_1.0.0.202411081344/tools/bin/../lib/gcc/arm-none-eabi/13.3.1/../../../../arm-none-eabi/lib/thumb/v7-m/nofp\libc_nano.a(libc_a-lock.o)
                0x0800dc0a                __retarget_lock_acquire_recursive
 .text.__retarget_lock_release_recursive
                0x0800dc0c        0x2 D:/software/STM32CubeIDE_1.18.1/STM32CubeIDE/plugins/com.st.stm32cube.ide.mcu.externaltools.gnu-tools-for-stm32.13.3.rel1.win32_1.0.0.202411081344/tools/bin/../lib/gcc/arm-none-eabi/13.3.1/../../../../arm-none-eabi/lib/thumb/v7-m/nofp\libc_nano.a(libc_a-lock.o)
                0x0800dc0c                __retarget_lock_release_recursive
 .text.memchr   0x0800dc0e       0x1c D:/software/STM32CubeIDE_1.18.1/STM32CubeIDE/plugins/com.st.stm32cube.ide.mcu.externaltools.gnu-tools-for-stm32.13.3.rel1.win32_1.0.0.202411081344/tools/bin/../lib/gcc/arm-none-eabi/13.3.1/../../../../arm-none-eabi/lib/thumb/v7-m/nofp\libc_nano.a(libc_a-memchr-stub.o)
                0x0800dc0e                memchr
 .text.memcpy   0x0800dc2a       0x1c D:/software/STM32CubeIDE_1.18.1/STM32CubeIDE/plugins/com.st.stm32cube.ide.mcu.externaltools.gnu-tools-for-stm32.13.3.rel1.win32_1.0.0.202411081344/tools/bin/../lib/gcc/arm-none-eabi/13.3.1/../../../../arm-none-eabi/lib/thumb/v7-m/nofp\libc_nano.a(libc_a-memcpy-stub.o)
                0x0800dc2a                memcpy
 *fill*         0x0800dc46        0x2 
 .text.nanf     0x0800dc48        0x8 D:/software/STM32CubeIDE_1.18.1/STM32CubeIDE/plugins/com.st.stm32cube.ide.mcu.externaltools.gnu-tools-for-stm32.13.3.rel1.win32_1.0.0.202411081344/tools/bin/../lib/gcc/arm-none-eabi/13.3.1/../../../../arm-none-eabi/lib/thumb/v7-m/nofp\libc_nano.a(libm_a-sf_nan.o)
                0x0800dc48                nanf
 .text.quorem   0x0800dc50      0x110 D:/software/STM32CubeIDE_1.18.1/STM32CubeIDE/plugins/com.st.stm32cube.ide.mcu.externaltools.gnu-tools-for-stm32.13.3.rel1.win32_1.0.0.202411081344/tools/bin/../lib/gcc/arm-none-eabi/13.3.1/../../../../arm-none-eabi/lib/thumb/v7-m/nofp\libc_nano.a(libc_a-dtoa.o)
 .text._dtoa_r  0x0800dd60      0xba8 D:/software/STM32CubeIDE_1.18.1/STM32CubeIDE/plugins/com.st.stm32cube.ide.mcu.externaltools.gnu-tools-for-stm32.13.3.rel1.win32_1.0.0.202411081344/tools/bin/../lib/gcc/arm-none-eabi/13.3.1/../../../../arm-none-eabi/lib/thumb/v7-m/nofp\libc_nano.a(libc_a-dtoa.o)
                0x0800dd60                _dtoa_r
 .text._free_r  0x0800e908       0x90 D:/software/STM32CubeIDE_1.18.1/STM32CubeIDE/plugins/com.st.stm32cube.ide.mcu.externaltools.gnu-tools-for-stm32.13.3.rel1.win32_1.0.0.202411081344/tools/bin/../lib/gcc/arm-none-eabi/13.3.1/../../../../arm-none-eabi/lib/thumb/v7-m/nofp\libc_nano.a(libc_a-freer.o)
                0x0800e908                _free_r
 .text.malloc   0x0800e998       0x10 D:/software/STM32CubeIDE_1.18.1/STM32CubeIDE/plugins/com.st.stm32cube.ide.mcu.externaltools.gnu-tools-for-stm32.13.3.rel1.win32_1.0.0.202411081344/tools/bin/../lib/gcc/arm-none-eabi/13.3.1/../../../../arm-none-eabi/lib/thumb/v7-m/nofp\libc_nano.a(libc_a-malloc.o)
                0x0800e998                malloc
 .text.sbrk_aligned
                0x0800e9a8       0x44 D:/software/STM32CubeIDE_1.18.1/STM32CubeIDE/plugins/com.st.stm32cube.ide.mcu.externaltools.gnu-tools-for-stm32.13.3.rel1.win32_1.0.0.202411081344/tools/bin/../lib/gcc/arm-none-eabi/13.3.1/../../../../arm-none-eabi/lib/thumb/v7-m/nofp\libc_nano.a(libc_a-mallocr.o)
 .text._malloc_r
                0x0800e9ec      0x100 D:/software/STM32CubeIDE_1.18.1/STM32CubeIDE/plugins/com.st.stm32cube.ide.mcu.externaltools.gnu-tools-for-stm32.13.3.rel1.win32_1.0.0.202411081344/tools/bin/../lib/gcc/arm-none-eabi/13.3.1/../../../../arm-none-eabi/lib/thumb/v7-m/nofp\libc_nano.a(libc_a-mallocr.o)
                0x0800e9ec                _malloc_r
 .text.__malloc_lock
                0x0800eaec        0xc D:/software/STM32CubeIDE_1.18.1/STM32CubeIDE/plugins/com.st.stm32cube.ide.mcu.externaltools.gnu-tools-for-stm32.13.3.rel1.win32_1.0.0.202411081344/tools/bin/../lib/gcc/arm-none-eabi/13.3.1/../../../../arm-none-eabi/lib/thumb/v7-m/nofp\libc_nano.a(libc_a-mlock.o)
                0x0800eaec                __malloc_lock
 .text.__malloc_unlock
                0x0800eaf8        0xc D:/software/STM32CubeIDE_1.18.1/STM32CubeIDE/plugins/com.st.stm32cube.ide.mcu.externaltools.gnu-tools-for-stm32.13.3.rel1.win32_1.0.0.202411081344/tools/bin/../lib/gcc/arm-none-eabi/13.3.1/../../../../arm-none-eabi/lib/thumb/v7-m/nofp\libc_nano.a(libc_a-mlock.o)
                0x0800eaf8                __malloc_unlock
 .text._Balloc  0x0800eb04       0x80 D:/software/STM32CubeIDE_1.18.1/STM32CubeIDE/plugins/com.st.stm32cube.ide.mcu.externaltools.gnu-tools-for-stm32.13.3.rel1.win32_1.0.0.202411081344/tools/bin/../lib/gcc/arm-none-eabi/13.3.1/../../../../arm-none-eabi/lib/thumb/v7-m/nofp\libc_nano.a(libc_a-mprec.o)
                0x0800eb04                _Balloc
 .text._Bfree   0x0800eb84       0x44 D:/software/STM32CubeIDE_1.18.1/STM32CubeIDE/plugins/com.st.stm32cube.ide.mcu.externaltools.gnu-tools-for-stm32.13.3.rel1.win32_1.0.0.202411081344/tools/bin/../lib/gcc/arm-none-eabi/13.3.1/../../../../arm-none-eabi/lib/thumb/v7-m/nofp\libc_nano.a(libc_a-mprec.o)
                0x0800eb84                _Bfree
 .text.__multadd
                0x0800ebc8       0x8c D:/software/STM32CubeIDE_1.18.1/STM32CubeIDE/plugins/com.st.stm32cube.ide.mcu.externaltools.gnu-tools-for-stm32.13.3.rel1.win32_1.0.0.202411081344/tools/bin/../lib/gcc/arm-none-eabi/13.3.1/../../../../arm-none-eabi/lib/thumb/v7-m/nofp\libc_nano.a(libc_a-mprec.o)
                0x0800ebc8                __multadd
 .text.__s2b    0x0800ec54       0x94 D:/software/STM32CubeIDE_1.18.1/STM32CubeIDE/plugins/com.st.stm32cube.ide.mcu.externaltools.gnu-tools-for-stm32.13.3.rel1.win32_1.0.0.202411081344/tools/bin/../lib/gcc/arm-none-eabi/13.3.1/../../../../arm-none-eabi/lib/thumb/v7-m/nofp\libc_nano.a(libc_a-mprec.o)
                0x0800ec54                __s2b
 .text.__hi0bits
                0x0800ece8       0x3e D:/software/STM32CubeIDE_1.18.1/STM32CubeIDE/plugins/com.st.stm32cube.ide.mcu.externaltools.gnu-tools-for-stm32.13.3.rel1.win32_1.0.0.202411081344/tools/bin/../lib/gcc/arm-none-eabi/13.3.1/../../../../arm-none-eabi/lib/thumb/v7-m/nofp\libc_nano.a(libc_a-mprec.o)
                0x0800ece8                __hi0bits
 .text.__lo0bits
                0x0800ed26       0x5a D:/software/STM32CubeIDE_1.18.1/STM32CubeIDE/plugins/com.st.stm32cube.ide.mcu.externaltools.gnu-tools-for-stm32.13.3.rel1.win32_1.0.0.202411081344/tools/bin/../lib/gcc/arm-none-eabi/13.3.1/../../../../arm-none-eabi/lib/thumb/v7-m/nofp\libc_nano.a(libc_a-mprec.o)
                0x0800ed26                __lo0bits
 .text.__i2b    0x0800ed80       0x2c D:/software/STM32CubeIDE_1.18.1/STM32CubeIDE/plugins/com.st.stm32cube.ide.mcu.externaltools.gnu-tools-for-stm32.13.3.rel1.win32_1.0.0.202411081344/tools/bin/../lib/gcc/arm-none-eabi/13.3.1/../../../../arm-none-eabi/lib/thumb/v7-m/nofp\libc_nano.a(libc_a-mprec.o)
                0x0800ed80                __i2b
 .text.__multiply
                0x0800edac      0x144 D:/software/STM32CubeIDE_1.18.1/STM32CubeIDE/plugins/com.st.stm32cube.ide.mcu.externaltools.gnu-tools-for-stm32.13.3.rel1.win32_1.0.0.202411081344/tools/bin/../lib/gcc/arm-none-eabi/13.3.1/../../../../arm-none-eabi/lib/thumb/v7-m/nofp\libc_nano.a(libc_a-mprec.o)
                0x0800edac                __multiply
 .text.__pow5mult
                0x0800eef0       0xb4 D:/software/STM32CubeIDE_1.18.1/STM32CubeIDE/plugins/com.st.stm32cube.ide.mcu.externaltools.gnu-tools-for-stm32.13.3.rel1.win32_1.0.0.202411081344/tools/bin/../lib/gcc/arm-none-eabi/13.3.1/../../../../arm-none-eabi/lib/thumb/v7-m/nofp\libc_nano.a(libc_a-mprec.o)
                0x0800eef0                __pow5mult
 .text.__lshift
                0x0800efa4       0xd8 D:/software/STM32CubeIDE_1.18.1/STM32CubeIDE/plugins/com.st.stm32cube.ide.mcu.externaltools.gnu-tools-for-stm32.13.3.rel1.win32_1.0.0.202411081344/tools/bin/../lib/gcc/arm-none-eabi/13.3.1/../../../../arm-none-eabi/lib/thumb/v7-m/nofp\libc_nano.a(libc_a-mprec.o)
                0x0800efa4                __lshift
 .text.__mcmp   0x0800f07c       0x36 D:/software/STM32CubeIDE_1.18.1/STM32CubeIDE/plugins/com.st.stm32cube.ide.mcu.externaltools.gnu-tools-for-stm32.13.3.rel1.win32_1.0.0.202411081344/tools/bin/../lib/gcc/arm-none-eabi/13.3.1/../../../../arm-none-eabi/lib/thumb/v7-m/nofp\libc_nano.a(libc_a-mprec.o)
                0x0800f07c                __mcmp
 *fill*         0x0800f0b2        0x2 
 .text.__mdiff  0x0800f0b4      0x128 D:/software/STM32CubeIDE_1.18.1/STM32CubeIDE/plugins/com.st.stm32cube.ide.mcu.externaltools.gnu-tools-for-stm32.13.3.rel1.win32_1.0.0.202411081344/tools/bin/../lib/gcc/arm-none-eabi/13.3.1/../../../../arm-none-eabi/lib/thumb/v7-m/nofp\libc_nano.a(libc_a-mprec.o)
                0x0800f0b4                __mdiff
 .text.__ulp    0x0800f1dc       0x40 D:/software/STM32CubeIDE_1.18.1/STM32CubeIDE/plugins/com.st.stm32cube.ide.mcu.externaltools.gnu-tools-for-stm32.13.3.rel1.win32_1.0.0.202411081344/tools/bin/../lib/gcc/arm-none-eabi/13.3.1/../../../../arm-none-eabi/lib/thumb/v7-m/nofp\libc_nano.a(libc_a-mprec.o)
                0x0800f1dc                __ulp
 .text.__b2d    0x0800f21c       0x90 D:/software/STM32CubeIDE_1.18.1/STM32CubeIDE/plugins/com.st.stm32cube.ide.mcu.externaltools.gnu-tools-for-stm32.13.3.rel1.win32_1.0.0.202411081344/tools/bin/../lib/gcc/arm-none-eabi/13.3.1/../../../../arm-none-eabi/lib/thumb/v7-m/nofp\libc_nano.a(libc_a-mprec.o)
                0x0800f21c                __b2d
 .text.__d2b    0x0800f2ac       0xb0 D:/software/STM32CubeIDE_1.18.1/STM32CubeIDE/plugins/com.st.stm32cube.ide.mcu.externaltools.gnu-tools-for-stm32.13.3.rel1.win32_1.0.0.202411081344/tools/bin/../lib/gcc/arm-none-eabi/13.3.1/../../../../arm-none-eabi/lib/thumb/v7-m/nofp\libc_nano.a(libc_a-mprec.o)
                0x0800f2ac                __d2b
 .text.__ratio  0x0800f35c       0x60 D:/software/STM32CubeIDE_1.18.1/STM32CubeIDE/plugins/com.st.stm32cube.ide.mcu.externaltools.gnu-tools-for-stm32.13.3.rel1.win32_1.0.0.202411081344/tools/bin/../lib/gcc/arm-none-eabi/13.3.1/../../../../arm-none-eabi/lib/thumb/v7-m/nofp\libc_nano.a(libc_a-mprec.o)
                0x0800f35c                __ratio
 .text.__copybits
                0x0800f3bc       0x46 D:/software/STM32CubeIDE_1.18.1/STM32CubeIDE/plugins/com.st.stm32cube.ide.mcu.externaltools.gnu-tools-for-stm32.13.3.rel1.win32_1.0.0.202411081344/tools/bin/../lib/gcc/arm-none-eabi/13.3.1/../../../../arm-none-eabi/lib/thumb/v7-m/nofp\libc_nano.a(libc_a-mprec.o)
                0x0800f3bc                __copybits
 .text.__any_on