../APP/lcd12864/lcd.c:23:6:delay_us	0	static,ignoring_inline_asm
../APP/lcd12864/lcd.c:36:6:delay	16	static
../APP/lcd12864/lcd.c:79:6:lcd_hw_Init	48	static
../APP/lcd12864/lcd.c:155:6:sendbyte	0	static
../APP/lcd12864/lcd.c:132:6:write_com	8	static
../APP/lcd12864/lcd.c:143:6:write_data	8	static
../APP/lcd12864/lcd.c:177:6:hzkdis	8	static
../APP/lcd12864/lcd.c:187:6:LCD_ShowNumWithTwoDecimals	32	static
../APP/lcd12864/lcd.c:229:6:LCD_ShowNumdecimal	32	static
../APP/lcd12864/lcd.c:284:6:LCD_ShowNum	24	static
../APP/lcd12864/lcd.c:322:6:LCD_Show32Num	48	static
../APP/lcd12864/lcd.c:381:6:LCD_ShowHex	8	static
../APP/lcd12864/lcd.c:404:6:LCD_ShowAscii	8	static
../APP/lcd12864/lcd.c:409:6:Cls_screen	8	static
../APP/lcd12864/lcd.c:416:15:GetPage0MenuIndex	0	static
../APP/lcd12864/lcd.c:421:15:GetPage1MenuIndex	0	static
../APP/lcd12864/lcd.c:426:9:GetPage0ItemIndex	0	static
../APP/lcd12864/lcd.c:431:9:GetPage1ItemIndex	0	static
../APP/lcd12864/lcd.c:436:6:LCD_Page0menu	16	static
../APP/lcd12864/lcd.c:463:6:LCD_Page1menu	16	static
../APP/lcd12864/lcd.c:490:9:LCD_Page0Menu_Display	16	static
../APP/lcd12864/lcd.c:497:9:LCD_Page1Menu_Display	16	static
../APP/lcd12864/lcd.c:504:6:LCD_Show_CANSendClose	8	static
../APP/lcd12864/lcd.c:511:6:Page_0	8	static
../APP/lcd12864/lcd.c:115:6:lcd128_Init	8	static
