../User/UserTimer/UserTimer.c:47:6:UserTimer_CreateDefault	4	static
../User/UserTimer/UserTimer.c:22:6:UserTimer_Initial	8	static
../User/UserTimer/UserTimer.c:65:6:UserTimer_CreateSelf	4	static
../User/UserTimer/UserTimer.c:83:6:UserTimer_Kill	0	static
../User/UserTimer/UserTimer.c:99:6:UserTimer_Tick	0	static
../User/UserTimer/UserTimer.c:123:6:UserTimer_Handler	8	static
../User/UserTimer/UserTimer.c:149:9:UserTimer_IsActive	0	static
../User/UserTimer/UserTimer.c:162:10:UserTimer_GetRemainCounter	0	static
../User/UserTimer/UserTimer.c:175:18:UserTimer_GetType	0	static
../User/UserTimer/UserTimer.c:188:10:UserTimer_GetPeriod	0	static
../User/UserTimer/UserTimer.c:195:5:UserTimer_SetPeriod	0	static
