../APP/lcd12864/lcd.c:20:6:delay_us	0	static,ignoring_inline_asm
../APP/lcd12864/lcd.c:33:6:delay	16	static
../APP/lcd12864/lcd.c:72:6:lcd_hw_Init	48	static
../APP/lcd12864/lcd.c:148:6:sendbyte	0	static
../APP/lcd12864/lcd.c:125:6:write_com	8	static
../APP/lcd12864/lcd.c:136:6:write_data	8	static
../APP/lcd12864/lcd.c:170:6:hzkdis	8	static
../APP/lcd12864/lcd.c:180:6:LCD_ShowNum	24	static
../APP/lcd12864/lcd.c:218:6:LCD_Show32Num	48	static
../APP/lcd12864/lcd.c:277:6:LCD_ShowHex	8	static
../APP/lcd12864/lcd.c:300:6:LCD_ShowAscii	8	static
../APP/lcd12864/lcd.c:305:6:Cls_screen	8	static
../APP/lcd12864/lcd.c:312:14:GetMenuIndex	0	static
../APP/lcd12864/lcd.c:317:9:GetItemIndex	0	static
../APP/lcd12864/lcd.c:322:6:LCD_menu	16	static
../APP/lcd12864/lcd.c:349:9:LCD_Menu_Display	16	static
../APP/lcd12864/lcd.c:356:6:LCD_Show_CANSendClose	8	static
../APP/lcd12864/lcd.c:363:6:Page_0	8	static
../APP/lcd12864/lcd.c:108:6:lcd128_Init	8	static
