../Service/Service_CanComm/Service_CanComm_il.c:134:16:CanIl_GetCanBusSts	0	static
../Service/Service_CanComm/Service_CanComm_il.c:139:13:CanIl_ClrCanBusSts	0	static
../Service/Service_CanComm/Service_CanComm_il.c:149:13:CanIl_ClrCanBusLost	0	static
../Service/Service_CanComm/Service_CanComm_il.c:154:13:CanIl_SetCanBusLost	0	static
../Service/Service_CanComm/Service_CanComm_il.c:529:13:CanIl_TxStateTask	8	static
../Service/Service_CanComm/Service_CanComm_il.c:674:13:CanIl_EventMsgCycTxPro	4	static
../Service/Service_CanComm/Service_CanComm_il.c:835:13:CanIl_TimeoutDetect	16	static
../Service/Service_CanComm/Service_CanComm_il.c:882:13:CanIl_TimeoutDetectHandler	8	static
../Service/Service_CanComm/Service_CanComm_il.c:933:13:CanDrv_HLTxConfirm	8	static
../Service/Service_CanComm/Service_CanComm_il.c:124:9:CanIl_GetRxEnabled	0	static
../Service/Service_CanComm/Service_CanComm_il.c:129:6:CanIl_SetCanBusSts	0	static
../Service/Service_CanComm/Service_CanComm_il.c:144:9:CanIl_GetCanBusLost	0	static
../Service/Service_CanComm/Service_CanComm_il.c:732:13:CanIl_CanBusDetectHandler	8	static
../Service/Service_CanComm/Service_CanComm_il.c:159:6:CanIl_SetTxStartAPPMsg	0	static
../Service/Service_CanComm/Service_CanComm_il.c:164:6:CanIl_SetTxStopAPPMsg	0	static
../Service/Service_CanComm/Service_CanComm_il.c:169:6:CanIl_SetTxStartNWMMsg	0	static
../Service/Service_CanComm/Service_CanComm_il.c:174:6:CanIl_SetTxStopNWMMsg	0	static
../Service/Service_CanComm/Service_CanComm_il.c:238:6:CanIl_MessageTable_Init	0	static
../Service/Service_CanComm/Service_CanComm_il.c:342:6:CanIl_StateInit	0	static
../Service/Service_CanComm/Service_CanComm_il.c:353:6:CanIl_TxState	0	static
../Service/Service_CanComm/Service_CanComm_il.c:371:6:CanIl_RxState	0	static
../Service/Service_CanComm/Service_CanComm_il.c:389:6:CanIl_RxStart	0	static
../Service/Service_CanComm/Service_CanComm_il.c:405:6:CanIl_TxStart	16	static
../Service/Service_CanComm/Service_CanComm_il.c:449:6:CanIl_RxStop	0	static
../Service/Service_CanComm/Service_CanComm_il.c:466:6:CanIl_TxStop	0	static
../Service/Service_CanComm/Service_CanComm_il.c:483:6:CanIl_WaitTx	0	static
../Service/Service_CanComm/Service_CanComm_il.c:500:6:CanIl_ReleaseTx	0	static
../Service/Service_CanComm/Service_CanComm_il.c:706:6:CanIl_SendEventMsg	0	static
../Service/Service_CanComm/Service_CanComm_il.c:777:5:CanIl_CanUnpack_ProcessHandle	16	static
../Service/Service_CanComm/Service_CanComm_il.c:894:6:CanIl_RxIrqHandler	16	static
../Service/Service_CanComm/Service_CanComm_il.c:921:6:CanIl_RxTask	8	static
../Service/Service_CanComm/Service_CanComm_il.c:946:9:CanStartTransmission	8	static
../Service/Service_CanComm/Service_CanComm_il.c:978:16:CanCopyDataAndStartTransmission	8	static
../Service/Service_CanComm/Service_CanComm_il.c:1035:16:CanDrvTransmit	8	static
../Service/Service_CanComm/Service_CanComm_il.c:510:13:CanIl_SendMsg	16	static
../Service/Service_CanComm/Service_CanComm_il.c:560:13:CanIl_TxTimerTask	16	static
../Service/Service_CanComm/Service_CanComm_il.c:698:6:CanIl_TxTask	8	static
