Archive member included to satisfy reference by file (symbol)

D:/software/STM32CubeIDE_1.18.1/STM32CubeIDE/plugins/com.st.stm32cube.ide.mcu.externaltools.gnu-tools-for-stm32.13.3.rel1.win32_1.0.0.202411081344/tools/bin/../lib/gcc/arm-none-eabi/13.3.1/../../../../arm-none-eabi/lib/thumb/v7-m/nofp\libc_nano.a(libc_a-exit.o)
                              D:/software/STM32CubeIDE_1.18.1/STM32CubeIDE/plugins/com.st.stm32cube.ide.mcu.externaltools.gnu-tools-for-stm32.13.3.rel1.win32_1.0.0.202411081344/tools/bin/../lib/gcc/arm-none-eabi/13.3.1/../../../../arm-none-eabi/lib/thumb/v7-m/nofp/crt0.o (exit)
D:/software/STM32CubeIDE_1.18.1/STM32CubeIDE/plugins/com.st.stm32cube.ide.mcu.externaltools.gnu-tools-for-stm32.13.3.rel1.win32_1.0.0.202411081344/tools/bin/../lib/gcc/arm-none-eabi/13.3.1/../../../../arm-none-eabi/lib/thumb/v7-m/nofp\libc_nano.a(libc_a-nano-vfprintf_float.o)
                              (_printf_float)
D:/software/STM32CubeIDE_1.18.1/STM32CubeIDE/plugins/com.st.stm32cube.ide.mcu.externaltools.gnu-tools-for-stm32.13.3.rel1.win32_1.0.0.202411081344/tools/bin/../lib/gcc/arm-none-eabi/13.3.1/../../../../arm-none-eabi/lib/thumb/v7-m/nofp\libc_nano.a(libc_a-nano-vfprintf_i.o)
                              D:/software/STM32CubeIDE_1.18.1/STM32CubeIDE/plugins/com.st.stm32cube.ide.mcu.externaltools.gnu-tools-for-stm32.13.3.rel1.win32_1.0.0.202411081344/tools/bin/../lib/gcc/arm-none-eabi/13.3.1/../../../../arm-none-eabi/lib/thumb/v7-m/nofp\libc_nano.a(libc_a-nano-vfprintf_float.o) (_printf_common)
D:/software/STM32CubeIDE_1.18.1/STM32CubeIDE/plugins/com.st.stm32cube.ide.mcu.externaltools.gnu-tools-for-stm32.13.3.rel1.win32_1.0.0.202411081344/tools/bin/../lib/gcc/arm-none-eabi/13.3.1/../../../../arm-none-eabi/lib/thumb/v7-m/nofp\libc_nano.a(libc_a-nano-vfscanf_float.o)
                              (_scanf_float)
D:/software/STM32CubeIDE_1.18.1/STM32CubeIDE/plugins/com.st.stm32cube.ide.mcu.externaltools.gnu-tools-for-stm32.13.3.rel1.win32_1.0.0.202411081344/tools/bin/../lib/gcc/arm-none-eabi/13.3.1/../../../../arm-none-eabi/lib/thumb/v7-m/nofp\libc_nano.a(libc_a-findfp.o)
                              D:/software/STM32CubeIDE_1.18.1/STM32CubeIDE/plugins/com.st.stm32cube.ide.mcu.externaltools.gnu-tools-for-stm32.13.3.rel1.win32_1.0.0.202411081344/tools/bin/../lib/gcc/arm-none-eabi/13.3.1/../../../../arm-none-eabi/lib/thumb/v7-m/nofp\libc_nano.a(libc_a-exit.o) (__stdio_exit_handler)
D:/software/STM32CubeIDE_1.18.1/STM32CubeIDE/plugins/com.st.stm32cube.ide.mcu.externaltools.gnu-tools-for-stm32.13.3.rel1.win32_1.0.0.202411081344/tools/bin/../lib/gcc/arm-none-eabi/13.3.1/../../../../arm-none-eabi/lib/thumb/v7-m/nofp\libc_nano.a(libc_a-fwalk.o)
                              D:/software/STM32CubeIDE_1.18.1/STM32CubeIDE/plugins/com.st.stm32cube.ide.mcu.externaltools.gnu-tools-for-stm32.13.3.rel1.win32_1.0.0.202411081344/tools/bin/../lib/gcc/arm-none-eabi/13.3.1/../../../../arm-none-eabi/lib/thumb/v7-m/nofp\libc_nano.a(libc_a-findfp.o) (_fwalk_sglue)
D:/software/STM32CubeIDE_1.18.1/STM32CubeIDE/plugins/com.st.stm32cube.ide.mcu.externaltools.gnu-tools-for-stm32.13.3.rel1.win32_1.0.0.202411081344/tools/bin/../lib/gcc/arm-none-eabi/13.3.1/../../../../arm-none-eabi/lib/thumb/v7-m/nofp\libc_nano.a(libc_a-printf.o)
                              ./Core/Src/adc.o (printf)
D:/software/STM32CubeIDE_1.18.1/STM32CubeIDE/plugins/com.st.stm32cube.ide.mcu.externaltools.gnu-tools-for-stm32.13.3.rel1.win32_1.0.0.202411081344/tools/bin/../lib/gcc/arm-none-eabi/13.3.1/../../../../arm-none-eabi/lib/thumb/v7-m/nofp\libc_nano.a(libc_a-puts.o)
                              ./Core/Src/adc.o (puts)
D:/software/STM32CubeIDE_1.18.1/STM32CubeIDE/plugins/com.st.stm32cube.ide.mcu.externaltools.gnu-tools-for-stm32.13.3.rel1.win32_1.0.0.202411081344/tools/bin/../lib/gcc/arm-none-eabi/13.3.1/../../../../arm-none-eabi/lib/thumb/v7-m/nofp\libc_nano.a(libc_a-sprintf.o)
                              ./Middlewares/Third_Party/FreeRTOS/Source/tasks.o (sprintf)
D:/software/STM32CubeIDE_1.18.1/STM32CubeIDE/plugins/com.st.stm32cube.ide.mcu.externaltools.gnu-tools-for-stm32.13.3.rel1.win32_1.0.0.202411081344/tools/bin/../lib/gcc/arm-none-eabi/13.3.1/../../../../arm-none-eabi/lib/thumb/v7-m/nofp\libc_nano.a(libc_a-stdio.o)
                              D:/software/STM32CubeIDE_1.18.1/STM32CubeIDE/plugins/com.st.stm32cube.ide.mcu.externaltools.gnu-tools-for-stm32.13.3.rel1.win32_1.0.0.202411081344/tools/bin/../lib/gcc/arm-none-eabi/13.3.1/../../../../arm-none-eabi/lib/thumb/v7-m/nofp\libc_nano.a(libc_a-findfp.o) (__sread)
D:/software/STM32CubeIDE_1.18.1/STM32CubeIDE/plugins/com.st.stm32cube.ide.mcu.externaltools.gnu-tools-for-stm32.13.3.rel1.win32_1.0.0.202411081344/tools/bin/../lib/gcc/arm-none-eabi/13.3.1/../../../../arm-none-eabi/lib/thumb/v7-m/nofp\libc_nano.a(libc_a-wbuf.o)
[...]
Memory Configuration

Name             Origin             Length             Attributes
RAM              0x20000000         0x00010000         xrw
FLASH            0x08000000         0x00020000         xr
*default*        0x00000000         0xffffffff

Linker script and memory map

LOAD D:/software/STM32CubeIDE_1.18.1/STM32CubeIDE/plugins/com.st.stm32cube.ide.mcu.externaltools.gnu-tools-for-stm32.13.3.rel1.win32_1.0.0.202411081344/tools/bin/../lib/gcc/arm-none-eabi/13.3.1/thumb/v7-m/nofp/crti.o
LOAD D:/software/STM32CubeIDE_1.18.1/STM32CubeIDE/plugins/com.st.stm32cube.ide.mcu.externaltools.gnu-tools-for-stm32.13.3.rel1.win32_1.0.0.202411081344/tools/bin/../lib/gcc/arm-none-eabi/13.3.1/thumb/v7-m/nofp/crtbegin.o
LOAD D:/software/STM32CubeIDE_1.18.1/STM32CubeIDE/plugins/com.st.stm32cube.ide.mcu.externaltools.gnu-tools-for-stm32.13.3.rel1.win32_1.0.0.202411081344/tools/bin/../lib/gcc/arm-none-eabi/13.3.1/../../../../arm-none-eabi/lib/thumb/v7-m/nofp/crt0.o
LOAD ./APP/adc/adc_app.o
LOAD ./APP/can/APP_CAN_CanMsgPar.o
LOAD ./APP/can/dbc_can_core.o
LOAD ./APP/key/key_app.o
LOAD ./APP/key/src/key.o
LOAD ./APP/lcd12864/lcd.o
LOAD ./APP/lcd12864/lcd12864.o
LOAD ./APP/lcd12864/lcd12864_def.o
LOAD ./APP/lin/lin.o
LOAD ./Core/Src/adc.o
LOAD ./Core/Src/can.o
LOAD ./Core/Src/dma.o
LOAD ./Core/Src/freertos.o
LOAD ./Core/Src/gpio.o
LOAD ./Core/Src/main.o
LOAD ./Core/Src/stm32f1xx_hal_msp.o
LOAD ./Core/Src/stm32f1xx_it.o
LOAD ./Core/Src/syscalls.o
LOAD ./Core/Src/sysmem.o
LOAD ./Core/Src/system_stm32f1xx.o
LOAD ./Core/Src/usart.o
LOAD ./Core/Startup/startup_stm32f105rbtx.o
LOAD ./Drivers/STM32F1xx_HAL_Driver/Src/stm32f1xx_hal.o
LOAD ./Drivers/STM32F1xx_HAL_Driver/Src/stm32f1xx_hal_adc.o
LOAD ./Drivers/STM32F1xx_HAL_Driver/Src/stm32f1xx_hal_adc_ex.o
LOAD ./Drivers/STM32F1xx_HAL_Driver/Src/stm32f1xx_hal_can.o
LOAD ./Drivers/STM32F1xx_HAL_Driver/Src/stm32f1xx_hal_cortex.o
LOAD ./Drivers/STM32F1xx_HAL_Driver/Src/stm32f1xx_hal_dma.o
LOAD ./Drivers/STM32F1xx_HAL_Driver/Src/stm32f1xx_hal_exti.o
LOAD ./Drivers/STM32F1xx_HAL_Driver/Src/stm32f1xx_hal_flash.o
LOAD ./Drivers/STM32F1xx_HAL_Driver/Src/stm32f1xx_hal_flash_ex.o
LOAD ./Drivers/STM32F1xx_HAL_Driver/Src/stm32f1xx_hal_gpio.o
LOAD ./Drivers/STM32F1xx_HAL_Driver/Src/stm32f1xx_hal_gpio_ex.o
LOAD ./Drivers/STM32F1xx_HAL_Driver/Src/stm32f1xx_hal_pwr.o
LOAD ./Drivers/STM32F1xx_HAL_Driver/Src/stm32f1xx_hal_rcc.o
LOAD ./Drivers/STM32F1xx_HAL_Driver/Src/stm32f1xx_hal_rcc_ex.o
LOAD ./Drivers/STM32F1xx_HAL_Driver/Src/stm32f1xx_hal_uart.o
LOAD ./Middlewares/Third_Party/FreeRTOS/Source/CMSIS_RTOS/cmsis_os.o
LOAD ./Middlewares/Third_Party/FreeRTOS/Source/croutine.o
LOAD ./Middlewares/Third_Party/FreeRTOS/Source/event_groups.o
LOAD ./Middlewares/Third_Party/FreeRTOS/Source/list.o
LOAD ./Middlewares/Third_Party/FreeRTOS/Source/queue.o
LOAD ./Middlewares/Third_Party/FreeRTOS/Source/stream_buffer.o
LOAD ./Middlewares/Third_Party/FreeRTOS/Source/tasks.o
LOAD ./Middlewares/Third_Party/FreeRTOS/Source/timers.o
LOAD ./Middlewares/Third_Party/FreeRTOS/Source/portable/GCC/ARM_CM3/port.o
LOAD ./Middlewares/Third_Party/FreeRTOS/Source/portable/MemMang/heap_4.o
LOAD ./Service/GPIO/GPIO_Service.o
LOAD ./Service/Service_CanComm/Service_CanComm_ccl.o
LOAD ./Service/Service_CanComm/Service_CanComm_il.o
LOAD ./User/UserTimer/UserTimer.o
LOAD ./User/UserTimer/UserTimer_App.o
START GROUP
LOAD D:/software/STM32CubeIDE_1.18.1/STM32CubeIDE/plugins/com.st.stm32cube.ide.mcu.externaltools.gnu-tools-for-stm32.13.3.rel1.win32_1.0.0.202411081344/tools/bin/../lib/gcc/arm-none-eabi/13.3.1/../../../../arm-none-eabi/lib/thumb/v7-m/nofp\libc_nano.a
LOAD D:/software/STM32CubeIDE_1.18.1/STM32CubeIDE/plugins/com.st.stm32cube.ide.mcu.externaltools.gnu-tools-for-stm32.13.3.rel1.win32_1.0.0.202411081344/tools/bin/../lib/gcc/arm-none-eabi/13.3.1/../../../../arm-none-eabi/lib/thumb/v7-m/nofp\libm.a
END GROUP
START GROUP
LOAD D:/software/STM32CubeIDE_1.18.1/STM32CubeIDE/plugins/com.st.stm32cube.ide.mcu.externaltools.gnu-tools-for-stm32.13.3.rel1.win32_1.0.0.202411081344/tools/bin/../lib/gcc/arm-none-eabi/13.3.1/thumb/v7-m/nofp\libgcc.a
LOAD D:/software/STM32CubeIDE_1.18.1/STM32CubeIDE/plugins/com.st.stm32cube.ide.mcu.externaltools.gnu-tools-for-stm32.13.3.rel1.win32_1.0.0.202411081344/tools/bin/../lib/gcc/arm-none-eabi/13.3.1/../../../../arm-none-eabi/lib/thumb/v7-m/nofp\libc_nano.a
END GROUP
START GROUP
LOAD D:/software/STM32CubeIDE_1.18.1/STM32CubeIDE/plugins/com.st.stm32cube.ide.mcu.externaltools.gnu-tools-for-stm32.13.3.rel1.win32_1.0.0.202411081344/tools/bin/../lib/gcc/arm-none-eabi/13.3.1/thumb/v7-m/nofp\libgcc.a
LOAD D:/software/STM32CubeIDE_1.18.1/STM32CubeIDE/plugins/com.st.stm32cube.ide.mcu.externaltools.gnu-tools-for-stm32.13.3.rel1.win32_1.0.0.202411081344/tools/bin/../lib/gcc/arm-none-eabi/13.3.1/../../../../arm-none-eabi/lib/thumb/v7-m/nofp\libc_nano.a
LOAD D:/software/STM32CubeIDE_1.18.1/STM32CubeIDE/plugins/com.st.stm32cube.ide.mcu.externaltools.gnu-tools-for-stm32.13.3.rel1.win32_1.0.0.202411081344/tools/bin/../lib/gcc/arm-none-eabi/13.3.1/../../../../arm-none-eabi/lib/thumb/v7-m/nofp\libnosys.a
END GROUP
START GROUP
LOAD D:/software/STM32CubeIDE_1.18.1/STM32CubeIDE/plugins/com.st.stm32cube.ide.mcu.externaltools.gnu-tools-for-stm32.13.3.rel1.win32_1.0.0.202411081344/tools/bin/../lib/gcc/arm-none-eabi/13.3.1/thumb/v7-m/nofp\libgcc.a
LOAD D:/software/STM32CubeIDE_1.18.1/STM32CubeIDE/plugins/com.st.stm32cube.ide.mcu.externaltools.gnu-tools-for-stm32.13.3.rel1.win32_1.0.0.202411081344/tools/bin/../lib/gcc/arm-none-eabi/13.3.1/../../../../arm-none-eabi/lib/thumb/v7-m/nofp\libc_nano.a
LOAD D:/software/STM32CubeIDE_1.18.1/STM32CubeIDE/plugins/com.st.stm32cube.ide.mcu.externaltools.gnu-tools-for-stm32.13.3.rel1.win32_1.0.0.202411081344/tools/bin/../lib/gcc/arm-none-eabi/13.3.1/../../../../arm-none-eabi/lib/thumb/v7-m/nofp\libnosys.a
END GROUP
LOAD D:/software/STM32CubeIDE_1.18.1/STM32CubeIDE/plugins/com.st.stm32cube.ide.mcu.externaltools.gnu-tools-for-stm32.13.3.rel1.win32_1.0.0.202411081344/tools/bin/../lib/gcc/arm-none-eabi/13.3.1/thumb/v7-m/nofp/crtend.o
LOAD D:/software/STM32CubeIDE_1.18.1/STM32CubeIDE/plugins/com.st.stm32cube.ide.mcu.externaltools.gnu-tools-for-stm32.13.3.rel1.win32_1.0.0.202411081344/tools/bin/../lib/gcc/arm-none-eabi/13.3.1/thumb/v7-m/nofp/crtn.o
                0x20010000                        _estack = (ORIGIN (RAM) + LENGTH (RAM))
                0x00000200                        _Min_Heap_Size = 0x200
                0x00000400                        _Min_Stack_Size = 0x400

.isr_vector     0x08000000      0x1e4
                0x08000000                        . = ALIGN (0x4)
 *(.isr_vector)
 .isr_vector    0x08000000      0x1e4 ./Core/Startup/startup_stm32f105rbtx.o
                0x08000000                g_pfnVectors
                0x080001e4                        . = ALIGN (0x4)

.text           0x080001f0     0xf7fc
                0x080001f0                        . = ALIGN (0x4)
 *(.text)
 .text          0x080001f0       0x40 D:/software/STM32CubeIDE_1.18.1/STM32CubeIDE/plugins/com.st.stm32cube.ide.mcu.externaltools.gnu-tools-for-stm32.13.3.rel1.win32_1.0.0.202411081344/tools/bin/../lib/gcc/arm-none-eabi/13.3.1/thumb/v7-m/nofp/crtbegin.o
 .text          0x08000230       0x10 D:/software/STM32CubeIDE_1.18.1/STM32CubeIDE/plugins/com.st.stm32cube.ide.mcu.externaltools.gnu-tools-for-stm32.13.3.rel1.win32_1.0.0.202411081344/tools/bin/../lib/gcc/arm-none-eabi/13.3.1/../../../../arm-none-eabi/lib/thumb/v7-m/nofp\libc_nano.a(libc_a-strlen.o)
                0x08000230                strlen
 .text          0x08000240      0x378 D:/software/STM32CubeIDE_1.18.1/STM32CubeIDE/plugins/com.st.stm32cube.ide.mcu.externaltools.gnu-tools-for-stm32.13.3.rel1.win32_1.0.0.202411081344/tools/bin/../lib/gcc/arm-none-eabi/13.3.1/thumb/v7-m/nofp\libgcc.a(_arm_addsubdf3.o)
                0x08000240                __aeabi_drsub
                0x08000248                __aeabi_dsub
                0x08000248                __subdf3
                0x0800024c                __aeabi_dadd
                0x0800024c                __adddf3
                0x080004c4                __floatunsidf
                0x080004c4                __aeabi_ui2d
                0x080004e4                __floatsidf
                0x080004e4                __aeabi_i2d
                0x08000508                __aeabi_f2d
                0x08000508                __extendsfdf2
                0x0800054c                __floatundidf
                0x0800054c                __aeabi_ul2d
                0x0800055c                __floatdidf
                0x0800055c                __aeabi_l2d
 .text          0x080005b8      0x424 D:/software/STM32CubeIDE_1.18.1/STM32CubeIDE/plugins/com.st.stm32cube.ide.mcu.externaltools.gnu-tools-for-stm32.13.3.rel1.win32_1.0.0.202411081344/tools/bin/../lib/gcc/arm-none-eabi/13.3.1/thumb/v7-m/nofp\libgcc.a(_arm_muldivdf3.o)
                0x080005b8                __aeabi_dmul
                0x080005b8                __muldf3
                0x0800080c                __divdf3
                0x0800080c                __aeabi_ddiv
 .text          0x080009dc      0x110 D:/software/STM32CubeIDE_1.18.1/STM32CubeIDE/plugins/com.st.stm32cube.ide.mcu.externaltools.gnu-tools-for-stm32.13.3.rel1.win32_1.0.0.202411081344/tools/bin/../lib/gcc/arm-none-eabi/13.3.1/thumb/v7-m/nofp\libgcc.a(_arm_cmpdf2.o)
                0x080009dc                __gtdf2
                0x080009dc                __gedf2
                0x080009e4                __ltdf2
                0x080009e4                __ledf2
                0x080009ec                __nedf2
                0x080009ec                __eqdf2
                0x080009ec                __cmpdf2
                0x08000a68                __aeabi_cdrcmple
                0x08000a78                __aeabi_cdcmpeq
                0x08000a78                __aeabi_cdcmple
                0x08000a88                __aeabi_dcmpeq
                0x08000a9c                __aeabi_dcmplt
                0x08000ab0                __aeabi_dcmple
                0x08000ac4                __aeabi_dcmpge
                0x08000ad8                __aeabi_dcmpgt
 .text          0x08000aec       0x2c D:/software/STM32CubeIDE_1.18.1/STM32CubeIDE/plugins/com.st.stm32cube.ide.mcu.externaltools.gnu-tools-for-stm32.13.3.rel1.win32_1.0.0.202411081344/tools/bin/../lib/gcc/arm-none-eabi/13.3.1/thumb/v7-m/nofp\libgcc.a(_arm_unorddf2.o)
                0x08000aec                __unorddf2
                0x08000aec                __aeabi_dcmpun
 .text          0x08000b18       0x50 D:/software/STM32CubeIDE_1.18.1/STM32CubeIDE/plugins/com.st.stm32cube.ide.mcu.externaltools.gnu-tools-for-stm32.13.3.rel1.win32_1.0.0.202411081344/tools/bin/../lib/gcc/arm-none-eabi/13.3.1/thumb/v7-m/nofp\libgcc.a(_arm_fixdfsi.o)
                0x08000b18                __aeabi_d2iz
                0x08000b18                __fixdfsi
 .text          0x08000b68       0x40 D:/software/STM32CubeIDE_1.18.1/STM32CubeIDE/plugins/com.st.stm32cube.ide.mcu.externaltools.gnu-tools-for-stm32.13.3.rel1.win32_1.0.0.202411081344/tools/bin/../lib/gcc/arm-none-eabi/13.3.1/thumb/v7-m/nofp\libgcc.a(_arm_fixunsdfsi.o)
                0x08000b68                __aeabi_d2uiz
                0x08000b68                __fixunsdfsi
 .text          0x08000ba8       0xa0 D:/software/STM32CubeIDE_1.18.1/STM32CubeIDE/plugins/com.st.stm32cube.ide.mcu.externaltools.gnu-tools-for-stm32.13.3.rel1.win32_1.0.0.202411081344/tools/bin/../lib/gcc/arm-none-eabi/13.3.1/thumb/v7-m/nofp\libgcc.a(_arm_truncdfsf2.o)
                0x08000ba8                __truncdfsf2
                0x08000ba8                __aeabi_d2f
 .text          0x08000c48       0x30 D:/software/STM32CubeIDE_1.18.1/STM32CubeIDE/plugins/com.st.stm32cube.ide.mcu.externaltools.gnu-tools-for-stm32.13.3.rel1.win32_1.0.0.202411081344/tools/bin/../lib/gcc/arm-none-eabi/13.3.1/thumb/v7-m/nofp\libgcc.a(_aeabi_uldivmod.o)
                0x08000c48                __aeabi_uldivmod
 .text          0x08000c78       0x30 D:/software/STM32CubeIDE_1.18.1/STM32CubeIDE/plugins/com.st.stm32cube.ide.mcu.externaltools.gnu-tools-for-stm32.13.3.rel1.win32_1.0.0.202411081344/tools/bin/../lib/gcc/arm-none-eabi/13.3.1/thumb/v7-m/nofp\libgcc.a(_fixdfdi.o)
                0x08000c78                __fixdfdi
                0x08000c78                __aeabi_d2lz
 .text          0x08000ca8       0x3c D:/software/STM32CubeIDE_1.18.1/STM32CubeIDE/plugins/com.st.stm32cube.ide.mcu.externaltools.gnu-tools-for-stm32.13.3.rel1.win32_1.0.0.202411081344/tools/bin/../lib/gcc/arm-none-eabi/13.3.1/thumb/v7-m/nofp\libgcc.a(_fixunsdfdi.o)
                0x08000ca8                __fixunsdfdi
                0x08000ca8                __aeabi_d2ulz
 .text          0x08000ce4      0x300 D:/software/STM32CubeIDE_1.18.1/STM32CubeIDE/plugins/com.st.stm32cube.ide.mcu.externaltools.gnu-tools-for-stm32.13.3.rel1.win32_1.0.0.202411081344/tools/bin/../lib/gcc/arm-none-eabi/13.3.1/thumb/v7-m/nofp\libgcc.a(_udivmoddi4.o)
                0x08000ce4                __udivmoddi4
 .text          0x08000fe4        0x4 D:/software/STM32CubeIDE_1.18.1/STM32CubeIDE/plugins/com.st.stm32cube.ide.mcu.externaltools.gnu-tools-for-stm32.13.3.rel1.win32_1.0.0.202411081344/tools/bin/../lib/gcc/arm-none-eabi/13.3.1/thumb/v7-m/nofp\libgcc.a(_dvmd_tls.o)
                0x08000fe4                __aeabi_idiv0
                0x08000fe4                __aeabi_ldiv0
 *(.text*)
 .text.Adc_SetCoverChl
                0x08000fe8       0x28 ./APP/adc/adc_app.o
 .text.ADC_SamplingProcess
                0x08001010       0x78 ./APP/adc/adc_app.o
                0x08001010                ADC_SamplingProcess
 .text.ADC_GetResValue
                0x08001088       0x10 ./APP/adc/adc_app.o
                0x08001088                ADC_GetResValue
 .text.Svc_CanCommUpInf_TxConfigTableInit
                0x08001098       0x14 ./APP/can/dbc_can_core.o
 .text.Svc_CanCommUpInf_TxConfigTableLenInit
                0x080010ac       0x14 ./APP/can/dbc_can_core.o
 .text.Service_CanComm_CanMsgTxStateBufferInit
                0x080010c0       0x14 ./APP/can/dbc_can_core.o
 .text.Can_SendSts_Control
                0x080010d4       0x48 ./APP/can/dbc_can_core.o
                0x080010d4                Can_SendSts_Control
 .text.App_Init
                0x0800111c       0x20 ./APP/can/dbc_can_core.o
                0x0800111c                App_Init
 .text.CanGetMsgSignal
                0x0800113c      0x814 ./APP/can/dbc_can_core.o
                0x0800113c                CanGetMsgSignal
 .text.CanTransmitFunction
                0x08001950       0x12 ./APP/can/dbc_can_core.o
                0x08001950                CanTransmitFunction
 *fill*         0x08001962        0x2 
 .text.volencode_polling
                0x08001964       0xa0 ./APP/key/src/key.o
                0x08001964                volencode_polling
 .text.ShortPress
                0x08001a04      0x170 ./APP/key/src/key.o
                0x08001a04                ShortPress
 .text.Key_CheckProcess
                0x08001b74       0x34 ./APP/key/src/key.o
                0x08001b74                Key_CheckProcess
 .text.delay_us
                0x08001ba8       0x1c ./APP/lcd12864/lcd.o
                0x08001ba8                delay_us
 .text.delay    0x08001bc4       0x18 ./APP/lcd12864/lcd.o
                0x08001bc4                delay
 .text.lcd_hw_Init
                0x08001bdc       0x80 ./APP/lcd12864/lcd.o
                0x08001bdc                lcd_hw_Init
 .text.sendbyte
                0x08001c5c       0x3c ./APP/lcd12864/lcd.o
                0x08001c5c                sendbyte
 .text.write_com
                0x08001c98       0x30 ./APP/lcd12864/lcd.o
                0x08001c98                write_com
 .text.write_data
                0x08001cc8       0x30 ./APP/lcd12864/lcd.o
                0x08001cc8                write_data
 .text.hzkdis   0x08001cf8       0x1a ./APP/lcd12864/lcd.o
                0x08001cf8                hzkdis
 *fill*         0x08001d12        0x2 
 .text.LCD_ShowNumWithTwoDecimals
                0x08001d14       0xd4 ./APP/lcd12864/lcd.o
                0x08001d14                LCD_ShowNumWithTwoDecimals
 .text.LCD_ShowNum
                0x08001de8       0xe4 ./APP/lcd12864/lcd.o
                0x08001de8                LCD_ShowNum
 .text.Cls_screen
                0x08001ecc       0x10 ./APP/lcd12864/lcd.o
                0x08001ecc                Cls_screen
 .text.GetMenuIndex
                0x08001edc        0xc ./APP/lcd12864/lcd.o
                0x08001edc                GetMenuIndex
 .text.GetItemIndex
                0x08001ee8        0xc ./APP/lcd12864/lcd.o
                0x08001ee8                GetItemIndex
 .text.LCD_menu
                0x08001ef4       0x98 ./APP/lcd12864/lcd.o
                0x08001ef4                LCD_menu
 .text.LCD_Menu_Display
                0x08001f8c       0x2c ./APP/lcd12864/lcd.o
                0x08001f8c                LCD_Menu_Display
 .text.LCD_Show_CANSendClose
                0x08001fb8       0x18 ./APP/lcd12864/lcd.o
                0x08001fb8                LCD_Show_CANSendClose
 .text.Page_0   0x08001fd0       0x44 ./APP/lcd12864/lcd.o
                0x08001fd0                Page_0
 .text.lcd128_Init
                0x08002014       0x3a ./APP/lcd12864/lcd.o
                0x08002014                lcd128_Init
 *fill*         0x0800204e        0x2 
 .text.LCD_F1_item
                0x08002050       0xac ./APP/lcd12864/lcd12864.o
                0x08002050                LCD_F1_item
 .text.LCD_F2_item
                0x080020fc       0xc0 ./APP/lcd12864/lcd12864.o
                0x080020fc                LCD_F2_item
 .text.LCD_F3_item
                0x080021bc       0xac ./APP/lcd12864/lcd12864.o
                0x080021bc                LCD_F3_item
 .text.LCD_F4_item
                0x08002268      0x108 ./APP/lcd12864/lcd12864.o
                0x08002268                LCD_F4_item
 .text.LCD_F5_item
                0x08002370       0xac ./APP/lcd12864/lcd12864.o
                0x08002370                LCD_F5_item
 .text.LCD_F9_item
                0x0800241c       0xac ./APP/lcd12864/lcd12864.o
                0x0800241c                LCD_F9_item
 .text.LCD_F10_item
                0x080024c8       0xac ./APP/lcd12864/lcd12864.o
                0x080024c8                LCD_F10_item
 .text.LCD_F11_item
                0x08002574       0xac ./APP/lcd12864/lcd12864.o
                0x08002574                LCD_F11_item
 .text.LCD_F13_item
                0x08002620       0xac ./APP/lcd12864/lcd12864.o
                0x08002620                LCD_F13_item
 .text.LCD_F14_item
                0x080026cc       0x98 ./APP/lcd12864/lcd12864.o
                0x080026cc                LCD_F14_item
 .text.LCD_F15_item
                0x08002764       0x98 ./APP/lcd12864/lcd12864.o
                0x08002764                LCD_F15_item
 .text.LCD_F16_item
                0x080027fc       0x98 ./APP/lcd12864/lcd12864.o
                0x080027fc                LCD_F16_item
 .text.LCD_F17_item
                0x08002894       0x98 ./APP/lcd12864/lcd12864.o
                0x08002894                LCD_F17_item
 .text.LCD_F18_item
                0x0800292c       0x98 ./APP/lcd12864/lcd12864.o
                0x0800292c                LCD_F18_item
 .text.LCD_F19_item
                0x080029c4       0x98 ./APP/lcd12864/lcd12864.o
                0x080029c4                LCD_F19_item
 .text.LCD_F20_item
                0x08002a5c       0x98 ./APP/lcd12864/lcd12864.o
                0x08002a5c                LCD_F20_item
 .text.LCD_F21_item
                0x08002af4       0x98 ./APP/lcd12864/lcd12864.o
                0x08002af4                LCD_F21_item
 .text.LCD_F22_item
                0x08002b8c       0x98 ./APP/lcd12864/lcd12864.o
                0x08002b8c                LCD_F22_item
 .text.LCD_F23_item
                0x08002c24       0x98 ./APP/lcd12864/lcd12864.o
                0x08002c24                LCD_F23_item
 .text.LCD_F24_item
                0x08002cbc       0x98 ./APP/lcd12864/lcd12864.o
                0x08002cbc                LCD_F24_item
 .text.LCD_F25_item
                0x08002d54       0x98 ./APP/lcd12864/lcd12864.o
                0x08002d54                LCD_F25_item
 .text.LCD_F26_item
                0x08002dec       0x98 ./APP/lcd12864/lcd12864.o
                0x08002dec                LCD_F26_item
 .text.LCD_F27_item
                0x08002e84       0x98 ./APP/lcd12864/lcd12864.o
                0x08002e84                LCD_F27_item
 .text.LCD_F28_item
                0x08002f1c       0x98 ./APP/lcd12864/lcd12864.o
                0x08002f1c                LCD_F28_item
 .text.LCD_F29_item
                0x08002fb4       0x98 ./APP/lcd12864/lcd12864.o
                0x08002fb4                LCD_F29_item
 .text.LCD_F30_item
                0x0800304c       0x98 ./APP/lcd12864/lcd12864.o
                0x0800304c                LCD_F30_item
 .text.LCD_F31_item
                0x080030e4       0x98 ./APP/lcd12864/lcd12864.o
                0x080030e4                LCD_F31_item
 .text.LCD_F32_item
                0x0800317c       0x98 ./APP/lcd12864/lcd12864.o
                0x0800317c                LCD_F32_item
 .text.LCD_F33_item
                0x08003214       0x98 ./APP/lcd12864/lcd12864.o
                0x08003214                LCD_F33_item
 .text.LCD_F34_item
                0x080032ac       0x98 ./APP/lcd12864/lcd12864.o
                0x080032ac                LCD_F34_item
 .text.LCD_F35_item
                0x08003344       0x98 ./APP/lcd12864/lcd12864.o
                0x08003344                LCD_F35_item
 .text.LCD_F36_item
                0x080033dc       0x98 ./APP/lcd12864/lcd12864.o
                0x080033dc                LCD_F36_item
 .text.LCD_F37_item
                0x08003474       0x98 ./APP/lcd12864/lcd12864.o
                0x08003474                LCD_F37_item
 .text.LCD_F38_item
                0x0800350c       0x98 ./APP/lcd12864/lcd12864.o
                0x0800350c                LCD_F38_item
 .text.LCD_F39_item
                0x080035a4       0x98 ./APP/lcd12864/lcd12864.o
                0x080035a4                LCD_F39_item
 .text.LCD_F40_item
                0x0800363c       0x98 ./APP/lcd12864/lcd12864.o
                0x0800363c                LCD_F40_item
 .text.LCD_F41_item
                0x080036d4       0x98 ./APP/lcd12864/lcd12864.o
                0x080036d4                LCD_F41_item
 .text.LCD_F42_item
                0x0800376c       0x98 ./APP/lcd12864/lcd12864.o
                0x0800376c                LCD_F42_item
 .text.LCD_F43_item
                0x08003804       0x98 ./APP/lcd12864/lcd12864.o
                0x08003804                LCD_F43_item
 .text.LCD_F44_item
                0x0800389c       0x98 ./APP/lcd12864/lcd12864.o
                0x0800389c                LCD_F44_item
 .text.LCD_F45_item
                0x08003934       0x98 ./APP/lcd12864/lcd12864.o
                0x08003934                LCD_F45_item
 .text.LCD_F46_item
                0x080039cc       0x98 ./APP/lcd12864/lcd12864.o
                0x080039cc                LCD_F46_item
 .text.LCD_F47_item
                0x08003a64       0x98 ./APP/lcd12864/lcd12864.o
                0x08003a64                LCD_F47_item
 .text.LCD_F48_item
                0x08003afc       0x98 ./APP/lcd12864/lcd12864.o
                0x08003afc                LCD_F48_item
 .text.LCD_F49_item
                0x08003b94       0x98 ./APP/lcd12864/lcd12864.o
                0x08003b94                LCD_F49_item
 .text.LCD_F50_item
                0x08003c2c       0x98 ./APP/lcd12864/lcd12864.o
                0x08003c2c                LCD_F50_item
 .text.LCD_F51_item
                0x08003cc4       0x98 ./APP/lcd12864/lcd12864.o
                0x08003cc4                LCD_F51_item
 .text.LCD_F52_item
                0x08003d5c       0x98 ./APP/lcd12864/lcd12864.o
                0x08003d5c                LCD_F52_item
 .text.LCD_F53_item
                0x08003df4       0x98 ./APP/lcd12864/lcd12864.o
                0x08003df4                LCD_F53_item
 .text.LCD_F54_item
                0x08003e8c       0x98 ./APP/lcd12864/lcd12864.o
                0x08003e8c                LCD_F54_item
 .text.LCD_F55_item
                0x08003f24       0x98 ./APP/lcd12864/lcd12864.o
                0x08003f24                LCD_F55_item
 .text.LCD_F56_item
                0x08003fbc       0x98 ./APP/lcd12864/lcd12864.o
                0x08003fbc                LCD_F56_item
 .text.LCD_F57_item
                0x08004054       0x98 ./APP/lcd12864/lcd12864.o
                0x08004054                LCD_F57_item
 .text.LCD_F58_item
                0x080040ec       0x98 ./APP/lcd12864/lcd12864.o
                0x080040ec                LCD_F58_item
 .text.LCD_F59_item
                0x08004184       0x98 ./APP/lcd12864/lcd12864.o
                0x08004184                LCD_F59_item
 .text.LCD_F60_item
                0x0800421c       0x98 ./APP/lcd12864/lcd12864.o
                0x0800421c                LCD_F60_item
 .text.LCD_F61_item
                0x080042b4       0x98 ./APP/lcd12864/lcd12864.o
                0x080042b4                LCD_F61_item
 .text.LCD_F62_item
                0x0800434c       0x98 ./APP/lcd12864/lcd12864.o
                0x0800434c                LCD_F62_item
 .text.LCD_F63_item
                0x080043e4       0x98 ./APP/lcd12864/lcd12864.o
                0x080043e4                LCD_F63_item
 .text.LCD_F64_item
                0x0800447c       0x98 ./APP/lcd12864/lcd12864.o
                0x0800447c                LCD_F64_item
 .text.LCD_F65_item
                0x08004514       0x98 ./APP/lcd12864/lcd12864.o
                0x08004514                LCD_F65_item
 .text.LCD_F66_item
                0x080045ac       0x98 ./APP/lcd12864/lcd12864.o
                0x080045ac                LCD_F66_item
 .text.LCD_F67_item
                0x08004644       0x98 ./APP/lcd12864/lcd12864.o
                0x08004644                LCD_F67_item
 .text.LCD_F68_item
                0x080046dc       0x98 ./APP/lcd12864/lcd12864.o
                0x080046dc                LCD_F68_item
 .text.LCD_F69_item
                0x08004774       0x98 ./APP/lcd12864/lcd12864.o
                0x08004774                LCD_F69_item
 .text.LCD_F70_item
                0x0800480c       0x98 ./APP/lcd12864/lcd12864.o
                0x0800480c                LCD_F70_item
 .text.LCD_F71_item
                0x080048a4       0x98 ./APP/lcd12864/lcd12864.o
                0x080048a4                LCD_F71_item
 .text.LCD_F72_item
                0x0800493c       0x98 ./APP/lcd12864/lcd12864.o
                0x0800493c                LCD_F72_item
 .text.LCD_F73_item
                0x080049d4       0x98 ./APP/lcd12864/lcd12864.o
                0x080049d4                LCD_F73_item
 .text.LCD_F74_item
                0x08004a6c       0x98 ./APP/lcd12864/lcd12864.o
                0x08004a6c                LCD_F74_item
 .text.LCD_F75_item
                0x08004b04       0x98 ./APP/lcd12864/lcd12864.o
                0x08004b04                LCD_F75_item
 .text.LCD_F76_item
                0x08004b9c       0x98 ./APP/lcd12864/lcd12864.o
                0x08004b9c                LCD_F76_item
 .text.LCD_F77_item
                0x08004c34       0x98 ./APP/lcd12864/lcd12864.o
                0x08004c34                LCD_F77_item
 .text.LCD_F78_item
                0x08004ccc       0x98 ./APP/lcd12864/lcd12864.o
                0x08004ccc                LCD_F78_item
 *fill*         0x08004d64        0x4 
 .text.LCD_F6_item
                0x08004d68      0x164 ./APP/lcd12864/lcd12864.o
                0x08004d68                LCD_F6_item
 *fill*         0x08004ecc        0x4 
 .text.LCD_F7_item
                0x08004ed0      0x134 ./APP/lcd12864/lcd12864.o
                0x08004ed0                LCD_F7_item
 .text.LCD_F8_item
                0x08005004       0xe8 ./APP/lcd12864/lcd12864.o
                0x08005004                LCD_F8_item
 .text.LCD_F12_item
                0x080050ec      0x118 ./APP/lcd12864/lcd12864.o
                0x080050ec                LCD_F12_item
 .text.ItemValueLimit
                0x08005204        0x4 ./APP/lcd12864/lcd12864.o
                0x08005204                ItemValueLimit
 .text.GetItemValue
                0x08005208      0x120 ./APP/lcd12864/lcd12864.o
                0x08005208                GetItemValue
 .text.GetItemMAXItem
                0x08005328       0x3e ./APP/lcd12864/lcd12864.o
                0x08005328                GetItemMAXItem
 *fill*         0x08005366        0x2 
 .text.GetItemMAXValue
                0x08005368      0x454 ./APP/lcd12864/lcd12864.o
                0x08005368                GetItemMAXValue
 .text.SaveItemValue
                0x080057bc      0xa80 ./APP/lcd12864/lcd12864.o
                0x080057bc                SaveItemValue
 *fill*         0x0800623c        0x4 
 .text.GetF1Value
                0x08006240       0x3c ./APP/lcd12864/lcd12864.o
                0x08006240                GetF1Value
 .text.GetF2Value
                0x0800627c       0x28 ./APP/lcd12864/lcd12864.o
                0x0800627c                GetF2Value
 .text.GetF3Value
                0x080062a4       0x14 ./APP/lcd12864/lcd12864.o
                0x080062a4                GetF3Value
 .text.GetF4Value
                0x080062b8       0x20 ./APP/lcd12864/lcd12864.o
                0x080062b8                GetF4Value
 .text.GetF5Value
                0x080062d8       0x28 ./APP/lcd12864/lcd12864.o
                0x080062d8                GetF5Value
 .text.GetF6Value
                0x08006300       0x38 ./APP/lcd12864/lcd12864.o
                0x08006300                GetF6Value
 .text.GetF7Value
                0x08006338       0x2c ./APP/lcd12864/lcd12864.o
                0x08006338                GetF7Value
 .text.GetF8Value
                0x08006364       0x24 ./APP/lcd12864/lcd12864.o
                0x08006364                GetF8Value
 .text.GetF9Value
                0x08006388       0x14 ./APP/lcd12864/lcd12864.o
                0x08006388                GetF9Value
 .text.GetF10Value
                0x0800639c       0x14 ./APP/lcd12864/lcd12864.o
                0x0800639c                GetF10Value
 .text.GetF11Value
                0x080063b0       0x14 ./APP/lcd12864/lcd12864.o
                0x080063b0                GetF11Value
 .text.GetF12Value
                0x080063c4       0x14 ./APP/lcd12864/lcd12864.o
                0x080063c4                GetF12Value
 .text.GetF13Value
                0x080063d8       0x14 ./APP/lcd12864/lcd12864.o
                0x080063d8                GetF13Value
 .text.MX_ADC1_Init
                0x080063ec       0xc8 ./Core/Src/adc.o
                0x080063ec                MX_ADC1_Init
 .text.HAL_ADC_MspInit
                0x080064b4       0x80 ./Core/Src/adc.o
                0x080064b4                HAL_ADC_MspInit
 .text.MX_CAN1_Init
                0x08006534       0x80 ./Core/Src/can.o
                0x08006534                MX_CAN1_Init
 .text.MX_CAN2_Init
                0x080065b4       0x80 ./Core/Src/can.o
                0x080065b4                MX_CAN2_Init
 .text.HAL_CAN_MspInit
                0x08006634      0x128 ./Core/Src/can.o
                0x08006634                HAL_CAN_MspInit
 .text.HAL_CAN_RxFifo0MsgPendingCallback
                0x0800675c       0x78 ./Core/Src/can.o
                0x0800675c                HAL_CAN_RxFifo0MsgPendingCallback
 .text.CAN2_SendMsg
                0x080067d4       0x70 ./Core/Src/can.o
                0x080067d4                CAN2_SendMsg
 .text.CAN_SendMsg
                0x08006844       0x58 ./Core/Src/can.o
                0x08006844                CAN_SendMsg
 .text.MX_DMA_Init
                0x0800689c       0x74 ./Core/Src/dma.o
                0x0800689c                MX_DMA_Init
 .text.StartDefaultTask
                0x08006910        0xc ./Core/Src/freertos.o
                0x08006910                StartDefaultTask
 .text.heartbeat_task
                0x0800691c       0x18 ./Core/Src/freertos.o
                0x0800691c                heartbeat_task
 .text.task0_task
                0x08006934        0xa ./Core/Src/freertos.o
                0x08006934                task0_task
 .text.task1_task
                0x0800693e        0xe ./Core/Src/freertos.o
                0x0800693e                task1_task
 .text.task2_task
                0x0800694c       0x60 ./Core/Src/freertos.o
                0x0800694c                task2_task
 .text.task3_task
                0x080069ac       0xa4 ./Core/Src/freertos.o
                0x080069ac                task3_task
 .text.vApplicationTickHook
                0x08006a50        0x2 ./Core/Src/freertos.o
                0x08006a50                vApplicationTickHook
 .text.vApplicationStackOverflowHook
                0x08006a52        0x2 ./Core/Src/freertos.o
                0x08006a52                vApplicationStackOverflowHook
 .text.vApplicationMallocFailedHook
                0x08006a54        0x2 ./Core/Src/freertos.o
                0x08006a54                vApplicationMallocFailedHook
 *fill*         0x08006a56        0x2 
 .text.vApplicationGetIdleTaskMemory
                0x08006a58       0x18 ./Core/Src/freertos.o
                0x08006a58                vApplicationGetIdleTaskMemory
 .text.MX_FREERTOS_Init
                0x08006a70      0x124 ./Core/Src/freertos.o
                0x08006a70                MX_FREERTOS_Init
 .text.MX_GPIO_Init
                0x08006b94      0x12c ./Core/Src/gpio.o
                0x08006b94                MX_GPIO_Init
 .text.__io_putchar
                0x08006cc0       0x20 ./Core/Src/main.o
                0x08006cc0                __io_putchar
 .text.Error_Handler
                0x08006ce0        0x4 ./Core/Src/main.o
                0x08006ce0                Error_Handler
 .text.SystemClock_Config
                0x08006ce4       0x90 ./Core/Src/main.o
                0x08006ce4                SystemClock_Config
 .text.main     0x08006d74       0x60 ./Core/Src/main.o
                0x08006d74                main
 .text.HAL_MspInit
                0x08006dd4       0x54 ./Core/Src/stm32f1xx_hal_msp.o
                0x08006dd4                HAL_MspInit
 .text.NMI_Handler
                0x08006e28        0x2 ./Core/Src/stm32f1xx_it.o
                0x08006e28                NMI_Handler
 .text.HardFault_Handler
                0x08006e2a        0x2 ./Core/Src/stm32f1xx_it.o
                0x08006e2a                HardFault_Handler
 .text.MemManage_Handler
                0x08006e2c        0x2 ./Core/Src/stm32f1xx_it.o
                0x08006e2c                MemManage_Handler
 .text.BusFault_Handler
                0x08006e2e        0x2 ./Core/Src/stm32f1xx_it.o
                0x08006e2e                BusFault_Handler
 .text.UsageFault_Handler
                0x08006e30        0x2 ./Core/Src/stm32f1xx_it.o
                0x08006e30                UsageFault_Handler
 .text.DebugMon_Handler
                0x08006e32        0x2 ./Core/Src/stm32f1xx_it.o
                0x08006e32                DebugMon_Handler
 .text.SysTick_Handler
                0x08006e34       0x16 ./Core/Src/stm32f1xx_it.o
                0x08006e34                SysTick_Handler
 *fill*         0x08006e4a        0x2 
 .text.CAN1_RX0_IRQHandler
                0x08006e4c       0x10 ./Core/Src/stm32f1xx_it.o
                0x08006e4c                CAN1_RX0_IRQHandler
 .text.UART4_IRQHandler
                0x08006e5c       0x10 ./Core/Src/stm32f1xx_it.o
                0x08006e5c                UART4_IRQHandler
 .text.DMA2_Channel3_IRQHandler
                0x08006e6c       0x10 ./Core/Src/stm32f1xx_it.o
                0x08006e6c                DMA2_Channel3_IRQHandler
 .text.DMA2_Channel5_IRQHandler
                0x08006e7c       0x10 ./Core/Src/stm32f1xx_it.o
                0x08006e7c                DMA2_Channel5_IRQHandler
 .text.CAN2_RX0_IRQHandler
                0x08006e8c       0x10 ./Core/Src/stm32f1xx_it.o
                0x08006e8c                CAN2_RX0_IRQHandler
 .text._getpid  0x08006e9c        0x4 ./Core/Src/syscalls.o
                0x08006e9c                _getpid
 .text._kill    0x08006ea0       0x10 ./Core/Src/syscalls.o
                0x08006ea0                _kill
 .text._exit    0x08006eb0        0xc ./Core/Src/syscalls.o
                0x08006eb0                _exit
 .text._read    0x08006ebc       0x20 ./Core/Src/syscalls.o
                0x08006ebc                _read
 .text._write   0x08006edc       0x1c ./Core/Src/syscalls.o
                0x08006edc                _write
 .text._close   0x08006ef8        0x6 ./Core/Src/syscalls.o
                0x08006ef8                _close
 .text._fstat   0x08006efe        0xa ./Core/Src/syscalls.o
                0x08006efe                _fstat
 .text._isatty  0x08006f08        0x4 ./Core/Src/syscalls.o
                0x08006f08                _isatty
 .text._lseek   0x08006f0c        0x4 ./Core/Src/syscalls.o
                0x08006f0c                _lseek
 .text._sbrk    0x08006f10       0x48 ./Core/Src/sysmem.o
                0x08006f10                _sbrk
 .text.SystemInit
                0x08006f58        0x2 ./Core/Src/system_stm32f1xx.o
                0x08006f58                SystemInit
 *fill*         0x08006f5a        0x2 
 .text.MX_UART4_Init
                0x08006f5c       0x34 ./Core/Src/usart.o
                0x08006f5c                MX_UART4_Init
 .text.MX_UART5_Init
                0x08006f90       0x34 ./Core/Src/usart.o
                0x08006f90                MX_UART5_Init
 .text.MX_USART2_UART_Init
                0x08006fc4       0x34 ./Core/Src/usart.o
                0x08006fc4                MX_USART2_UART_Init
 .text.HAL_UART_MspInit
                0x08006ff8      0x2bc ./Core/Src/usart.o
                0x08006ff8                HAL_UART_MspInit
 .text.Reset_Handler
                0x080072b4       0x48 ./Core/Startup/startup_stm32f105rbtx.o
                0x080072b4                Reset_Handler
 .text.Default_Handler
                0x080072fc        0x2 ./Core/Startup/startup_stm32f105rbtx.o
                0x080072fc                RTC_Alarm_IRQHandler
                0x080072fc                EXTI2_IRQHandler
                0x080072fc                TIM1_CC_IRQHandler
                0x080072fc                TIM6_IRQHandler
                0x080072fc                PVD_IRQHandler
                0x080072fc                CAN2_RX1_IRQHandler
                0x080072fc                EXTI3_IRQHandler
                0x080072fc                EXTI0_IRQHandler
                0x080072fc                I2C2_EV_IRQHandler
                0x080072fc                CAN2_SCE_IRQHandler
                0x080072fc                ADC1_2_IRQHandler
                0x080072fc                SPI1_IRQHandler
                0x080072fc                TAMPER_IRQHandler
                0x080072fc                DMA2_Channel2_IRQHandler
                0x080072fc                DMA1_Channel4_IRQHandler
                0x080072fc                USART3_IRQHandler
                0x080072fc                RTC_IRQHandler
                0x080072fc                DMA1_Channel7_IRQHandler
                0x080072fc                CAN1_RX1_IRQHandler
                0x080072fc                UART5_IRQHandler
                0x080072fc                TIM4_IRQHandler
                0x080072fc                DMA2_Channel1_IRQHandler
                0x080072fc                I2C1_EV_IRQHandler
                0x080072fc                DMA1_Channel6_IRQHandler
                0x080072fc                DMA2_Channel4_IRQHandler
                0x080072fc                TIM3_IRQHandler
                0x080072fc                RCC_IRQHandler
                0x080072fc                TIM1_TRG_COM_IRQHandler
                0x080072fc                DMA1_Channel1_IRQHandler
                0x080072fc                Default_Handler
                0x080072fc                EXTI15_10_IRQHandler
                0x080072fc                TIM7_IRQHandler
                0x080072fc                CAN2_TX_IRQHandler
                0x080072fc                TIM5_IRQHandler
                0x080072fc                EXTI9_5_IRQHandler
                0x080072fc                SPI2_IRQHandler
                0x080072fc                CAN1_TX_IRQHandler
                0x080072fc                DMA1_Channel5_IRQHandler
                0x080072fc                EXTI4_IRQHandler
                0x080072fc                DMA1_Channel3_IRQHandler
                0x080072fc                TIM1_UP_IRQHandler
                0x080072fc                WWDG_IRQHandler
                0x080072fc                TIM2_IRQHandler
                0x080072fc                OTG_FS_WKUP_IRQHandler
                0x080072fc                TIM1_BRK_IRQHandler
                0x080072fc                EXTI1_IRQHandler
                0x080072fc                USART2_IRQHandler
                0x080072fc                I2C2_ER_IRQHandler
                0x080072fc                DMA1_Channel2_IRQHandler
                0x080072fc                CAN1_SCE_IRQHandler
                0x080072fc                FLASH_IRQHandler
                0x080072fc                USART1_IRQHandler
                0x080072fc                OTG_FS_IRQHandler
                0x080072fc                SPI3_IRQHandler
                0x080072fc                I2C1_ER_IRQHandler
 *fill*         0x080072fe        0x2 
 .text.HAL_InitTick
                0x08007300       0x4c ./Drivers/STM32F1xx_HAL_Driver/Src/stm32f1xx_hal.o
                0x08007300                HAL_InitTick
 .text.HAL_Init
                0x0800734c       0x24 ./Drivers/STM32F1xx_HAL_Driver/Src/stm32f1xx_hal.o
                0x0800734c                HAL_Init
 .text.HAL_IncTick
                0x08007370       0x18 ./Drivers/STM32F1xx_HAL_Driver/Src/stm32f1xx_hal.o
                0x08007370                HAL_IncTick
 .text.HAL_GetTick
                0x08007388        0xc ./Drivers/STM32F1xx_HAL_Driver/Src/stm32f1xx_hal.o
                0x08007388                HAL_GetTick
 .text.HAL_ADC_GetValue
                0x08007394        0x6 ./Drivers/STM32F1xx_HAL_Driver/Src/stm32f1xx_hal_adc.o
                0x08007394                HAL_ADC_GetValue
 *fill*         0x0800739a        0x2 
 .text.HAL_ADC_ConfigChannel
                0x0800739c      0x140 ./Drivers/STM32F1xx_HAL_Driver/Src/stm32f1xx_hal_adc.o
                0x0800739c                HAL_ADC_ConfigChannel
 .text.ADC_Enable
                0x080074dc       0x88 ./Drivers/STM32F1xx_HAL_Driver/Src/stm32f1xx_hal_adc.o
                0x080074dc                ADC_Enable
 .text.HAL_ADC_Start
                0x08007564       0xe8 ./Drivers/STM32F1xx_HAL_Driver/Src/stm32f1xx_hal_adc.o
                0x08007564                HAL_ADC_Start
 .text.ADC_ConversionStop_Disable
                0x0800764c       0x56 ./Drivers/STM32F1xx_HAL_Driver/Src/stm32f1xx_hal_adc.o
                0x0800764c                ADC_ConversionStop_Disable
 *fill*         0x080076a2        0x2 
 .text.HAL_ADC_Init
                0x080076a4      0x108 ./Drivers/STM32F1xx_HAL_Driver/Src/stm32f1xx_hal_adc.o
                0x080076a4                HAL_ADC_Init
 .text.HAL_CAN_Init
                0x080077ac      0x14c ./Drivers/STM32F1xx_HAL_Driver/Src/stm32f1xx_hal_can.o
                0x080077ac                HAL_CAN_Init
 .text.HAL_CAN_ConfigFilter
                0x080078f8      0x13c ./Drivers/STM32F1xx_HAL_Driver/Src/stm32f1xx_hal_can.o
                0x080078f8                HAL_CAN_ConfigFilter
 .text.HAL_CAN_Start
                0x08007a34       0x5c ./Drivers/STM32F1xx_HAL_Driver/Src/stm32f1xx_hal_can.o
                0x08007a34                HAL_CAN_Start
 .text.HAL_CAN_AddTxMessage
                0x08007a90       0xea ./Drivers/STM32F1xx_HAL_Driver/Src/stm32f1xx_hal_can.o
                0x08007a90                HAL_CAN_AddTxMessage
 .text.HAL_CAN_GetTxMailboxesFreeLevel
                0x08007b7a       0x32 ./Drivers/STM32F1xx_HAL_Driver/Src/stm32f1xx_hal_can.o
                0x08007b7a                HAL_CAN_GetTxMailboxesFreeLevel
 .text.HAL_CAN_GetRxMessage
                0x08007bac      0x16a ./Drivers/STM32F1xx_HAL_Driver/Src/stm32f1xx_hal_can.o
                0x08007bac                HAL_CAN_GetRxMessage
 .text.HAL_CAN_ActivateNotification
                0x08007d16       0x24 ./Drivers/STM32F1xx_HAL_Driver/Src/stm32f1xx_hal_can.o
                0x08007d16                HAL_CAN_ActivateNotification
 .text.HAL_CAN_TxMailbox0CompleteCallback
                0x08007d3a        0x2 ./Drivers/STM32F1xx_HAL_Driver/Src/stm32f1xx_hal_can.o
                0x08007d3a                HAL_CAN_TxMailbox0CompleteCallback
 .text.HAL_CAN_TxMailbox1CompleteCallback
                0x08007d3c        0x2 ./Drivers/STM32F1xx_HAL_Driver/Src/stm32f1xx_hal_can.o
                0x08007d3c                HAL_CAN_TxMailbox1CompleteCallback
 .text.HAL_CAN_TxMailbox2CompleteCallback
                0x08007d3e        0x2 ./Drivers/STM32F1xx_HAL_Driver/Src/stm32f1xx_hal_can.o
                0x08007d3e                HAL_CAN_TxMailbox2CompleteCallback
 .text.HAL_CAN_TxMailbox0AbortCallback
                0x08007d40        0x2 ./Drivers/STM32F1xx_HAL_Driver/Src/stm32f1xx_hal_can.o
                0x08007d40                HAL_CAN_TxMailbox0AbortCallback
 .text.HAL_CAN_TxMailbox1AbortCallback
                0x08007d42        0x2 ./Drivers/STM32F1xx_HAL_Driver/Src/stm32f1xx_hal_can.o
                0x08007d42                HAL_CAN_TxMailbox1AbortCallback
 .text.HAL_CAN_TxMailbox2AbortCallback
                0x08007d44        0x2 ./Drivers/STM32F1xx_HAL_Driver/Src/stm32f1xx_hal_can.o
                0x08007d44                HAL_CAN_TxMailbox2AbortCallback
 .text.HAL_CAN_RxFifo0FullCallback
                0x08007d46        0x2 ./Drivers/STM32F1xx_HAL_Driver/Src/stm32f1xx_hal_can.o
                0x08007d46                HAL_CAN_RxFifo0FullCallback
 .text.HAL_CAN_RxFifo1MsgPendingCallback
                0x08007d48        0x2 ./Drivers/STM32F1xx_HAL_Driver/Src/stm32f1xx_hal_can.o
                0x08007d48                HAL_CAN_RxFifo1MsgPendingCallback
 .text.HAL_CAN_RxFifo1FullCallback
                0x08007d4a        0x2 ./Drivers/STM32F1xx_HAL_Driver/Src/stm32f1xx_hal_can.o
                0x08007d4a                HAL_CAN_RxFifo1FullCallback
 .text.HAL_CAN_SleepCallback
                0x08007d4c        0x2 ./Drivers/STM32F1xx_HAL_Driver/Src/stm32f1xx_hal_can.o
                0x08007d4c                HAL_CAN_SleepCallback
 .text.HAL_CAN_WakeUpFromRxMsgCallback
                0x08007d4e        0x2 ./Drivers/STM32F1xx_HAL_Driver/Src/stm32f1xx_hal_can.o
                0x08007d4e                HAL_CAN_WakeUpFromRxMsgCallback
 .text.HAL_CAN_ErrorCallback
                0x08007d50        0x2 ./Drivers/STM32F1xx_HAL_Driver/Src/stm32f1xx_hal_can.o
                0x08007d50                HAL_CAN_ErrorCallback
 .text.HAL_CAN_IRQHandler
                0x08007d52      0x250 ./Drivers/STM32F1xx_HAL_Driver/Src/stm32f1xx_hal_can.o
                0x08007d52                HAL_CAN_IRQHandler
 *fill*         0x08007fa2        0x2 
 .text.__NVIC_SetPriority
                0x08007fa4       0x28 ./Drivers/STM32F1xx_HAL_Driver/Src/stm32f1xx_hal_cortex.o
 .text.NVIC_EncodePriority
                0x08007fcc       0x3e ./Drivers/STM32F1xx_HAL_Driver/Src/stm32f1xx_hal_cortex.o
 *fill*         0x0800800a        0x2 
 .text.HAL_NVIC_SetPriorityGrouping
                0x0800800c       0x24 ./Drivers/STM32F1xx_HAL_Driver/Src/stm32f1xx_hal_cortex.o
                0x0800800c                HAL_NVIC_SetPriorityGrouping
 .text.HAL_NVIC_SetPriority
                0x08008030       0x20 ./Drivers/STM32F1xx_HAL_Driver/Src/stm32f1xx_hal_cortex.o
                0x08008030                HAL_NVIC_SetPriority
 .text.HAL_NVIC_EnableIRQ
                0x08008050       0x1c ./Drivers/STM32F1xx_HAL_Driver/Src/stm32f1xx_hal_cortex.o
                0x08008050                HAL_NVIC_EnableIRQ
 .text.HAL_SYSTICK_Config
                0x0800806c       0x28 ./Drivers/STM32F1xx_HAL_Driver/Src/stm32f1xx_hal_cortex.o
                0x0800806c                HAL_SYSTICK_Config
 .text.DMA_SetConfig
                0x08008094       0x2c ./Drivers/STM32F1xx_HAL_Driver/Src/stm32f1xx_hal_dma.o
 .text.HAL_DMA_Init
                0x080080c0       0x94 ./Drivers/STM32F1xx_HAL_Driver/Src/stm32f1xx_hal_dma.o
                0x080080c0                HAL_DMA_Init
 .text.HAL_DMA_Start_IT
                0x08008154       0x76 ./Drivers/STM32F1xx_HAL_Driver/Src/stm32f1xx_hal_dma.o
                0x08008154                HAL_DMA_Start_IT
 .text.HAL_DMA_Abort
                0x080081ca       0x46 ./Drivers/STM32F1xx_HAL_Driver/Src/stm32f1xx_hal_dma.o
                0x080081ca                HAL_DMA_Abort
 .text.HAL_DMA_Abort_IT
                0x08008210      0x16c ./Drivers/STM32F1xx_HAL_Driver/Src/stm32f1xx_hal_dma.o
                0x08008210                HAL_DMA_Abort_IT
 .text.HAL_DMA_IRQHandler
                0x0800837c      0x2ec ./Drivers/STM32F1xx_HAL_Driver/Src/stm32f1xx_hal_dma.o
                0x0800837c                HAL_DMA_IRQHandler
 .text.HAL_GPIO_Init
                0x08008668      0x21c ./Drivers/STM32F1xx_HAL_Driver/Src/stm32f1xx_hal_gpio.o
                0x08008668                HAL_GPIO_Init
 .text.HAL_GPIO_WritePin
                0x08008884        0xc ./Drivers/STM32F1xx_HAL_Driver/Src/stm32f1xx_hal_gpio.o
                0x08008884                HAL_GPIO_WritePin
 .text.RCC_Delay
                0x08008890       0x2c ./Drivers/STM32F1xx_HAL_Driver/Src/stm32f1xx_hal_rcc.o
 .text.HAL_RCC_OscConfig
                0x080088bc      0x4f4 ./Drivers/STM32F1xx_HAL_Driver/Src/stm32f1xx_hal_rcc.o
                0x080088bc                HAL_RCC_OscConfig
 .text.HAL_RCC_GetSysClockFreq
                0x08008db0       0xbc ./Drivers/STM32F1xx_HAL_Driver/Src/stm32f1xx_hal_rcc.o
                0x08008db0                HAL_RCC_GetSysClockFreq
 .text.HAL_RCC_ClockConfig
                0x08008e6c      0x16c ./Drivers/STM32F1xx_HAL_Driver/Src/stm32f1xx_hal_rcc.o
                0x08008e6c                HAL_RCC_ClockConfig
 .text.HAL_RCC_GetHCLKFreq
                0x08008fd8        0xc ./Drivers/STM32F1xx_HAL_Driver/Src/stm32f1xx_hal_rcc.o
                0x08008fd8                HAL_RCC_GetHCLKFreq
 .text.HAL_RCC_GetPCLK1Freq
                0x08008fe4       0x20 ./Drivers/STM32F1xx_HAL_Driver/Src/stm32f1xx_hal_rcc.o
                0x08008fe4                HAL_RCC_GetPCLK1Freq
 .text.HAL_RCC_GetPCLK2Freq
                0x08009004       0x20 ./Drivers/STM32F1xx_HAL_Driver/Src/stm32f1xx_hal_rcc.o
                0x08009004                HAL_RCC_GetPCLK2Freq
 .text.HAL_RCCEx_PeriphCLKConfig
                0x08009024      0x1d4 ./Drivers/STM32F1xx_HAL_Driver/Src/stm32f1xx_hal_rcc_ex.o
                0x08009024                HAL_RCCEx_PeriphCLKConfig
 .text.UART_EndTxTransfer
                0x080091f8       0x20 ./Drivers/STM32F1xx_HAL_Driver/Src/stm32f1xx_hal_uart.o
 .text.UART_EndRxTransfer
                0x08009218       0x5c ./Drivers/STM32F1xx_HAL_Driver/Src/stm32f1xx_hal_uart.o
 .text.UART_Transmit_IT
                0x08009274       0x60 ./Drivers/STM32F1xx_HAL_Driver/Src/stm32f1xx_hal_uart.o
 .text.UART_SetConfig
                0x080092d4       0x94 ./Drivers/STM32F1xx_HAL_Driver/Src/stm32f1xx_hal_uart.o
 .text.UART_WaitOnFlagUntilTimeout
                0x08009368       0x86 ./Drivers/STM32F1xx_HAL_Driver/Src/stm32f1xx_hal_uart.o
 .text.HAL_UART_Init
                0x080093ee       0x60 ./Drivers/STM32F1xx_HAL_Driver/Src/stm32f1xx_hal_uart.o
                0x080093ee                HAL_UART_Init
 .text.HAL_LIN_Init
                0x0800944e       0x82 ./Drivers/STM32F1xx_HAL_Driver/Src/stm32f1xx_hal_uart.o
                0x0800944e                HAL_LIN_Init
 .text.HAL_UART_Transmit
                0x080094d0       0xcc ./Drivers/STM32F1xx_HAL_Driver/Src/stm32f1xx_hal_uart.o
                0x080094d0                HAL_UART_Transmit
 .text.HAL_UART_TxCpltCallback
                0x0800959c        0x2 ./Drivers/STM32F1xx_HAL_Driver/Src/stm32f1xx_hal_uart.o
                0x0800959c                HAL_UART_TxCpltCallback
 .text.UART_EndTransmit_IT
                0x0800959e       0x1a ./Drivers/STM32F1xx_HAL_Driver/Src/stm32f1xx_hal_uart.o
 .text.HAL_UART_RxCpltCallback
                0x080095b8        0x2 ./Drivers/STM32F1xx_HAL_Driver/Src/stm32f1xx_hal_uart.o
                0x080095b8                HAL_UART_RxCpltCallback
 .text.HAL_UART_RxHalfCpltCallback
                0x080095ba        0x2 ./Drivers/STM32F1xx_HAL_Driver/Src/stm32f1xx_hal_uart.o
                0x080095ba                HAL_UART_RxHalfCpltCallback
 .text.HAL_UART_ErrorCallback
                0x080095bc        0x2 ./Drivers/STM32F1xx_HAL_Driver/Src/stm32f1xx_hal_uart.o
                0x080095bc                HAL_UART_ErrorCallback
 .text.UART_DMAError
                0x080095be       0x58 ./Drivers/STM32F1xx_HAL_Driver/Src/stm32f1xx_hal_uart.o
 .text.UART_DMAAbortOnError
                0x08009616       0x10 ./Drivers/STM32F1xx_HAL_Driver/Src/stm32f1xx_hal_uart.o
 .text.HAL_UARTEx_RxEventCallback
                0x08009626        0x2 ./Drivers/STM32F1xx_HAL_Driver/Src/stm32f1xx_hal_uart.o
                0x08009626                HAL_UARTEx_RxEventCallback
 .text.UART_Receive_IT
                0x08009628       0xe6 ./Drivers/STM32F1xx_HAL_Driver/Src/stm32f1xx_hal_uart.o
 *fill*         0x0800970e        0x2 
 .text.HAL_UART_IRQHandler
                0x08009710      0x284 ./Drivers/STM32F1xx_HAL_Driver/Src/stm32f1xx_hal_uart.o
                0x08009710                HAL_UART_IRQHandler
 .text.UART_DMARxHalfCplt
                0x08009994       0x1e ./Drivers/STM32F1xx_HAL_Driver/Src/stm32f1xx_hal_uart.o
 .text.UART_DMAReceiveCplt
                0x080099b2       0x9a ./Drivers/STM32F1xx_HAL_Driver/Src/stm32f1xx_hal_uart.o
 .text.UART_Start_Receive_DMA
                0x08009a4c       0xa4 ./Drivers/STM32F1xx_HAL_Driver/Src/stm32f1xx_hal_uart.o
                0x08009a4c                UART_Start_Receive_DMA
 .text.HAL_UART_Receive_DMA
                0x08009af0       0x26 ./Drivers/STM32F1xx_HAL_Driver/Src/stm32f1xx_hal_uart.o
                0x08009af0                HAL_UART_Receive_DMA
 .text.makeFreeRtosPriority
                0x08009b16        0xc ./Middlewares/Third_Party/FreeRTOS/Source/CMSIS_RTOS/cmsis_os.o
 .text.osKernelStart
                0x08009b22        0xa ./Middlewares/Third_Party/FreeRTOS/Source/CMSIS_RTOS/cmsis_os.o
                0x08009b22                osKernelStart
 .text.osThreadCreate
                0x08009b2c       0x66 ./Middlewares/Third_Party/FreeRTOS/Source/CMSIS_RTOS/cmsis_os.o
                0x08009b2c                osThreadCreate
 .text.osDelay  0x08009b92        0xe ./Middlewares/Third_Party/FreeRTOS/Source/CMSIS_RTOS/cmsis_os.o
                0x08009b92                osDelay
 .text.vListInitialise
                0x08009ba0       0x16 ./Middlewares/Third_Party/FreeRTOS/Source/list.o
                0x08009ba0                vListInitialise
 .text.vListInitialiseItem
                0x08009bb6        0x6 ./Middlewares/Third_Party/FreeRTOS/Source/list.o
                0x08009bb6                vListInitialiseItem
 .text.vListInsertEnd
                0x08009bbc       0x16 ./Middlewares/Third_Party/FreeRTOS/Source/list.o
                0x08009bbc                vListInsertEnd
 .text.vListInsert
                0x08009bd2       0x32 ./Middlewares/Third_Party/FreeRTOS/Source/list.o
                0x08009bd2                vListInsert
 .text.uxListRemove
                0x08009c04       0x26 ./Middlewares/Third_Party/FreeRTOS/Source/list.o
                0x08009c04                uxListRemove
 .text.prvCopyDataToQueue
                0x08009c2a       0x76 ./Middlewares/Third_Party/FreeRTOS/Source/queue.o
 .text.xQueueGenericSendFromISR
                0x08009ca0       0xce ./Middlewares/Third_Party/FreeRTOS/Source/queue.o
                0x08009ca0                xQueueGenericSendFromISR
 *fill*         0x08009d6e        0x2 
 .text.prvResetNextTaskUnblockTime
                0x08009d70       0x2c ./Middlewares/Third_Party/FreeRTOS/Source/tasks.o
 .text.prvInitialiseNewTask
                0x08009d9c       0xa2 ./Middlewares/Third_Party/FreeRTOS/Source/tasks.o
 *fill*         0x08009e3e        0x2 
 .text.prvInitialiseTaskLists
                0x08009e40       0x68 ./Middlewares/Third_Party/FreeRTOS/Source/tasks.o
 .text.prvAddNewTaskToReadyList
                0x08009ea8       0xac ./Middlewares/Third_Party/FreeRTOS/Source/tasks.o
 .text.prvDeleteTCB
                0x08009f54       0x38 ./Middlewares/Third_Party/FreeRTOS/Source/tasks.o
 .text.prvCheckTasksWaitingTermination
                0x08009f8c       0x4c ./Middlewares/Third_Party/FreeRTOS/Source/tasks.o
 .text.prvIdleTask
                0x08009fd8       0x28 ./Middlewares/Third_Party/FreeRTOS/Source/tasks.o
 .text.prvAddCurrentTaskToDelayedList
                0x0800a000       0x98 ./Middlewares/Third_Party/FreeRTOS/Source/tasks.o
 .text.xTaskCreateStatic
                0x0800a098       0x76 ./Middlewares/Third_Party/FreeRTOS/Source/tasks.o
                0x0800a098                xTaskCreateStatic
 .text.xTaskCreate
                0x0800a10e       0x64 ./Middlewares/Third_Party/FreeRTOS/Source/tasks.o
                0x0800a10e                xTaskCreate
 *fill*         0x0800a172        0x2 
 .text.vTaskStartScheduler
                0x0800a174       0x74 ./Middlewares/Third_Party/FreeRTOS/Source/tasks.o
                0x0800a174                vTaskStartScheduler
 .text.vTaskSuspendAll
                0x0800a1e8       0x10 ./Middlewares/Third_Party/FreeRTOS/Source/tasks.o
                0x0800a1e8                vTaskSuspendAll
 .text.xTaskIncrementTick
                0x0800a1f8      0x12c ./Middlewares/Third_Party/FreeRTOS/Source/tasks.o
                0x0800a1f8                xTaskIncrementTick
 .text.xTaskResumeAll
                0x0800a324       0xf8 ./Middlewares/Third_Party/FreeRTOS/Source/tasks.o
                0x0800a324                xTaskResumeAll
 .text.vTaskDelay
                0x0800a41c       0x4c ./Middlewares/Third_Party/FreeRTOS/Source/tasks.o
                0x0800a41c                vTaskDelay
 .text.vTaskSwitchContext
                0x0800a468       0xb4 ./Middlewares/Third_Party/FreeRTOS/Source/tasks.o
                0x0800a468                vTaskSwitchContext
 .text.xTaskRemoveFromEventList
                0x0800a51c       0x8c ./Middlewares/Third_Party/FreeRTOS/Source/tasks.o
                0x0800a51c                xTaskRemoveFromEventList
 .text.xTaskGetSchedulerState
                0x0800a5a8       0x20 ./Middlewares/Third_Party/FreeRTOS/Source/tasks.o
                0x0800a5a8                xTaskGetSchedulerState
 .text.xTaskPriorityDisinherit
                0x0800a5c8       0xb0 ./Middlewares/Third_Party/FreeRTOS/Source/tasks.o
                0x0800a5c8                xTaskPriorityDisinherit
 .text.prvTaskExitError
                0x0800a678       0x40 ./Middlewares/Third_Party/FreeRTOS/Source/portable/GCC/ARM_CM3/port.o
 .text.prvPortStartFirstTask
                0x0800a6b8       0x20 ./Middlewares/Third_Party/FreeRTOS/Source/portable/GCC/ARM_CM3/port.o
 .text.pxPortInitialiseStack
                0x0800a6d8       0x24 ./Middlewares/Third_Party/FreeRTOS/Source/portable/GCC/ARM_CM3/port.o
                0x0800a6d8                pxPortInitialiseStack
 *fill*         0x0800a6fc        0x4 
 .text.SVC_Handler
                0x0800a700       0x24 ./Middlewares/Third_Party/FreeRTOS/Source/portable/GCC/ARM_CM3/port.o
                0x0800a700                SVC_Handler
 .text.vPortEnterCritical
                0x0800a724       0x44 ./Middlewares/Third_Party/FreeRTOS/Source/portable/GCC/ARM_CM3/port.o
                0x0800a724                vPortEnterCritical
 .text.vPortExitCritical
                0x0800a768       0x2c ./Middlewares/Third_Party/FreeRTOS/Source/portable/GCC/ARM_CM3/port.o
                0x0800a768                vPortExitCritical
 *fill*         0x0800a794        0xc 
 .text.PendSV_Handler
                0x0800a7a0       0x44 ./Middlewares/Third_Party/FreeRTOS/Source/portable/GCC/ARM_CM3/port.o
                0x0800a7a0                PendSV_Handler
 .text.xPortSysTickHandler
                0x0800a7e4       0x2c ./Middlewares/Third_Party/FreeRTOS/Source/portable/GCC/ARM_CM3/port.o
                0x0800a7e4                xPortSysTickHandler
 .text.vPortSetupTimerInterrupt
                0x0800a810       0x28 ./Middlewares/Third_Party/FreeRTOS/Source/portable/GCC/ARM_CM3/port.o
                0x0800a810                vPortSetupTimerInterrupt
 .text.xPortStartScheduler
                0x0800a838       0xc0 ./Middlewares/Third_Party/FreeRTOS/Source/portable/GCC/ARM_CM3/port.o
                0x0800a838                xPortStartScheduler
 .text.vPortValidateInterruptPriority
                0x0800a8f8       0x5c ./Middlewares/Third_Party/FreeRTOS/Source/portable/GCC/ARM_CM3/port.o
                0x0800a8f8                vPortValidateInterruptPriority
 .text.prvHeapInit
                0x0800a954       0x64 ./Middlewares/Third_Party/FreeRTOS/Source/portable/MemMang/heap_4.o
 .text.prvInsertBlockIntoFreeList
                0x0800a9b8       0x60 ./Middlewares/Third_Party/FreeRTOS/Source/portable/MemMang/heap_4.o
 .text.pvPortMalloc
                0x0800aa18      0x118 ./Middlewares/Third_Party/FreeRTOS/Source/portable/MemMang/heap_4.o
                0x0800aa18                pvPortMalloc
 .text.vPortFree
                0x0800ab30       0x7c ./Middlewares/Third_Party/FreeRTOS/Source/portable/MemMang/heap_4.o
                0x0800ab30                vPortFree
 .text.CanCcl_InitPowerOn
                0x0800abac       0x14 ./Service/Service_CanComm/Service_CanComm_ccl.o
 .text.CanCcl_vPoweronInit
                0x0800abc0        0x8 ./Service/Service_CanComm/Service_CanComm_ccl.o
                0x0800abc0                CanCcl_vPoweronInit
 .text.CanCcl_TickCntHnadler
                0x0800abc8        0x8 ./Service/Service_CanComm/Service_CanComm_ccl.o
                0x0800abc8                CanCcl_TickCntHnadler
 .text.CanIl_TxStateTask
                0x0800abd0       0x94 ./Service/Service_CanComm/Service_CanComm_il.o
 .text.CanIl_EventMsgCycTxPro
                0x0800ac64       0x7c ./Service/Service_CanComm/Service_CanComm_il.o
 .text.CanDrv_HLTxConfirm
                0x0800ace0       0x1c ./Service/Service_CanComm/Service_CanComm_il.o
 .text.CanIl_MessageTable_Init
                0x0800acfc        0x2 ./Service/Service_CanComm/Service_CanComm_il.o
                0x0800acfc                CanIl_MessageTable_Init
 *fill*         0x0800acfe        0x2 
 .text.CanIl_StateInit
                0x0800ad00        0xc ./Service/Service_CanComm/Service_CanComm_il.o
                0x0800ad00                CanIl_StateInit
 .text.CanIl_RxStart
                0x0800ad0c       0x1c ./Service/Service_CanComm/Service_CanComm_il.o
                0x0800ad0c                CanIl_RxStart
 .text.CanIl_TxStart
                0x0800ad28       0xb0 ./Service/Service_CanComm/Service_CanComm_il.o
                0x0800ad28                CanIl_TxStart
 .text.CanStartTransmission
                0x0800add8       0x32 ./Service/Service_CanComm/Service_CanComm_il.o
                0x0800add8                CanStartTransmission
 *fill*         0x0800ae0a        0x2 
 .text.CanCopyDataAndStartTransmission
                0x0800ae0c       0x84 ./Service/Service_CanComm/Service_CanComm_il.o
 .text.CanDrvTransmit
                0x0800ae90       0x24 ./Service/Service_CanComm/Service_CanComm_il.o
 .text.CanIl_SendMsg
                0x0800aeb4       0x58 ./Service/Service_CanComm/Service_CanComm_il.o
 .text.CanIl_TxTimerTask
                0x0800af0c      0x1e4 ./Service/Service_CanComm/Service_CanComm_il.o
 .text.CanIl_TxTask
                0x0800b0f0       0x10 ./Service/Service_CanComm/Service_CanComm_il.o
                0x0800b0f0                CanIl_TxTask
 .text.UserTimer_CreateDefault
                0x0800b100       0x38 ./User/UserTimer/UserTimer.o
                0x0800b100                UserTimer_CreateDefault
 .text.UserTimer_Initial
                0x0800b138       0x50 ./User/UserTimer/UserTimer.o
                0x0800b138                UserTimer_Initial
 .text.UserTimer_Handler
                0x0800b188       0x70 ./User/UserTimer/UserTimer.o
                0x0800b188                UserTimer_Handler
 .text.UserTimer_SetPeriod
                0x0800b1f8       0x18 ./User/UserTimer/UserTimer.o
                0x0800b1f8                UserTimer_SetPeriod
 .text.LedHeart_Tick_1000ms_TimeoutFunc
                0x0800b210       0x50 ./User/UserTimer/UserTimer_App.o
                0x0800b210                LedHeart_Tick_1000ms_TimeoutFunc
 .text.__cvt    0x0800b260       0xc8 D:/software/STM32CubeIDE_1.18.1/STM32CubeIDE/plugins/com.st.stm32cube.ide.mcu.externaltools.gnu-tools-for-stm32.13.3.rel1.win32_1.0.0.202411081344/tools/bin/../lib/gcc/arm-none-eabi/13.3.1/../../../../arm-none-eabi/lib/thumb/v7-m/nofp\libc_nano.a(libc_a-nano-vfprintf_float.o)
                0x0800b260                __cvt
 .text.__exponent
                0x0800b328       0x74 D:/software/STM32CubeIDE_1.18.1/STM32CubeIDE/plugins/com.st.stm32cube.ide.mcu.externaltools.gnu-tools-for-stm32.13.3.rel1.win32_1.0.0.202411081344/tools/bin/../lib/gcc/arm-none-eabi/13.3.1/../../../../arm-none-eabi/lib/thumb/v7-m/nofp\libc_nano.a(libc_a-nano-vfprintf_float.o)
                0x0800b328                __exponent
 .text._printf_float
                0x0800b39c      0x458 D:/software/STM32CubeIDE_1.18.1/STM32CubeIDE/plugins/com.st.stm32cube.ide.mcu.externaltools.gnu-tools-for-stm32.13.3.rel1.win32_1.0.0.202411081344/tools/bin/../lib/gcc/arm-none-eabi/13.3.1/../../../../arm-none-eabi/lib/thumb/v7-m/nofp\libc_nano.a(libc_a-nano-vfprintf_float.o)
                0x0800b39c                _printf_float
 .text._printf_common
                0x0800b7f4       0xe4 D:/software/STM32CubeIDE_1.18.1/STM32CubeIDE/plugins/com.st.stm32cube.ide.mcu.externaltools.gnu-tools-for-stm32.13.3.rel1.win32_1.0.0.202411081344/tools/bin/../lib/gcc/arm-none-eabi/13.3.1/../../../../arm-none-eabi/lib/thumb/v7-m/nofp\libc_nano.a(libc_a-nano-vfprintf_i.o)
                0x0800b7f4                _printf_common
 .text._printf_i
                0x0800b8d8      0x23c D:/software/STM32CubeIDE_1.18.1/STM32CubeIDE/plugins/com.st.stm32cube.ide.mcu.externaltools.gnu-tools-for-stm32.13.3.rel1.win32_1.0.0.202411081344/tools/bin/../lib/gcc/arm-none-eabi/13.3.1/../../../../arm-none-eabi/lib/thumb/v7-m/nofp\libc_nano.a(libc_a-nano-vfprintf_i.o)
                0x0800b8d8                _printf_i
 .text._scanf_float
                0x0800bb14      0x414 D:/software/STM32CubeIDE_1.18.1/STM32CubeIDE/plugins/com.st.stm32cube.ide.mcu.externaltools.gnu-tools-for-stm32.13.3.rel1.win32_1.0.0.202411081344/tools/bin/../lib/gcc/arm-none-eabi/13.3.1/../../../../arm-none-eabi/lib/thumb/v7-m/nofp\libc_nano.a(libc_a-nano-vfscanf_float.o)
                0x0800bb14                _scanf_float
 .text.std      0x0800bf28       0x6c D:/software/STM32CubeIDE_1.18.1/STM32CubeIDE/plugins/com.st.stm32cube.ide.mcu.externaltools.gnu-tools-for-stm32.13.3.rel1.win32_1.0.0.202411081344/tools/bin/../lib/gcc/arm-none-eabi/13.3.1/../../../../arm-none-eabi/lib/thumb/v7-m/nofp\libc_nano.a(libc_a-findfp.o)
 .text.stdio_exit_handler
                0x0800bf94       0x18 D:/software/STM32CubeIDE_1.18.1/STM32CubeIDE/plugins/com.st.stm32cube.ide.mcu.externaltools.gnu-tools-for-stm32.13.3.rel1.win32_1.0.0.202411081344/tools/bin/../lib/gcc/arm-none-eabi/13.3.1/../../../../arm-none-eabi/lib/thumb/v7-m/nofp\libc_nano.a(libc_a-findfp.o)
 .text.cleanup_stdio
                0x0800bfac       0x40 D:/software/STM32CubeIDE_1.18.1/STM32CubeIDE/plugins/com.st.stm32cube.ide.mcu.externaltools.gnu-tools-for-stm32.13.3.rel1.win32_1.0.0.202411081344/tools/bin/../lib/gcc/arm-none-eabi/13.3.1/../../../../arm-none-eabi/lib/thumb/v7-m/nofp\libc_nano.a(libc_a-findfp.o)
 .text.global_stdio_init.part.0
                0x0800bfec       0x3c D:/software/STM32CubeIDE_1.18.1/STM32CubeIDE/plugins/com.st.stm32cube.ide.mcu.externaltools.gnu-tools-for-stm32.13.3.rel1.win32_1.0.0.202411081344/tools/bin/../lib/gcc/arm-none-eabi/13.3.1/../../../../arm-none-eabi/lib/thumb/v7-m/nofp\libc_nano.a(libc_a-findfp.o)
 .text.__sfp_lock_acquire
                0x0800c028        0xc D:/software/STM32CubeIDE_1.18.1/STM32CubeIDE/plugins/com.st.stm32cube.ide.mcu.externaltools.gnu-tools-for-stm32.13.3.rel1.win32_1.0.0.202411081344/tools/bin/../lib/gcc/arm-none-eabi/13.3.1/../../../../arm-none-eabi/lib/thumb/v7-m/nofp\libc_nano.a(libc_a-findfp.o)
                0x0800c028                __sfp_lock_acquire
 .text.__sfp_lock_release
                0x0800c034        0xc D:/software/STM32CubeIDE_1.18.1/STM32CubeIDE/plugins/com.st.stm32cube.ide.mcu.externaltools.gnu-tools-for-stm32.13.3.rel1.win32_1.0.0.202411081344/tools/bin/../lib/gcc/arm-none-eabi/13.3.1/../../../../arm-none-eabi/lib/thumb/v7-m/nofp\libc_nano.a(libc_a-findfp.o)
                0x0800c034                __sfp_lock_release
 .text.__sinit  0x0800c040       0x30 D:/software/STM32CubeIDE_1.18.1/STM32CubeIDE/plugins/com.st.stm32cube.ide.mcu.externaltools.gnu-tools-for-stm32.13.3.rel1.win32_1.0.0.202411081344/tools/bin/../lib/gcc/arm-none-eabi/13.3.1/../../../../arm-none-eabi/lib/thumb/v7-m/nofp\libc_nano.a(libc_a-findfp.o)
                0x0800c040                __sinit
 .text._fwalk_sglue
                0x0800c070       0x3c D:/software/STM32CubeIDE_1.18.1/STM32CubeIDE/plugins/com.st.stm32cube.ide.mcu.externaltools.gnu-tools-for-stm32.13.3.rel1.win32_1.0.0.202411081344/tools/bin/../lib/gcc/arm-none-eabi/13.3.1/../../../../arm-none-eabi/lib/thumb/v7-m/nofp\libc_nano.a(libc_a-fwalk.o)
                0x0800c070                _fwalk_sglue
 .text._puts_r  0x0800c0ac       0xaa D:/software/STM32CubeIDE_1.18.1/STM32CubeIDE/plugins/com.st.stm32cube.ide.mcu.externaltools.gnu-tools-for-stm32.13.3.rel1.win32_1.0.0.202411081344/tools/bin/../lib/gcc/arm-none-eabi/13.3.1/../../../../arm-none-eabi/lib/thumb/v7-m/nofp\libc_nano.a(libc_a-puts.o)
                0x0800c0ac                _puts_r
 *fill*         0x0800c156        0x2 
 .text.puts     0x0800c158       0x10 D:/software/STM32CubeIDE_1.18.1/STM32CubeIDE/plugins/com.st.stm32cube.ide.mcu.externaltools.gnu-tools-for-stm32.13.3.rel1.win32_1.0.0.202411081344/tools/bin/../lib/gcc/arm-none-eabi/13.3.1/../../../../arm-none-eabi/lib/thumb/v7-m/nofp\libc_nano.a(libc_a-puts.o)
                0x0800c158                puts
 .text.sprintf  0x0800c168       0x44 D:/software/STM32CubeIDE_1.18.1/STM32CubeIDE/plugins/com.st.stm32cube.ide.mcu.externaltools.gnu-tools-for-stm32.13.3.rel1.win32_1.0.0.202411081344/tools/bin/../lib/gcc/arm-none-eabi/13.3.1/../../../../arm-none-eabi/lib/thumb/v7-m/nofp\libc_nano.a(libc_a-sprintf.o)
                0x0800c168                siprintf
                0x0800c168                sprintf
 .text.__sread  0x0800c1ac       0x22 D:/software/STM32CubeIDE_1.18.1/STM32CubeIDE/plugins/com.st.stm32cube.ide.mcu.externaltools.gnu-tools-for-stm32.13.3.rel1.win32_1.0.0.202411081344/tools/bin/../lib/gcc/arm-none-eabi/13.3.1/../../../../arm-none-eabi/lib/thumb/v7-m/nofp\libc_nano.a(libc_a-stdio.o)
                0x0800c1ac                __sread
 .text.__swrite
                0x0800c1ce       0x38 D:/software/STM32CubeIDE_1.18.1/STM32CubeIDE/plugins/com.st.stm32cube.ide.mcu.externaltools.gnu-tools-for-stm32.13.3.rel1.win32_1.0.0.202411081344/tools/bin/../lib/gcc/arm-none-eabi/13.3.1/../../../../arm-none-eabi/lib/thumb/v7-m/nofp\libc_nano.a(libc_a-stdio.o)
                0x0800c1ce                __swrite
 .text.__sseek  0x0800c206       0x24 D:/software/STM32CubeIDE_1.18.1/STM32CubeIDE/plugins/com.st.stm32cube.ide.mcu.externaltools.gnu-tools-for-stm32.13.3.rel1.win32_1.0.0.202411081344/tools/bin/../lib/gcc/arm-none-eabi/13.3.1/../../../../arm-none-eabi/lib/thumb/v7-m/nofp\libc_nano.a(libc_a-stdio.o)
                0x0800c206                __sseek
 .text.__sclose
                0x0800c22a        0x8 D:/software/STM32CubeIDE_1.18.1/STM32CubeIDE/plugins/com.st.stm32cube.ide.mcu.externaltools.gnu-tools-for-stm32.13.3.rel1.win32_1.0.0.202411081344/tools/bin/../lib/gcc/arm-none-eabi/13.3.1/../../../../arm-none-eabi/lib/thumb/v7-m/nofp\libc_nano.a(libc_a-stdio.o)
                0x0800c22a                __sclose
 .text.__swbuf_r
                0x0800c232       0x7c D:/software/STM32CubeIDE_1.18.1/STM32CubeIDE/plugins/com.st.stm32cube.ide.mcu.externaltools.gnu-tools-for-stm32.13.3.rel1.win32_1.0.0.202411081344/tools/bin/../lib/gcc/arm-none-eabi/13.3.1/../../../../arm-none-eabi/lib/thumb/v7-m/nofp\libc_nano.a(libc_a-wbuf.o)
                0x0800c232                __swbuf_r
 *fill*         0x0800c2ae        0x2 
 .text.__swsetup_r
                0x0800c2b0       0xac D:/software/STM32CubeIDE_1.18.1/STM32CubeIDE/plugins/com.st.stm32cube.ide.mcu.externaltools.gnu-tools-for-stm32.13.3.rel1.win32_1.0.0.202411081344/tools/bin/../lib/gcc/arm-none-eabi/13.3.1/../../../../arm-none-eabi/lib/thumb/v7-m/nofp\libc_nano.a(libc_a-wsetup.o)
                0x0800c2b0                __swsetup_r
 .text.memset   0x0800c35c       0x10 D:/software/STM32CubeIDE_1.18.1/STM32CubeIDE/plugins/com.st.stm32cube.ide.mcu.externaltools.gnu-tools-for-stm32.13.3.rel1.win32_1.0.0.202411081344/tools/bin/../lib/gcc/arm-none-eabi/13.3.1/../../../../arm-none-eabi/lib/thumb/v7-m/nofp\libc_nano.a(libc_a-memset.o)
                0x0800c35c                memset
 .text._localeconv_r
                0x0800c36c        0x8 D:/software/STM32CubeIDE_1.18.1/STM32CubeIDE/plugins/com.st.stm32cube.ide.mcu.externaltools.gnu-tools-for-stm32.13.3.rel1.win32_1.0.0.202411081344/tools/bin/../lib/gcc/arm-none-eabi/13.3.1/../../../../arm-none-eabi/lib/thumb/v7-m/nofp\libc_nano.a(libc_a-localeconv.o)
                0x0800c36c                _localeconv_r
 .text._close_r
                0x0800c374       0x20 D:/software/STM32CubeIDE_1.18.1/STM32CubeIDE/plugins/com.st.stm32cube.ide.mcu.externaltools.gnu-tools-for-stm32.13.3.rel1.win32_1.0.0.202411081344/tools/bin/../lib/gcc/arm-none-eabi/13.3.1/../../../../arm-none-eabi/lib/thumb/v7-m/nofp\libc_nano.a(libc_a-closer.o)
                0x0800c374                _close_r
 .text._lseek_r
                0x0800c394       0x24 D:/software/STM32CubeIDE_1.18.1/STM32CubeIDE/plugins/com.st.stm32cube.ide.mcu.externaltools.gnu-tools-for-stm32.13.3.rel1.win32_1.0.0.202411081344/tools/bin/../lib/gcc/arm-none-eabi/13.3.1/../../../../arm-none-eabi/lib/thumb/v7-m/nofp\libc_nano.a(libc_a-lseekr.o)
                0x0800c394                _lseek_r
 .text._read_r  0x0800c3b8       0x24 D:/software/STM32CubeIDE_1.18.1/STM32CubeIDE/plugins/com.st.stm32cube.ide.mcu.externaltools.gnu-tools-for-stm32.13.3.rel1.win32_1.0.0.202411081344/tools/bin/../lib/gcc/arm-none-eabi/13.3.1/../../../../arm-none-eabi/lib/thumb/v7-m/nofp\libc_nano.a(libc_a-readr.o)
                0x0800c3b8                _read_r
 .text._write_r
                0x0800c3dc       0x24 D:/software/STM32CubeIDE_1.18.1/STM32CubeIDE/plugins/com.st.stm32cube.ide.mcu.externaltools.gnu-tools-for-stm32.13.3.rel1.win32_1.0.0.202411081344/tools/bin/../lib/gcc/arm-none-eabi/13.3.1/../../../../arm-none-eabi/lib/thumb/v7-m/nofp\libc_nano.a(libc_a-writer.o)
                0x0800c3dc                _write_r
 .text.__errno  0x0800c400        0xc D:/software/STM32CubeIDE_1.18.1/STM32CubeIDE/plugins/com.st.stm32cube.ide.mcu.externaltools.gnu-tools-for-stm32.13.3.rel1.win32_1.0.0.202411081344/tools/bin/../lib/gcc/arm-none-eabi/13.3.1/../../../../arm-none-eabi/lib/thumb/v7-m/nofp\libc_nano.a(libc_a-errno.o)
                0x0800c400                __errno
 .text.__libc_init_array
                0x0800c40c       0x48 D:/software/STM32CubeIDE_1.18.1/STM32CubeIDE/plugins/com.st.stm32cube.ide.mcu.externaltools.gnu-tools-for-stm32.13.3.rel1.win32_1.0.0.202411081344/tools/bin/../lib/gcc/arm-none-eabi/13.3.1/../../../../arm-none-eabi/lib/thumb/v7-m/nofp\libc_nano.a(libc_a-init.o)
                0x0800c40c                __libc_init_array
 .text.__retarget_lock_init_recursive
                0x0800c454        0x2 D:/software/STM32CubeIDE_1.18.1/STM32CubeIDE/plugins/com.st.stm32cube.ide.mcu.externaltools.gnu-tools-for-stm32.13.3.rel1.win32_1.0.0.202411081344/tools/bin/../lib/gcc/arm-none-eabi/13.3.1/../../../../arm-none-eabi/lib/thumb/v7-m/nofp\libc_nano.a(libc_a-lock.o)
                0x0800c454                __retarget_lock_init_recursive
 .text.__retarget_lock_acquire_recursive
                0x0800c456        0x2 D:/software/STM32CubeIDE_1.18.1/STM32CubeIDE/plugins/com.st.stm32cube.ide.mcu.externaltools.gnu-tools-for-stm32.13.3.rel1.win32_1.0.0.202411081344/tools/bin/../lib/gcc/arm-none-eabi/13.3.1/../../../../arm-none-eabi/lib/thumb/v7-m/nofp\libc_nano.a(libc_a-lock.o)
                0x0800c456                __retarget_lock_acquire_recursive
 .text.__retarget_lock_release_recursive
                0x0800c458        0x2 D:/software/STM32CubeIDE_1.18.1/STM32CubeIDE/plugins/com.st.stm32cube.ide.mcu.externaltools.gnu-tools-for-stm32.13.3.rel1.win32_1.0.0.202411081344/tools/bin/../lib/gcc/arm-none-eabi/13.3.1/../../../../arm-none-eabi/lib/thumb/v7-m/nofp\libc_nano.a(libc_a-lock.o)
                0x0800c458                __retarget_lock_release_recursive
 .text.memchr   0x0800c45a       0x1c D:/software/STM32CubeIDE_1.18.1/STM32CubeIDE/plugins/com.st.stm32cube.ide.mcu.externaltools.gnu-tools-for-stm32.13.3.rel1.win32_1.0.0.202411081344/tools/bin/../lib/gcc/arm-none-eabi/13.3.1/../../../../arm-none-eabi/lib/thumb/v7-m/nofp\libc_nano.a(libc_a-memchr-stub.o)
                0x0800c45a                memchr
 .text.memcpy   0x0800c476       0x1c D:/software/STM32CubeIDE_1.18.1/STM32CubeIDE/plugins/com.st.stm32cube.ide.mcu.externaltools.gnu-tools-for-stm32.13.3.rel1.win32_1.0.0.202411081344/tools/bin/../lib/gcc/arm-none-eabi/13.3.1/../../../../arm-none-eabi/lib/thumb/v7-m/nofp\libc_nano.a(libc_a-memcpy-stub.o)
                0x0800c476                memcpy
 *fill*         0x0800c492        0x2 
 .text.nanf     0x0800c494        0x8 D:/software/STM32CubeIDE_1.18.1/STM32CubeIDE/plugins/com.st.stm32cube.ide.mcu.externaltools.gnu-tools-for-stm32.13.3.rel1.win32_1.0.0.202411081344/tools/bin/../lib/gcc/arm-none-eabi/13.3.1/../../../../arm-none-eabi/lib/thumb/v7-m/nofp\libc_nano.a(libm_a-sf_nan.o)
                0x0800c494                nanf
 .text.quorem   0x0800c49c      0x110 D:/software/STM32CubeIDE_1.18.1/STM32CubeIDE/plugins/com.st.stm32cube.ide.mcu.externaltools.gnu-tools-for-stm32.13.3.rel1.win32_1.0.0.202411081344/tools/bin/../lib/gcc/arm-none-eabi/13.3.1/../../../../arm-none-eabi/lib/thumb/v7-m/nofp\libc_nano.a(libc_a-dtoa.o)
 *fill*         0x0800c5ac        0x4 
 .text._dtoa_r  0x0800c5b0      0xba8 D:/software/STM32CubeIDE_1.18.1/STM32CubeIDE/plugins/com.st.stm32cube.ide.mcu.externaltools.gnu-tools-for-stm32.13.3.rel1.win32_1.0.0.202411081344/tools/bin/../lib/gcc/arm-none-eabi/13.3.1/../../../../arm-none-eabi/lib/thumb/v7-m/nofp\libc_nano.a(libc_a-dtoa.o)
                0x0800c5b0                _dtoa_r
 .text._free_r  0x0800d158       0x90 D:/software/STM32CubeIDE_1.18.1/STM32CubeIDE/plugins/com.st.stm32cube.ide.mcu.externaltools.gnu-tools-for-stm32.13.3.rel1.win32_1.0.0.202411081344/tools/bin/../lib/gcc/arm-none-eabi/13.3.1/../../../../arm-none-eabi/lib/thumb/v7-m/nofp\libc_nano.a(libc_a-freer.o)
                0x0800d158                _free_r
 .text.malloc   0x0800d1e8       0x10 D:/software/STM32CubeIDE_1.18.1/STM32CubeIDE/plugins/com.st.stm32cube.ide.mcu.externaltools.gnu-tools-for-stm32.13.3.rel1.win32_1.0.0.202411081344/tools/bin/../lib/gcc/arm-none-eabi/13.3.1/../../../../arm-none-eabi/lib/thumb/v7-m/nofp\libc_nano.a(libc_a-malloc.o)
                0x0800d1e8                malloc
 .text.sbrk_aligned
                0x0800d1f8       0x44 D:/software/STM32CubeIDE_1.18.1/STM32CubeIDE/plugins/com.st.stm32cube.ide.mcu.externaltools.gnu-tools-for-stm32.13.3.rel1.win32_1.0.0.202411081344/tools/bin/../lib/gcc/arm-none-eabi/13.3.1/../../../../arm-none-eabi/lib/thumb/v7-m/nofp\libc_nano.a(libc_a-mallocr.o)
 .text._malloc_r
                0x0800d23c      0x100 D:/software/STM32CubeIDE_1.18.1/STM32CubeIDE/plugins/com.st.stm32cube.ide.mcu.externaltools.gnu-tools-for-stm32.13.3.rel1.win32_1.0.0.202411081344/tools/bin/../lib/gcc/arm-none-eabi/13.3.1/../../../../arm-none-eabi/lib/thumb/v7-m/nofp\libc_nano.a(libc_a-mallocr.o)
                0x0800d23c                _malloc_r
 .text.__malloc_lock
                0x0800d33c        0xc D:/software/STM32CubeIDE_1.18.1/STM32CubeIDE/plugins/com.st.stm32cube.ide.mcu.externaltools.gnu-tools-for-stm32.13.3.rel1.win32_1.0.0.202411081344/tools/bin/../lib/gcc/arm-none-eabi/13.3.1/../../../../arm-none-eabi/lib/thumb/v7-m/nofp\libc_nano.a(libc_a-mlock.o)
                0x0800d33c                __malloc_lock
 .text.__malloc_unlock
                0x0800d348        0xc D:/software/STM32CubeIDE_1.18.1/STM32CubeIDE/plugins/com.st.stm32cube.ide.mcu.externaltools.gnu-tools-for-stm32.13.3.rel1.win32_1.0.0.202411081344/tools/bin/../lib/gcc/arm-none-eabi/13.3.1/../../../../arm-none-eabi/lib/thumb/v7-m/nofp\libc_nano.a(libc_a-mlock.o)
                0x0800d348                __malloc_unlock
 .text._Balloc  0x0800d354       0x80 D:/software/STM32CubeIDE_1.18.1/STM32CubeIDE/plugins/com.st.stm32cube.ide.mcu.externaltools.gnu-tools-for-stm32.13.3.rel1.win32_1.0.0.202411081344/tools/bin/../lib/gcc/arm-none-eabi/13.3.1/../../../../arm-none-eabi/lib/thumb/v7-m/nofp\libc_nano.a(libc_a-mprec.o)
                0x0800d354                _Balloc
 .text._Bfree   0x0800d3d4       0x44 D:/software/STM32CubeIDE_1.18.1/STM32CubeIDE/plugins/com.st.stm32cube.ide.mcu.externaltools.gnu-tools-for-stm32.13.3.rel1.win32_1.0.0.202411081344/tools/bin/../lib/gcc/arm-none-eabi/13.3.1/../../../../arm-none-eabi/lib/thumb/v7-m/nofp\libc_nano.a(libc_a-mprec.o)
                0x0800d3d4                _Bfree
 .text.__multadd
                0x0800d418       0x8c D:/software/STM32CubeIDE_1.18.1/STM32CubeIDE/plugins/com.st.stm32cube.ide.mcu.externaltools.gnu-tools-for-stm32.13.3.rel1.win32_1.0.0.202411081344/tools/bin/../lib/gcc/arm-none-eabi/13.3.1/../../../../arm-none-eabi/lib/thumb/v7-m/nofp\libc_nano.a(libc_a-mprec.o)
                0x0800d418                __multadd
 .text.__s2b    0x0800d4a4       0x94 D:/software/STM32CubeIDE_1.18.1/STM32CubeIDE/plugins/com.st.stm32cube.ide.mcu.externaltools.gnu-tools-for-stm32.13.3.rel1.win32_1.0.0.202411081344/tools/bin/../lib/gcc/arm-none-eabi/13.3.1/../../../../arm-none-eabi/lib/thumb/v7-m/nofp\libc_nano.a(libc_a-mprec.o)
                0x0800d4a4                __s2b
 .text.__hi0bits
                0x0800d538       0x3e D:/software/STM32CubeIDE_1.18.1/STM32CubeIDE/plugins/com.st.stm32cube.ide.mcu.externaltools.gnu-tools-for-stm32.13.3.rel1.win32_1.0.0.202411081344/tools/bin/../lib/gcc/arm-none-eabi/13.3.1/../../../../arm-none-eabi/lib/thumb/v7-m/nofp\libc_nano.a(libc_a-mprec.o)
                0x0800d538                __hi0bits
 .text.__lo0bits
                0x0800d576       0x5a D:/software/STM32CubeIDE_1.18.1/STM32CubeIDE/plugins/com.st.stm32cube.ide.mcu.externaltools.gnu-tools-for-stm32.13.3.rel1.win32_1.0.0.202411081344/tools/bin/../lib/gcc/arm-none-eabi/13.3.1/../../../../arm-none-eabi/lib/thumb/v7-m/nofp\libc_nano.a(libc_a-mprec.o)
                0x0800d576                __lo0bits
 .text.__i2b    0x0800d5d0       0x2c D:/software/STM32CubeIDE_1.18.1/STM32CubeIDE/plugins/com.st.stm32cube.ide.mcu.externaltools.gnu-tools-for-stm32.13.3.rel1.win32_1.0.0.202411081344/tools/bin/../lib/gcc/arm-none-eabi/13.3.1/../../../../arm-none-eabi/lib/thumb/v7-m/nofp\libc_nano.a(libc_a-mprec.o)
                0x0800d5d0                __i2b
 .text.__multiply
                0x0800d5fc      0x144 D:/software/STM32CubeIDE_1.18.1/STM32CubeIDE/plugins/com.st.stm32cube.ide.mcu.externaltools.gnu-tools-for-stm32.13.3.rel1.win32_1.0.0.202411081344/tools/bin/../lib/gcc/arm-none-eabi/13.3.1/../../../../arm-none-eabi/lib/thumb/v7-m/nofp\libc_nano.a(libc_a-mprec.o)
                0x0800d5fc                __multiply
 .text.__pow5mult
                0x0800d740       0xb4 D:/software/STM32CubeIDE_1.18.1/STM32CubeIDE/plugins/com.st.stm32cube.ide.mcu.externaltools.gnu-tools-for-stm32.13.3.rel1.win32_1.0.0.202411081344/tools/bin/../lib/gcc/arm-none-eabi/13.3.1/../../../../arm-none-eabi/lib/thumb/v7-m/nofp\libc_nano.a(libc_a-mprec.o)
                0x0800d740                __pow5mult
 .text.__lshift
                0x0800d7f4       0xd8 D:/software/STM32CubeIDE_1.18.1/STM32CubeIDE/plugins/com.st.stm32cube.ide.mcu.externaltools.gnu-tools-for-stm32.13.3.rel1.win32_1.0.0.202411081344/tools/bin/../lib/gcc/arm-none-eabi/13.3.1/../../../../arm-none-eabi/lib/thumb/v7-m/nofp\libc_nano.a(libc_a-mprec.o)
                0x0800d7f4                __lshift
 .text.__mcmp   0x0800d8cc       0x36 D:/software/STM32CubeIDE_1.18.1/STM32CubeIDE/plugins/com.st.stm32cube.ide.mcu.externaltools.gnu-tools-for-stm32.13.3.rel1.win32_1.0.0.202411081344/tools/bin/../lib/gcc/arm-none-eabi/13.3.1/../../../../arm-none-eabi/lib/thumb/v7-m/nofp\libc_nano.a(libc_a-mprec.o)
                0x0800d8cc                __mcmp
 *fill*         0x0800d902        0x2 
 .text.__mdiff  0x0800d904      0x128 D:/software/STM32CubeIDE_1.18.1/STM32CubeIDE/plugins/com.st.stm32cube.ide.mcu.externaltools.gnu-tools-for-stm32.13.3.rel1.win32_1.0.0.202411081344/tools/bin/../lib/gcc/arm-none-eabi/13.3.1/../../../../arm-none-eabi/lib/thumb/v7-m/nofp\libc_nano.a(libc_a-mprec.o)
                0x0800d904                __mdiff
 .text.__ulp    0x0800da2c       0x40 D:/software/STM32CubeIDE_1.18.1/STM32CubeIDE/plugins/com.st.stm32cube.ide.mcu.externaltools.gnu-tools-for-stm32.13.3.rel1.win32_1.0.0.202411081344/tools/bin/../lib/gcc/arm-none-eabi/13.3.1/../../../../arm-none-eabi/lib/thumb/v7-m/nofp\libc_nano.a(libc_a-mprec.o)
                0x0800da2c                __ulp
 .text.__b2d    0x0800da6c       0x90 D:/software/STM32CubeIDE_1.18.1/STM32CubeIDE/plugins/com.st.stm32cube.ide.mcu.externaltools.gnu-tools-for-stm32.13.3.rel1.win32_1.0.0.202411081344/tools/bin/../lib/gcc/arm-none-eabi/13.3.1/../../../../arm-none-eabi/lib/thumb/v7-m/nofp\libc_nano.a(libc_a-mprec.o)
                0x0800da6c                __b2d
 .text.__d2b    0x0800dafc       0xb0 D:/software/STM32CubeIDE_1.18.1/STM32CubeIDE/plugins/com.st.stm32cube.ide.mcu.externaltools.gnu-tools-for-stm32.13.3.rel1.win32_1.0.0.202411081344/tools/bin/../lib/gcc/arm-none-eabi/13.3.1/../../../../arm-none-eabi/lib/thumb/v7-m/nofp\libc_nano.a(libc_a-mprec.o)
                0x0800dafc                __d2b
 .text.__ratio  0x0800dbac       0x60 D:/software/STM32CubeIDE_1.18.1/STM32CubeIDE/plugins/com.st.stm32cube.ide.mcu.externaltools.gnu-tools-for-stm32.13.3.rel1.win32_1.0.0.202411081344/tools/bin/../lib/gcc/arm-none-eabi/13.3.1/../../../../arm-none-eabi/lib/thumb/v7-m/nofp\libc_nano.a(libc_a-mprec.o)
                0x0800dbac                __ratio
 .text.__copybits
                0x0800dc0c       0x46 D:/software/STM32CubeIDE_1.18.1/STM32CubeIDE/plugins/com.st.stm32cube.ide.mcu.externaltools.gnu-tools-for-stm32.13.3.rel1.win32_1.0.0.202411081344/tools/bin/../lib/gcc/arm-none-eabi/13.3.1/../../../../arm-none-eabi/lib/thumb/v7-m/nofp\libc_nano.a(libc_a-mprec.o)
                0x0800dc0c                __copybits
 .text.__any_on
                0x0800dc52       0x42 D:/software/STM32CubeIDE_1.18.1/STM32CubeIDE/plugins/com.st.stm32cube.ide.mcu.externaltools.gnu-tools-for-stm32.13.3.rel1.win32_1.0.0.202411081344/tools/bin/../lib/gcc/arm-none-eabi/13.3.1/../../../../arm-none-eabi/lib/thumb/v7-m/nofp\libc_nano.a(libc_a-mprec.o)
                0x0800dc52                __any_on
 .text.sulp     0x0800dc94       0x42 D:/software/STM32CubeIDE_1.18.1/STM32CubeIDE/plugins/com.st.stm32cube.ide.mcu.externaltools.gnu-tools-for-stm32.13.3.rel1.win32_1.0.0.202411081344/tools/bin/../lib/gcc/arm-none-eabi/13.3.1/../../../../arm-none-eabi/lib/thumb/v7-m/nofp\libc_nano.a(libc_a-strtod.o)
 *fill*         0x0800dcd6        0x2 
 .text._strtod_l
                0x0800dcd8      0xbb0 D:/software/STM32CubeIDE_1.18.1/STM32CubeIDE/plugins/com.st.stm32cube.ide.mcu.externaltools.gnu-tools-for-stm32.13.3.rel1.win32_1.0.0.202411081344/tools/bin/../lib/gcc/arm-none-eabi/13.3.1/../../../../arm-none-eabi/lib/thumb/v7-m/nofp\libc_nano.a(libc_a-strtod.o)
                0x0800dcd8                _strtod_l
 .text._strtod_r
                0x0800e888        0xc D:/software/STM32CubeIDE_1.18.1/STM32CubeIDE/plugins/com.st.stm32cube.ide.mcu.externaltools.gnu-tools-for-stm32.13.3.rel1.win32_1.0.0.202411081344/tools/bin/../lib/gcc/arm-none-eabi/13.3.1/../../../../arm-none-eabi/lib/thumb/v7-m/nofp\libc_nano.a(libc_a-strtod.o)
                0x0800e888                _strtod_r
 .text._strtol_l.isra.0
                0x0800e894       0xf4 D:/software/STM32CubeIDE_1.18.1/STM32CubeIDE/plugins/com.st.stm32cube.ide.mcu.externaltools.gnu-tools-for-stm32.13.3.rel1.win32_1.0.0.202411081344/tools/bin/../lib/gcc/arm-none-eabi/13.3.1/../../../../arm-none-eabi/lib/thumb/v7-m/nofp\libc_nano.a(libc_a-strtol.o)
 .text._strtol_r
                0x0800e988        0x4 D:/software/STM32CubeIDE_1.18.1/STM32CubeIDE/plugins/com.st.stm32cube.ide.mcu.externaltools.gnu-tools-for-stm32.13.3.rel1.win32_1.0.0.202411081344/tools/bin/../lib/gcc/arm-none-eabi/13.3.1/../../../../arm-none-eabi/lib/thumb/v7-m/nofp\libc_nano.a(libc_a-strtol.o)
                0x0800e988                _strtol_r
 .text.__ssputs_r
                0x0800e98c       0xb6 D:/software/STM32CubeIDE_1.18.1/STM32CubeIDE/plugins/com.st.stm32cube.ide.mcu.externaltools.gnu-tools-for-stm32.13.3.rel1.win32_1.0.0.202411081344/tools/bin/../lib/gcc/arm-none-eabi/13.3.1/../../../../arm-none-eabi/lib/thumb/v7-m/nofp\libc_nano.a(libc_a-nano-svfprintf.o)
                0x0800e98c                __ssputs_r
 *fill*         0x0800ea42        0x2 
 .text._svfprintf_r
                0x0800ea44      0x1f8 D:/software/STM32CubeIDE_1.18.1/STM32CubeIDE/plugins/com.st.stm32cube.ide.mcu.externaltools.gnu-tools-for-stm32.13.3.rel1.win32_1.0.0.202411081344/tools/bin/../lib/gcc/arm-none-eabi/13.3.1/../../../../arm-none-eabi/lib/thumb/v7-m/nofp\libc_nano.a(libc_a-nano-svfprintf.o)
                0x0800ea44                _svfiprintf_r
                0x0800ea44                _svfprintf_r
 .text.__sfputc_r
                0x0800ec3c       0x2a D:/software/STM32CubeIDE_1.18.1/STM32CubeIDE/plugins/com.st.stm32cube.ide.mcu.externaltools.gnu-tools-for-stm32.13.3.rel1.win32_1.0.0.202411081344/tools/bin/../lib/gcc/arm-none-eabi/13.3.1/../../../../arm-none-eabi/lib/thumb/v7-m/nofp\libc_nano.a(libc_a-nano-vfprintf.o)
 .text.__sfputs_r
                0x0800ec66       0x24 D:/software/STM32CubeIDE_1.18.1/STM32CubeIDE/plugins/com.st.stm32cube.ide.mcu.externaltools.gnu-tools-for-stm32.13.3.rel1.win32_1.0.0.202411081344/tools/bin/../lib/gcc/arm-none-eabi/13.3.1/../../../../arm-none-eabi/lib/thumb/v7-m/nofp\libc_nano.a(libc_a-nano-vfprintf.o)
                0x0800ec66                __sfputs_r
 *fill*         0x0800ec8a        0x2 
 .text._vfprintf_r
                0x0800ec8c      0x230 D:/software/STM32CubeIDE_1.18.1/STM32CubeIDE/plugins/com.st.stm32cube.ide.mcu.externaltools.gnu-tools-for-stm32.13.3.rel1.win32_1.0.0.202411081344/tools/bin/../lib/gcc/arm-none-eabi/13.3.1/../../../../arm-none-eabi/lib/thumb/v7-m/nofp\libc_nano.a(libc_a-nano-vfprintf.o)
                0x0800ec8c                _vfprintf_r
                0x0800ec8c                _vfiprintf_r
 .text.__sflush_r
                0x0800eebc      0x100 D:/software/STM32CubeIDE_1.18.1/STM32CubeIDE/plugins/com.st.stm32cube.ide.mcu.externaltools.gnu-tools-for-stm32.13.3.rel1.win32_1.0.0.202411081344/tools/bin/../lib/gcc/arm-none-eabi/13.3.1/../../../../arm-none-eabi/lib/thumb/v7-m/nofp\libc_nano.a(libc_a-fflush.o)
                0x0800eebc                __sflush_r
 .text._fflush_r
                0x0800efbc       0x50 D:/software/STM32CubeIDE_1.18.1/STM32CubeIDE/plugins/com.st.stm32cube.ide.mcu.externaltools.gnu-tools-for-stm32.13.3.rel1.win32_1.0.0.202411081344/tools/bin/../lib/gcc/arm-none-eabi/13.3.1/../../../../arm-none-eabi/lib/thumb/v7-m/nofp\libc_nano.a(libc_a-fflush.o)
                0x0800efbc                _fflush_r
 .text.__swhatbuf_r
                0x0800f00c       0x4a D:/software/STM32CubeIDE_1.18.1/STM32CubeIDE/plugins/com.st.stm32cube.ide.mcu.externaltools.gnu-tools-for-stm32.13.3.rel1.win32_1.0.0.202411081344/tools/bin/../lib/gcc/arm-none-eabi/13.3.1/../../../../arm-none-eabi/lib/thumb/v7-m/nofp\libc_nano.a(libc_a-makebuf.o)
                0x0800f00c                __swhatbuf_r
 .text.__smakebuf_r